Archive member included to satisfy reference by file (symbol)

/home/diego/intelFPGA_lite/20.1/nios2eds/bin/gnu/H-x86_64-pc-linux-gnu/bin/../lib/gcc/nios2-elf/9.2.1/mno-hw-mul/libgcc.a(addsf3.o)
                              obj/default/hello_world.o (__addsf3)
/home/diego/intelFPGA_lite/20.1/nios2eds/bin/gnu/H-x86_64-pc-linux-gnu/bin/../lib/gcc/nios2-elf/9.2.1/mno-hw-mul/libgcc.a(mulsf3.o)
                              obj/default/hello_world.o (__mulsf3)
/home/diego/intelFPGA_lite/20.1/nios2eds/bin/gnu/H-x86_64-pc-linux-gnu/bin/../lib/gcc/nios2-elf/9.2.1/mno-hw-mul/libgcc.a(fixsfsi.o)
                              obj/default/hello_world.o (__fixsfsi)
/home/diego/intelFPGA_lite/20.1/nios2eds/bin/gnu/H-x86_64-pc-linux-gnu/bin/../lib/gcc/nios2-elf/9.2.1/mno-hw-mul/libgcc.a(_clzsi2.o)
                              /home/diego/intelFPGA_lite/20.1/nios2eds/bin/gnu/H-x86_64-pc-linux-gnu/bin/../lib/gcc/nios2-elf/9.2.1/mno-hw-mul/libgcc.a(addsf3.o) (__clzsi2)
/home/diego/intelFPGA_lite/20.1/nios2eds/bin/gnu/H-x86_64-pc-linux-gnu/bin/../lib/gcc/nios2-elf/9.2.1/mno-hw-mul/libgcc.a(lib2-mul.o)
                              /home/diego/intelFPGA_lite/20.1/nios2eds/bin/gnu/H-x86_64-pc-linux-gnu/bin/../lib/gcc/nios2-elf/9.2.1/mno-hw-mul/libgcc.a(mulsf3.o) (__mulsi3)
/home/diego/intelFPGA_lite/20.1/nios2eds/bin/gnu/H-x86_64-pc-linux-gnu/bin/../lib/gcc/nios2-elf/9.2.1/mno-hw-mul/libgcc.a(_clz.o)
                              /home/diego/intelFPGA_lite/20.1/nios2eds/bin/gnu/H-x86_64-pc-linux-gnu/bin/../lib/gcc/nios2-elf/9.2.1/mno-hw-mul/libgcc.a(_clzsi2.o) (__clz_tab)
/home/diego/intelFPGA_lite/20.1/nios2eds/bin/gnu/H-x86_64-pc-linux-gnu/bin/../lib/gcc/nios2-elf/9.2.1/../../../../../H-x86_64-pc-linux-gnu/nios2-elf/lib/mno-hw-mul/libsmallc.a(lib_a-printf.o)
                              obj/default/hello_world.o (printf)
/home/diego/intelFPGA_lite/20.1/nios2eds/bin/gnu/H-x86_64-pc-linux-gnu/bin/../lib/gcc/nios2-elf/9.2.1/../../../../../H-x86_64-pc-linux-gnu/nios2-elf/lib/mno-hw-mul/libsmallc.a(lib_a-puts.o)
                              obj/default/hello_world.o (puts)
/home/diego/intelFPGA_lite/20.1/nios2eds/bin/gnu/H-x86_64-pc-linux-gnu/bin/../lib/gcc/nios2-elf/9.2.1/../../../../../H-x86_64-pc-linux-gnu/nios2-elf/lib/mno-hw-mul/libsmallc.a(lib_a-strlen.o)
                              /home/diego/intelFPGA_lite/20.1/nios2eds/bin/gnu/H-x86_64-pc-linux-gnu/bin/../lib/gcc/nios2-elf/9.2.1/../../../../../H-x86_64-pc-linux-gnu/nios2-elf/lib/mno-hw-mul/libsmallc.a(lib_a-puts.o) (strlen)
/home/diego/intelFPGA_lite/20.1/nios2eds/bin/gnu/H-x86_64-pc-linux-gnu/bin/../lib/gcc/nios2-elf/9.2.1/../../../../../H-x86_64-pc-linux-gnu/nios2-elf/lib/mno-hw-mul/libsmallc.a(lib_a-vfprintf.o)
                              /home/diego/intelFPGA_lite/20.1/nios2eds/bin/gnu/H-x86_64-pc-linux-gnu/bin/../lib/gcc/nios2-elf/9.2.1/../../../../../H-x86_64-pc-linux-gnu/nios2-elf/lib/mno-hw-mul/libsmallc.a(lib_a-printf.o) (___vfprintf_internal_r)
/home/diego/intelFPGA_lite/20.1/nios2eds/bin/gnu/H-x86_64-pc-linux-gnu/bin/../lib/gcc/nios2-elf/9.2.1/../../../../../H-x86_64-pc-linux-gnu/nios2-elf/lib/mno-hw-mul/libsmallc.a(lib_a-fvwrite_small_dev.o)
                              /home/diego/intelFPGA_lite/20.1/nios2eds/bin/gnu/H-x86_64-pc-linux-gnu/bin/../lib/gcc/nios2-elf/9.2.1/../../../../../H-x86_64-pc-linux-gnu/nios2-elf/lib/mno-hw-mul/libsmallc.a(lib_a-printf.o) (__sfvwrite_small_dev)
/home/diego/intelFPGA_lite/20.1/nios2eds/bin/gnu/H-x86_64-pc-linux-gnu/bin/../lib/gcc/nios2-elf/9.2.1/../../../../../H-x86_64-pc-linux-gnu/nios2-elf/lib/mno-hw-mul/libsmallc.a(lib_a-impure.o)
                              /home/diego/intelFPGA_lite/20.1/nios2eds/bin/gnu/H-x86_64-pc-linux-gnu/bin/../lib/gcc/nios2-elf/9.2.1/../../../../../H-x86_64-pc-linux-gnu/nios2-elf/lib/mno-hw-mul/libsmallc.a(lib_a-printf.o) (_impure_ptr)
/home/diego/intelFPGA_lite/20.1/nios2eds/bin/gnu/H-x86_64-pc-linux-gnu/bin/../lib/gcc/nios2-elf/9.2.1/../../../../../H-x86_64-pc-linux-gnu/nios2-elf/lib/mno-hw-mul/libsmallc.a(lib_a-writer.o)
                              /home/diego/intelFPGA_lite/20.1/nios2eds/bin/gnu/H-x86_64-pc-linux-gnu/bin/../lib/gcc/nios2-elf/9.2.1/../../../../../H-x86_64-pc-linux-gnu/nios2-elf/lib/mno-hw-mul/libsmallc.a(lib_a-fvwrite_small_dev.o) (_write_r)
/home/diego/intelFPGA_lite/20.1/nios2eds/bin/gnu/H-x86_64-pc-linux-gnu/bin/../lib/gcc/nios2-elf/9.2.1/../../../../../H-x86_64-pc-linux-gnu/nios2-elf/lib/mno-hw-mul/libsmallc.a(lib_a-int_errno.o)
                              /home/diego/intelFPGA_lite/20.1/nios2eds/bin/gnu/H-x86_64-pc-linux-gnu/bin/../lib/gcc/nios2-elf/9.2.1/../../../../../H-x86_64-pc-linux-gnu/nios2-elf/lib/mno-hw-mul/libsmallc.a(lib_a-writer.o) (errno)
/home/diego/intelFPGA_lite/20.1/nios2eds/bin/gnu/H-x86_64-pc-linux-gnu/bin/../lib/gcc/nios2-elf/9.2.1/mno-hw-mul/libgcc.a(lib2-divmod.o)
[...]
Memory Configuration

Name             Origin             Length             Attributes
reset            0x0000000000008000 0x0000000000000020
onchip_mem       0x0000000000008020 0x0000000000004fe0
*default*        0x0000000000000000 0xffffffffffffffff

Linker script and memory map

LOAD ../hello_world_bsp//obj/HAL/src/crt0.o
LOAD obj/default/hello_world.o
LOAD /home/diego/intelFPGA_lite/20.1/nios2eds/bin/gnu/H-x86_64-pc-linux-gnu/bin/../lib/gcc/nios2-elf/9.2.1/../../../../../H-x86_64-pc-linux-gnu/nios2-elf/lib/mno-hw-mul/libstdc++.a
LOAD /home/diego/intelFPGA_lite/20.1/nios2eds/bin/gnu/H-x86_64-pc-linux-gnu/bin/../lib/gcc/nios2-elf/9.2.1/../../../../../H-x86_64-pc-linux-gnu/nios2-elf/lib/mno-hw-mul/libm.a
LOAD /home/diego/intelFPGA_lite/20.1/nios2eds/bin/gnu/H-x86_64-pc-linux-gnu/bin/../lib/gcc/nios2-elf/9.2.1/mno-hw-mul/libgcc.a
START GROUP
LOAD /home/diego/intelFPGA_lite/20.1/nios2eds/bin/gnu/H-x86_64-pc-linux-gnu/bin/../lib/gcc/nios2-elf/9.2.1/../../../../../H-x86_64-pc-linux-gnu/nios2-elf/lib/mno-hw-mul/libsmallc.a
LOAD /home/diego/intelFPGA_lite/20.1/nios2eds/bin/gnu/H-x86_64-pc-linux-gnu/bin/../lib/gcc/nios2-elf/9.2.1/mno-hw-mul/libgcc.a
LOAD ../hello_world_bsp//libhal_bsp.a
LOAD /home/diego/intelFPGA_lite/20.1/nios2eds/bin/gnu/H-x86_64-pc-linux-gnu/bin/../lib/gcc/nios2-elf/9.2.1/../../../../../H-x86_64-pc-linux-gnu/nios2-elf/lib/mno-hw-mul/libm.a
END GROUP
LOAD /home/diego/intelFPGA_lite/20.1/nios2eds/bin/gnu/H-x86_64-pc-linux-gnu/bin/../lib/gcc/nios2-elf/9.2.1/mno-hw-mul/libgcc.a
                0x0000000000008000                __alt_mem_onchip_mem = 0x8000

.entry          0x0000000000008000       0x20
 *(.entry)
 .entry         0x0000000000008000       0x20 ../hello_world_bsp//obj/HAL/src/crt0.o
                0x0000000000008000                __reset

.exceptions     0x0000000000008020      0x218
                0x0000000000008020                PROVIDE (__ram_exceptions_start = ABSOLUTE (.))
                0x0000000000008020                . = ALIGN (0x20)
 *(.irq)
 *(.exceptions.entry.label)
 .exceptions.entry.label
                0x0000000000008020        0x0 ../hello_world_bsp//libhal_bsp.a(alt_irq_entry.o)
                0x0000000000008020                alt_irq_entry
 .exceptions.entry.label
                0x0000000000008020        0x0 ../hello_world_bsp//libhal_bsp.a(alt_exception_entry.o)
                0x0000000000008020                alt_exception
 *(.exceptions.entry.user)
 *(.exceptions.entry.ecc_fatal)
 *(.exceptions.entry)
 .exceptions.entry
                0x0000000000008020       0x54 ../hello_world_bsp//libhal_bsp.a(alt_exception_entry.o)
 *(.exceptions.irqtest.user)
 *(.exceptions.irqtest)
 .exceptions.irqtest
                0x0000000000008074       0x10 ../hello_world_bsp//libhal_bsp.a(alt_irq_entry.o)
 *(.exceptions.irqhandler.user)
 *(.exceptions.irqhandler)
 .exceptions.irqhandler
                0x0000000000008084        0x4 ../hello_world_bsp//libhal_bsp.a(alt_irq_entry.o)
 *(.exceptions.irqreturn.user)
 *(.exceptions.irqreturn)
 .exceptions.irqreturn
                0x0000000000008088        0x4 ../hello_world_bsp//libhal_bsp.a(alt_irq_entry.o)
 *(.exceptions.notirq.label)
 .exceptions.notirq.label
                0x000000000000808c        0x0 ../hello_world_bsp//libhal_bsp.a(alt_irq_entry.o)
 *(.exceptions.notirq.user)
 *(.exceptions.notirq)
 .exceptions.notirq
                0x000000000000808c        0x8 ../hello_world_bsp//libhal_bsp.a(alt_exception_entry.o)
 *(.exceptions.soft.user)
 *(.exceptions.soft)
 *(.exceptions.unknown.user)
 *(.exceptions.unknown)
 .exceptions.unknown
                0x0000000000008094       0x14 ../hello_world_bsp//libhal_bsp.a(alt_exception_entry.o)
 *(.exceptions.exit.label)
 .exceptions.exit.label
                0x00000000000080a8        0x0 ../hello_world_bsp//libhal_bsp.a(alt_irq_entry.o)
 .exceptions.exit.label
                0x00000000000080a8        0x0 ../hello_world_bsp//libhal_bsp.a(alt_exception_entry.o)
 *(.exceptions.exit.user)
 *(.exceptions.exit)
 .exceptions.exit
                0x00000000000080a8       0x54 ../hello_world_bsp//libhal_bsp.a(alt_exception_entry.o)
 *(.exceptions)
 .exceptions    0x00000000000080fc       0xc8 ../hello_world_bsp//libhal_bsp.a(alt_irq_handler.o)
                0x00000000000080fc                alt_irq_handler
 .exceptions    0x00000000000081c4       0x74 ../hello_world_bsp//libhal_bsp.a(alt_instruction_exception_entry.o)
                0x00000000000081c4                alt_instruction_exception_entry
                0x0000000000008238                PROVIDE (__ram_exceptions_end = ABSOLUTE (.))
                0x0000000000008020                PROVIDE (__flash_exceptions_start = LOADADDR (.exceptions))

.text           0x0000000000008238     0x2edc
                [!provide]                        PROVIDE (stext = ABSOLUTE (.))
 *(.interp)
 *(.hash)
 *(.dynsym)
 *(.dynstr)
 *(.gnu.version)
 *(.gnu.version_d)
 *(.gnu.version_r)
 *(.rel.init)
 *(.rela.init)
 *(.rel.text .rel.text.* .rel.gnu.linkonce.t.*)
 *(.rela.text .rela.text.* .rela.gnu.linkonce.t.*)
 *(.rel.fini)
 *(.rela.fini)
 *(.rel.rodata .rel.rodata.* .rel.gnu.linkonce.r.*)
 *(.rela.rodata .rela.rodata.* .rela.gnu.linkonce.r.*)
 *(.rel.data .rel.data.* .rel.gnu.linkonce.d.*)
 *(.rela.data .rela.data.* .rela.gnu.linkonce.d.*)
 *(.rel.tdata .rel.tdata.* .rel.gnu.linkonce.td.*)
 *(.rela.tdata .rela.tdata.* .rela.gnu.linkonce.td.*)
 *(.rel.tbss .rel.tbss.* .rel.gnu.linkonce.tb.*)
 *(.rela.tbss .rela.tbss.* .rela.gnu.linkonce.tb.*)
 *(.rel.ctors)
 *(.rela.ctors)
 *(.rel.dtors)
 *(.rela.dtors)
 *(.rel.got)
 *(.rela.got)
 *(.rel.sdata .rel.sdata.* .rel.gnu.linkonce.s.*)
 *(.rela.sdata .rela.sdata.* .rela.gnu.linkonce.s.*)
 *(.rel.sbss .rel.sbss.* .rel.gnu.linkonce.sb.*)
 *(.rela.sbss .rela.sbss.* .rela.gnu.linkonce.sb.*)
 *(.rel.sdata2 .rel.sdata2.* .rel.gnu.linkonce.s2.*)
 *(.rela.sdata2 .rela.sdata2.* .rela.gnu.linkonce.s2.*)
 *(.rel.sbss2 .rel.sbss2.* .rel.gnu.linkonce.sb2.*)
 *(.rela.sbss2 .rela.sbss2.* .rela.gnu.linkonce.sb2.*)
 *(.rel.bss .rel.bss.* .rel.gnu.linkonce.b.*)
 *(.rela.bss .rela.bss.* .rela.gnu.linkonce.b.*)
 *(.rel.plt)
 *(.rela.plt)
 *(.rel.dyn)
 *(.init)
 *(.plt)
 *(.text .stub .text.* .gnu.linkonce.t.*)
 .text          0x0000000000008238       0x4c ../hello_world_bsp//obj/HAL/src/crt0.o
                0x0000000000008238                _start
 .text          0x0000000000008284      0x208 obj/default/hello_world.o
                0x0000000000008284                generateVector
                0x000000000000832c                sumVector
                0x0000000000008404                main
 .text          0x000000000000848c      0x45c /home/diego/intelFPGA_lite/20.1/nios2eds/bin/gnu/H-x86_64-pc-linux-gnu/bin/../lib/gcc/nios2-elf/9.2.1/mno-hw-mul/libgcc.a(addsf3.o)
                0x000000000000848c                __addsf3
 .text          0x00000000000088e8      0x3fc /home/diego/intelFPGA_lite/20.1/nios2eds/bin/gnu/H-x86_64-pc-linux-gnu/bin/../lib/gcc/nios2-elf/9.2.1/mno-hw-mul/libgcc.a(mulsf3.o)
                0x00000000000088e8                __mulsf3
 .text          0x0000000000008ce4       0x70 /home/diego/intelFPGA_lite/20.1/nios2eds/bin/gnu/H-x86_64-pc-linux-gnu/bin/../lib/gcc/nios2-elf/9.2.1/mno-hw-mul/libgcc.a(fixsfsi.o)
                0x0000000000008ce4                __fixsfsi
 .text          0x0000000000008d54       0x54 /home/diego/intelFPGA_lite/20.1/nios2eds/bin/gnu/H-x86_64-pc-linux-gnu/bin/../lib/gcc/nios2-elf/9.2.1/mno-hw-mul/libgcc.a(_clzsi2.o)
                0x0000000000008d54                __clzsi2
 .text          0x0000000000008da8       0x28 /home/diego/intelFPGA_lite/20.1/nios2eds/bin/gnu/H-x86_64-pc-linux-gnu/bin/../lib/gcc/nios2-elf/9.2.1/mno-hw-mul/libgcc.a(lib2-mul.o)
                0x0000000000008da8                __mulsi3
 .text          0x0000000000008dd0        0x0 /home/diego/intelFPGA_lite/20.1/nios2eds/bin/gnu/H-x86_64-pc-linux-gnu/bin/../lib/gcc/nios2-elf/9.2.1/mno-hw-mul/libgcc.a(_clz.o)
 .text          0x0000000000008dd0        0x0 /home/diego/intelFPGA_lite/20.1/nios2eds/bin/gnu/H-x86_64-pc-linux-gnu/bin/../lib/gcc/nios2-elf/9.2.1/../../../../../H-x86_64-pc-linux-gnu/nios2-elf/lib/mno-hw-mul/libsmallc.a(lib_a-printf.o)
 .text._printf_r
                0x0000000000008dd0       0x3c /home/diego/intelFPGA_lite/20.1/nios2eds/bin/gnu/H-x86_64-pc-linux-gnu/bin/../lib/gcc/nios2-elf/9.2.1/../../../../../H-x86_64-pc-linux-gnu/nios2-elf/lib/mno-hw-mul/libsmallc.a(lib_a-printf.o)
                0x0000000000008dd0                _printf_r
 .text.printf   0x0000000000008e0c       0x48 /home/diego/intelFPGA_lite/20.1/nios2eds/bin/gnu/H-x86_64-pc-linux-gnu/bin/../lib/gcc/nios2-elf/9.2.1/../../../../../H-x86_64-pc-linux-gnu/nios2-elf/lib/mno-hw-mul/libsmallc.a(lib_a-printf.o)
                0x0000000000008e0c                printf
 .text          0x0000000000008e54        0x0 /home/diego/intelFPGA_lite/20.1/nios2eds/bin/gnu/H-x86_64-pc-linux-gnu/bin/../lib/gcc/nios2-elf/9.2.1/../../../../../H-x86_64-pc-linux-gnu/nios2-elf/lib/mno-hw-mul/libsmallc.a(lib_a-puts.o)
 .text._puts_r  0x0000000000008e54       0x84 /home/diego/intelFPGA_lite/20.1/nios2eds/bin/gnu/H-x86_64-pc-linux-gnu/bin/../lib/gcc/nios2-elf/9.2.1/../../../../../H-x86_64-pc-linux-gnu/nios2-elf/lib/mno-hw-mul/libsmallc.a(lib_a-puts.o)
                0x0000000000008e54                _puts_r
 .text.puts     0x0000000000008ed8       0x10 /home/diego/intelFPGA_lite/20.1/nios2eds/bin/gnu/H-x86_64-pc-linux-gnu/bin/../lib/gcc/nios2-elf/9.2.1/../../../../../H-x86_64-pc-linux-gnu/nios2-elf/lib/mno-hw-mul/libsmallc.a(lib_a-puts.o)
                0x0000000000008ed8                puts
 .text          0x0000000000008ee8        0x0 /home/diego/intelFPGA_lite/20.1/nios2eds/bin/gnu/H-x86_64-pc-linux-gnu/bin/../lib/gcc/nios2-elf/9.2.1/../../../../../H-x86_64-pc-linux-gnu/nios2-elf/lib/mno-hw-mul/libsmallc.a(lib_a-strlen.o)
 .text.strlen   0x0000000000008ee8       0x1c /home/diego/intelFPGA_lite/20.1/nios2eds/bin/gnu/H-x86_64-pc-linux-gnu/bin/../lib/gcc/nios2-elf/9.2.1/../../../../../H-x86_64-pc-linux-gnu/nios2-elf/lib/mno-hw-mul/libsmallc.a(lib_a-strlen.o)
                0x0000000000008ee8                strlen
 .text          0x0000000000008f04        0x0 /home/diego/intelFPGA_lite/20.1/nios2eds/bin/gnu/H-x86_64-pc-linux-gnu/bin/../lib/gcc/nios2-elf/9.2.1/../../../../../H-x86_64-pc-linux-gnu/nios2-elf/lib/mno-hw-mul/libsmallc.a(lib_a-vfprintf.o)
 .text.print_repeat
                0x0000000000008f04       0x6c /home/diego/intelFPGA_lite/20.1/nios2eds/bin/gnu/H-x86_64-pc-linux-gnu/bin/../lib/gcc/nios2-elf/9.2.1/../../../../../H-x86_64-pc-linux-gnu/nios2-elf/lib/mno-hw-mul/libsmallc.a(lib_a-vfprintf.o)
 .text.___vfprintf_internal_r
                0x0000000000008f70      0x528 /home/diego/intelFPGA_lite/20.1/nios2eds/bin/gnu/H-x86_64-pc-linux-gnu/bin/../lib/gcc/nios2-elf/9.2.1/../../../../../H-x86_64-pc-linux-gnu/nios2-elf/lib/mno-hw-mul/libsmallc.a(lib_a-vfprintf.o)
                0x0000000000008f70                ___vfprintf_internal_r
 .text.__vfprintf_internal
                0x0000000000009498       0x18 /home/diego/intelFPGA_lite/20.1/nios2eds/bin/gnu/H-x86_64-pc-linux-gnu/bin/../lib/gcc/nios2-elf/9.2.1/../../../../../H-x86_64-pc-linux-gnu/nios2-elf/lib/mno-hw-mul/libsmallc.a(lib_a-vfprintf.o)
                0x0000000000009498                __vfprintf_internal
 .text          0x00000000000094b0        0x0 /home/diego/intelFPGA_lite/20.1/nios2eds/bin/gnu/H-x86_64-pc-linux-gnu/bin/../lib/gcc/nios2-elf/9.2.1/../../../../../H-x86_64-pc-linux-gnu/nios2-elf/lib/mno-hw-mul/libsmallc.a(lib_a-fvwrite_small_dev.o)
 .text.__sfvwrite_small_dev
                0x00000000000094b0       0xa8 /home/diego/intelFPGA_lite/20.1/nios2eds/bin/gnu/H-x86_64-pc-linux-gnu/bin/../lib/gcc/nios2-elf/9.2.1/../../../../../H-x86_64-pc-linux-gnu/nios2-elf/lib/mno-hw-mul/libsmallc.a(lib_a-fvwrite_small_dev.o)
                0x00000000000094b0                __sfvwrite_small_dev
 .text          0x0000000000009558        0x0 /home/diego/intelFPGA_lite/20.1/nios2eds/bin/gnu/H-x86_64-pc-linux-gnu/bin/../lib/gcc/nios2-elf/9.2.1/../../../../../H-x86_64-pc-linux-gnu/nios2-elf/lib/mno-hw-mul/libsmallc.a(lib_a-impure.o)
 .text          0x0000000000009558        0x0 /home/diego/intelFPGA_lite/20.1/nios2eds/bin/gnu/H-x86_64-pc-linux-gnu/bin/../lib/gcc/nios2-elf/9.2.1/../../../../../H-x86_64-pc-linux-gnu/nios2-elf/lib/mno-hw-mul/libsmallc.a(lib_a-writer.o)
 .text._write_r
                0x0000000000009558       0x50 /home/diego/intelFPGA_lite/20.1/nios2eds/bin/gnu/H-x86_64-pc-linux-gnu/bin/../lib/gcc/nios2-elf/9.2.1/../../../../../H-x86_64-pc-linux-gnu/nios2-elf/lib/mno-hw-mul/libsmallc.a(lib_a-writer.o)
                0x0000000000009558                _write_r
 .text          0x00000000000095a8        0x0 /home/diego/intelFPGA_lite/20.1/nios2eds/bin/gnu/H-x86_64-pc-linux-gnu/bin/../lib/gcc/nios2-elf/9.2.1/../../../../../H-x86_64-pc-linux-gnu/nios2-elf/lib/mno-hw-mul/libsmallc.a(lib_a-int_errno.o)
 .text          0x00000000000095a8      0x1b4 /home/diego/intelFPGA_lite/20.1/nios2eds/bin/gnu/H-x86_64-pc-linux-gnu/bin/../lib/gcc/nios2-elf/9.2.1/mno-hw-mul/libgcc.a(lib2-divmod.o)
                0x00000000000095a8                __divsi3
                0x0000000000009628                __modsi3
                0x000000000000969c                __udivsi3
                0x0000000000009700                __umodsi3
 .text          0x000000000000975c       0xec ../hello_world_bsp//libhal_bsp.a(alt_load.o)
                0x00000000000097c4                alt_load
 .text          0x0000000000009848       0x7c ../hello_world_bsp//libhal_bsp.a(alt_main.o)
                0x0000000000009848                alt_main
 .text          0x00000000000098c4       0xb4 ../hello_world_bsp//libhal_bsp.a(alt_times.o)
                0x0000000000009900                times
 .text          0x0000000000009978      0x140 ../hello_world_bsp//libhal_bsp.a(alt_write.o)
                0x00000000000099b4                write
 .text          0x0000000000009ab8       0xc0 ../hello_world_bsp//libhal_bsp.a(alt_sys_init.o)
                0x0000000000009aec                alt_irq_init
                0x0000000000009b28                alt_sys_init
 .text          0x0000000000009b78       0xc0 ../hello_world_bsp//libhal_bsp.a(altera_avalon_jtag_uart_fd.o)
                0x0000000000009b78                altera_avalon_jtag_uart_read_fd
                0x0000000000009bd8                altera_avalon_jtag_uart_write_fd
 .text          0x0000000000009c38       0xec ../hello_world_bsp//libhal_bsp.a(altera_avalon_jtag_uart_read.o)
                0x0000000000009c38                altera_avalon_jtag_uart_read
 .text          0x0000000000009d24       0x94 ../hello_world_bsp//libhal_bsp.a(altera_avalon_jtag_uart_write.o)
                0x0000000000009d24                altera_avalon_jtag_uart_write
 .text          0x0000000000009db8      0x100 ../hello_world_bsp//libhal_bsp.a(altera_avalon_timer_sc.o)
                0x0000000000009e34                alt_avalon_timer_sc_init
 .text          0x0000000000009eb8      0x118 ../hello_world_bsp//libhal_bsp.a(alt_close.o)
                0x0000000000009ef4                close
 .text          0x0000000000009fd0       0x4c ../hello_world_bsp//libhal_bsp.a(alt_dcache_flush_all.o)
                0x0000000000009fd0                alt_dcache_flush_all
 .text          0x000000000000a01c       0x2c ../hello_world_bsp//libhal_bsp.a(alt_dev.o)
 .text          0x000000000000a048       0xe4 ../hello_world_bsp//libhal_bsp.a(alt_dev_llist_insert.o)
                0x000000000000a084                alt_dev_llist_insert
 .text          0x000000000000a12c       0x64 ../hello_world_bsp//libhal_bsp.a(alt_do_ctors.o)
                0x000000000000a12c                _do_ctors
 .text          0x000000000000a190       0x64 ../hello_world_bsp//libhal_bsp.a(alt_do_dtors.o)
                0x000000000000a190                _do_dtors
 .text          0x000000000000a1f4        0x0 ../hello_world_bsp//libhal_bsp.a(alt_errno.o)
 .text          0x000000000000a1f4       0x34 ../hello_world_bsp//libhal_bsp.a(alt_icache_flush_all.o)
                0x000000000000a1f4                alt_icache_flush_all
 .text          0x000000000000a228      0x1b0 ../hello_world_bsp//libhal_bsp.a(alt_iic.o)
                0x000000000000a228                alt_ic_isr_register
                0x000000000000a278                alt_ic_irq_enable
                0x000000000000a300                alt_ic_irq_disable
                0x000000000000a38c                alt_ic_irq_enabled
 .text          0x000000000000a3d8       0xe8 ../hello_world_bsp//libhal_bsp.a(alt_iic_isr_register.o)
                0x000000000000a3d8                alt_iic_isr_register
 .text          0x000000000000a4c0      0x150 ../hello_world_bsp//libhal_bsp.a(alt_io_redirect.o)
                0x000000000000a594                alt_io_redirect
 .text          0x000000000000a610        0x0 ../hello_world_bsp//libhal_bsp.a(alt_irq_entry.o)
 .text          0x000000000000a610        0x0 ../hello_world_bsp//libhal_bsp.a(alt_irq_handler.o)
 .text          0x000000000000a610        0x0 ../hello_world_bsp//libhal_bsp.a(alt_irq_vars.o)
 .text          0x000000000000a610      0x278 ../hello_world_bsp//libhal_bsp.a(alt_open.o)
                0x000000000000a728                open
 .text          0x000000000000a888       0x70 ../hello_world_bsp//libhal_bsp.a(alt_release_fd.o)
                0x000000000000a888                alt_release_fd
 .text          0x000000000000a8f8      0x1ac ../hello_world_bsp//libhal_bsp.a(alt_tick.o)
                0x000000000000a8f8                alt_alarm_stop
                0x000000000000a99c                alt_tick
 .text          0x000000000000aaa4       0x24 ../hello_world_bsp//libhal_bsp.a(altera_nios2_gen2_irq.o)
                0x000000000000aaa4                altera_nios2_gen2_irq_init
 .text          0x000000000000aac8        0x0 ../hello_world_bsp//libhal_bsp.a(alt_exception_entry.o)
 .text          0x000000000000aac8       0x90 ../hello_world_bsp//libhal_bsp.a(alt_find_dev.o)
                0x000000000000aac8                alt_find_dev
 .text          0x000000000000ab58      0x108 ../hello_world_bsp//libhal_bsp.a(alt_find_file.o)
                0x000000000000ab58                alt_find_file
 .text          0x000000000000ac60       0xb8 ../hello_world_bsp//libhal_bsp.a(alt_get_fd.o)
                0x000000000000ac60                alt_get_fd
 .text          0x000000000000ad18       0x90 ../hello_world_bsp//libhal_bsp.a(alt_icache_flush.o)
                0x000000000000ad18                alt_icache_flush
 .text          0x000000000000ada8       0x98 ../hello_world_bsp//libhal_bsp.a(alt_instruction_exception_entry.o)
                0x000000000000ada8                alt_exception_cause_generated_bad_addr
 .text          0x000000000000ae40        0x0 /home/diego/intelFPGA_lite/20.1/nios2eds/bin/gnu/H-x86_64-pc-linux-gnu/bin/../lib/gcc/nios2-elf/9.2.1/../../../../../H-x86_64-pc-linux-gnu/nios2-elf/lib/mno-hw-mul/libsmallc.a(lib_a-atexit.o)
 .text.atexit   0x000000000000ae40       0x14 /home/diego/intelFPGA_lite/20.1/nios2eds/bin/gnu/H-x86_64-pc-linux-gnu/bin/../lib/gcc/nios2-elf/9.2.1/../../../../../H-x86_64-pc-linux-gnu/nios2-elf/lib/mno-hw-mul/libsmallc.a(lib_a-atexit.o)
                0x000000000000ae40                atexit
 .text          0x000000000000ae54        0x0 /home/diego/intelFPGA_lite/20.1/nios2eds/bin/gnu/H-x86_64-pc-linux-gnu/bin/../lib/gcc/nios2-elf/9.2.1/../../../../../H-x86_64-pc-linux-gnu/nios2-elf/lib/mno-hw-mul/libsmallc.a(lib_a-exit.o)
 .text.exit     0x000000000000ae54       0x20 /home/diego/intelFPGA_lite/20.1/nios2eds/bin/gnu/H-x86_64-pc-linux-gnu/bin/../lib/gcc/nios2-elf/9.2.1/../../../../../H-x86_64-pc-linux-gnu/nios2-elf/lib/mno-hw-mul/libsmallc.a(lib_a-exit.o)
                0x000000000000ae54                exit
 .text          0x000000000000ae74        0x0 /home/diego/intelFPGA_lite/20.1/nios2eds/bin/gnu/H-x86_64-pc-linux-gnu/bin/../lib/gcc/nios2-elf/9.2.1/../../../../../H-x86_64-pc-linux-gnu/nios2-elf/lib/mno-hw-mul/libsmallc.a(lib_a-memcmp.o)
 .text.memcmp   0x000000000000ae74       0x30 /home/diego/intelFPGA_lite/20.1/nios2eds/bin/gnu/H-x86_64-pc-linux-gnu/bin/../lib/gcc/nios2-elf/9.2.1/../../../../../H-x86_64-pc-linux-gnu/nios2-elf/lib/mno-hw-mul/libsmallc.a(lib_a-memcmp.o)
                0x000000000000ae74                memcmp
 .text          0x000000000000aea4        0x0 /home/diego/intelFPGA_lite/20.1/nios2eds/bin/gnu/H-x86_64-pc-linux-gnu/bin/../lib/gcc/nios2-elf/9.2.1/../../../../../H-x86_64-pc-linux-gnu/nios2-elf/lib/mno-hw-mul/libsmallc.a(lib_a-__atexit.o)
 .text.__register_exitproc
                0x000000000000aea4      0x11c /home/diego/intelFPGA_lite/20.1/nios2eds/bin/gnu/H-x86_64-pc-linux-gnu/bin/../lib/gcc/nios2-elf/9.2.1/../../../../../H-x86_64-pc-linux-gnu/nios2-elf/lib/mno-hw-mul/libsmallc.a(lib_a-__atexit.o)
                0x000000000000aea4                __register_exitproc
 .text          0x000000000000afc0        0x0 /home/diego/intelFPGA_lite/20.1/nios2eds/bin/gnu/H-x86_64-pc-linux-gnu/bin/../lib/gcc/nios2-elf/9.2.1/../../../../../H-x86_64-pc-linux-gnu/nios2-elf/lib/mno-hw-mul/libsmallc.a(lib_a-__call_atexit.o)
 .text.__call_exitprocs
                0x000000000000afc0      0x11c /home/diego/intelFPGA_lite/20.1/nios2eds/bin/gnu/H-x86_64-pc-linux-gnu/bin/../lib/gcc/nios2-elf/9.2.1/../../../../../H-x86_64-pc-linux-gnu/nios2-elf/lib/mno-hw-mul/libsmallc.a(lib_a-__call_atexit.o)
                0x000000000000afc0                __call_exitprocs
 .text          0x000000000000b0dc       0x38 ../hello_world_bsp//libhal_bsp.a(alt_exit.o)
                0x000000000000b0dc                _exit
 *(.gnu.warning.*)
 *(.fini)
                [!provide]                        PROVIDE (__etext = ABSOLUTE (.))
                [!provide]                        PROVIDE (_etext = ABSOLUTE (.))
                [!provide]                        PROVIDE (etext = ABSOLUTE (.))
 *(.eh_frame_hdr)
                0x000000000000b114                . = ALIGN (0x4)
                [!provide]                        PROVIDE (__preinit_array_start = ABSOLUTE (.))
 *(.preinit_array)
                [!provide]                        PROVIDE (__preinit_array_end = ABSOLUTE (.))
                [!provide]                        PROVIDE (__init_array_start = ABSOLUTE (.))
 *(.init_array)
                [!provide]                        PROVIDE (__init_array_end = ABSOLUTE (.))
                [!provide]                        PROVIDE (__fini_array_start = ABSOLUTE (.))
 *(.fini_array)
                [!provide]                        PROVIDE (__fini_array_end = ABSOLUTE (.))
 *(.eh_frame)
 *(.gcc_except_table .gcc_except_table.*)
 *(.dynamic)
                0x000000000000b114                PROVIDE (__CTOR_LIST__ = ABSOLUTE (.))
 *(.ctors)
 *(SORT_BY_NAME(.ctors.*))
                0x000000000000b114                PROVIDE (__CTOR_END__ = ABSOLUTE (.))
                0x000000000000b114                PROVIDE (__DTOR_LIST__ = ABSOLUTE (.))
 *(.dtors)
 *(SORT_BY_NAME(.dtors.*))
                0x000000000000b114                PROVIDE (__DTOR_END__ = ABSOLUTE (.))
 *(.jcr)
                0x000000000000b114                . = ALIGN (0x4)

.rodata         0x000000000000b114      0x144
                0x000000000000b114                PROVIDE (__ram_rodata_start = ABSOLUTE (.))
                0x000000000000b114                . = ALIGN (0x4)
 *(.rodata .rodata.* .gnu.linkonce.r.*)
 .rodata        0x000000000000b114       0x14 obj/default/hello_world.o
 .rodata        0x000000000000b128      0x100 /home/diego/intelFPGA_lite/20.1/nios2eds/bin/gnu/H-x86_64-pc-linux-gnu/bin/../lib/gcc/nios2-elf/9.2.1/mno-hw-mul/libgcc.a(_clz.o)
                0x000000000000b128                __clz_tab
 .rodata._puts_r.str1.4
                0x000000000000b228        0x4 /home/diego/intelFPGA_lite/20.1/nios2eds/bin/gnu/H-x86_64-pc-linux-gnu/bin/../lib/gcc/nios2-elf/9.2.1/../../../../../H-x86_64-pc-linux-gnu/nios2-elf/lib/mno-hw-mul/libsmallc.a(lib_a-puts.o)
                                          0x2 (size before relaxing)
 .rodata        0x000000000000b22c        0xf ../hello_world_bsp//libhal_bsp.a(alt_main.o)
 *fill*         0x000000000000b23b        0x1 
 .rodata        0x000000000000b23c        0xf ../hello_world_bsp//libhal_bsp.a(alt_sys_init.o)
 *fill*         0x000000000000b24b        0x1 
 .rodata        0x000000000000b24c        0xa ../hello_world_bsp//libhal_bsp.a(alt_dev.o)
 *(.rodata1)
                0x000000000000b258                . = ALIGN (0x4)
 *fill*         0x000000000000b256        0x2 
                0x000000000000b258                PROVIDE (__ram_rodata_end = ABSOLUTE (.))
                0x000000000000b114                PROVIDE (__flash_rodata_start = LOADADDR (.rodata))

.rwdata         0x000000000000b258      0x2e4 load address 0x000000000000b53c
                0x000000000000b258                PROVIDE (__ram_rwdata_start = ABSOLUTE (.))
                0x000000000000b258                . = ALIGN (0x4)
 *(.got.plt)
 *(.got)
 *(.data1)
 *(.data .data.* .gnu.linkonce.d.*)
 .data          0x000000000000b258        0x0 ../hello_world_bsp//obj/HAL/src/crt0.o
 .data          0x000000000000b258        0x0 obj/default/hello_world.o
 .data          0x000000000000b258        0x0 /home/diego/intelFPGA_lite/20.1/nios2eds/bin/gnu/H-x86_64-pc-linux-gnu/bin/../lib/gcc/nios2-elf/9.2.1/mno-hw-mul/libgcc.a(addsf3.o)
 .data          0x000000000000b258        0x0 /home/diego/intelFPGA_lite/20.1/nios2eds/bin/gnu/H-x86_64-pc-linux-gnu/bin/../lib/gcc/nios2-elf/9.2.1/mno-hw-mul/libgcc.a(mulsf3.o)
 .data          0x000000000000b258        0x0 /home/diego/intelFPGA_lite/20.1/nios2eds/bin/gnu/H-x86_64-pc-linux-gnu/bin/../lib/gcc/nios2-elf/9.2.1/mno-hw-mul/libgcc.a(fixsfsi.o)
 .data          0x000000000000b258        0x0 /home/diego/intelFPGA_lite/20.1/nios2eds/bin/gnu/H-x86_64-pc-linux-gnu/bin/../lib/gcc/nios2-elf/9.2.1/mno-hw-mul/libgcc.a(_clzsi2.o)
 .data          0x000000000000b258        0x0 /home/diego/intelFPGA_lite/20.1/nios2eds/bin/gnu/H-x86_64-pc-linux-gnu/bin/../lib/gcc/nios2-elf/9.2.1/mno-hw-mul/libgcc.a(lib2-mul.o)
 .data          0x000000000000b258        0x0 /home/diego/intelFPGA_lite/20.1/nios2eds/bin/gnu/H-x86_64-pc-linux-gnu/bin/../lib/gcc/nios2-elf/9.2.1/mno-hw-mul/libgcc.a(_clz.o)
 .data          0x000000000000b258        0x0 /home/diego/intelFPGA_lite/20.1/nios2eds/bin/gnu/H-x86_64-pc-linux-gnu/bin/../lib/gcc/nios2-elf/9.2.1/../../../../../H-x86_64-pc-linux-gnu/nios2-elf/lib/mno-hw-mul/libsmallc.a(lib_a-printf.o)
 .data          0x000000000000b258        0x0 /home/diego/intelFPGA_lite/20.1/nios2eds/bin/gnu/H-x86_64-pc-linux-gnu/bin/../lib/gcc/nios2-elf/9.2.1/../../../../../H-x86_64-pc-linux-gnu/nios2-elf/lib/mno-hw-mul/libsmallc.a(lib_a-puts.o)
 .data          0x000000000000b258        0x0 /home/diego/intelFPGA_lite/20.1/nios2eds/bin/gnu/H-x86_64-pc-linux-gnu/bin/../lib/gcc/nios2-elf/9.2.1/../../../../../H-x86_64-pc-linux-gnu/nios2-elf/lib/mno-hw-mul/libsmallc.a(lib_a-strlen.o)
 .data          0x000000000000b258        0x0 /home/diego/intelFPGA_lite/20.1/nios2eds/bin/gnu/H-x86_64-pc-linux-gnu/bin/../lib/gcc/nios2-elf/9.2.1/../../../../../H-x86_64-pc-linux-gnu/nios2-elf/lib/mno-hw-mul/libsmallc.a(lib_a-vfprintf.o)
 .data          0x000000000000b258        0x0 /home/diego/intelFPGA_lite/20.1/nios2eds/bin/gnu/H-x86_64-pc-linux-gnu/bin/../lib/gcc/nios2-elf/9.2.1/../../../../../H-x86_64-pc-linux-gnu/nios2-elf/lib/mno-hw-mul/libsmallc.a(lib_a-fvwrite_small_dev.o)
 .data          0x000000000000b258        0x0 /home/diego/intelFPGA_lite/20.1/nios2eds/bin/gnu/H-x86_64-pc-linux-gnu/bin/../lib/gcc/nios2-elf/9.2.1/../../../../../H-x86_64-pc-linux-gnu/nios2-elf/lib/mno-hw-mul/libsmallc.a(lib_a-impure.o)
 .data.impure_data
                0x000000000000b258       0xe4 /home/diego/intelFPGA_lite/20.1/nios2eds/bin/gnu/H-x86_64-pc-linux-gnu/bin/../lib/gcc/nios2-elf/9.2.1/../../../../../H-x86_64-pc-linux-gnu/nios2-elf/lib/mno-hw-mul/libsmallc.a(lib_a-impure.o)
 .data          0x000000000000b33c        0x0 /home/diego/intelFPGA_lite/20.1/nios2eds/bin/gnu/H-x86_64-pc-linux-gnu/bin/../lib/gcc/nios2-elf/9.2.1/../../../../../H-x86_64-pc-linux-gnu/nios2-elf/lib/mno-hw-mul/libsmallc.a(lib_a-writer.o)
 .data          0x000000000000b33c        0x0 /home/diego/intelFPGA_lite/20.1/nios2eds/bin/gnu/H-x86_64-pc-linux-gnu/bin/../lib/gcc/nios2-elf/9.2.1/../../../../../H-x86_64-pc-linux-gnu/nios2-elf/lib/mno-hw-mul/libsmallc.a(lib_a-int_errno.o)
 .data          0x000000000000b33c        0x0 /home/diego/intelFPGA_lite/20.1/nios2eds/bin/gnu/H-x86_64-pc-linux-gnu/bin/../lib/gcc/nios2-elf/9.2.1/mno-hw-mul/libgcc.a(lib2-divmod.o)
 .data          0x000000000000b33c        0x0 ../hello_world_bsp//libhal_bsp.a(alt_load.o)
 .data          0x000000000000b33c        0x0 ../hello_world_bsp//libhal_bsp.a(alt_main.o)
 .data          0x000000000000b33c        0x0 ../hello_world_bsp//libhal_bsp.a(alt_times.o)
 .data          0x000000000000b33c        0x0 ../hello_world_bsp//libhal_bsp.a(alt_write.o)
 .data          0x000000000000b33c       0x2c ../hello_world_bsp//libhal_bsp.a(alt_sys_init.o)
 .data          0x000000000000b368        0x0 ../hello_world_bsp//libhal_bsp.a(altera_avalon_jtag_uart_fd.o)
 .data          0x000000000000b368        0x0 ../hello_world_bsp//libhal_bsp.a(altera_avalon_jtag_uart_read.o)
 .data          0x000000000000b368        0x0 ../hello_world_bsp//libhal_bsp.a(altera_avalon_jtag_uart_write.o)
 .data          0x000000000000b368        0x0 ../hello_world_bsp//libhal_bsp.a(altera_avalon_timer_sc.o)
 .data          0x000000000000b368        0x0 ../hello_world_bsp//libhal_bsp.a(alt_close.o)
 .data          0x000000000000b368        0x0 ../hello_world_bsp//libhal_bsp.a(alt_dcache_flush_all.o)
 .data          0x000000000000b368      0x1a8 ../hello_world_bsp//libhal_bsp.a(alt_dev.o)
                0x000000000000b368                alt_dev_null
                0x000000000000b390                alt_fd_list
 .data          0x000000000000b510        0x0 ../hello_world_bsp//libhal_bsp.a(alt_dev_llist_insert.o)
 .data          0x000000000000b510        0x0 ../hello_world_bsp//libhal_bsp.a(alt_do_ctors.o)
 .data          0x000000000000b510        0x0 ../hello_world_bsp//libhal_bsp.a(alt_do_dtors.o)
 .data          0x000000000000b510        0x0 ../hello_world_bsp//libhal_bsp.a(alt_errno.o)
 .data          0x000000000000b510        0x0 ../hello_world_bsp//libhal_bsp.a(alt_icache_flush_all.o)
 .data          0x000000000000b510        0x0 ../hello_world_bsp//libhal_bsp.a(alt_iic.o)
 .data          0x000000000000b510        0x0 ../hello_world_bsp//libhal_bsp.a(alt_iic_isr_register.o)
 .data          0x000000000000b510        0x0 ../hello_world_bsp//libhal_bsp.a(alt_io_redirect.o)
 .data          0x000000000000b510        0x0 ../hello_world_bsp//libhal_bsp.a(alt_irq_entry.o)
 .data          0x000000000000b510        0x0 ../hello_world_bsp//libhal_bsp.a(alt_irq_handler.o)
 .data          0x000000000000b510        0x0 ../hello_world_bsp//libhal_bsp.a(alt_irq_vars.o)
 .data          0x000000000000b510        0x0 ../hello_world_bsp//libhal_bsp.a(alt_open.o)
 .data          0x000000000000b510        0x0 ../hello_world_bsp//libhal_bsp.a(alt_release_fd.o)
 .data          0x000000000000b510        0x0 ../hello_world_bsp//libhal_bsp.a(alt_tick.o)
 .data          0x000000000000b510        0x0 ../hello_world_bsp//libhal_bsp.a(altera_nios2_gen2_irq.o)
 .data          0x000000000000b510        0x0 ../hello_world_bsp//libhal_bsp.a(alt_exception_entry.o)
 .data          0x000000000000b510        0x0 ../hello_world_bsp//libhal_bsp.a(alt_find_dev.o)
 .data          0x000000000000b510        0x0 ../hello_world_bsp//libhal_bsp.a(alt_find_file.o)
 .data          0x000000000000b510        0x0 ../hello_world_bsp//libhal_bsp.a(alt_get_fd.o)
 .data          0x000000000000b510        0x0 ../hello_world_bsp//libhal_bsp.a(alt_icache_flush.o)
 .data          0x000000000000b510        0x0 ../hello_world_bsp//libhal_bsp.a(alt_instruction_exception_entry.o)
 .data          0x000000000000b510        0x0 /home/diego/intelFPGA_lite/20.1/nios2eds/bin/gnu/H-x86_64-pc-linux-gnu/bin/../lib/gcc/nios2-elf/9.2.1/../../../../../H-x86_64-pc-linux-gnu/nios2-elf/lib/mno-hw-mul/libsmallc.a(lib_a-atexit.o)
 .data          0x000000000000b510        0x0 /home/diego/intelFPGA_lite/20.1/nios2eds/bin/gnu/H-x86_64-pc-linux-gnu/bin/../lib/gcc/nios2-elf/9.2.1/../../../../../H-x86_64-pc-linux-gnu/nios2-elf/lib/mno-hw-mul/libsmallc.a(lib_a-exit.o)
 .data          0x000000000000b510        0x0 /home/diego/intelFPGA_lite/20.1/nios2eds/bin/gnu/H-x86_64-pc-linux-gnu/bin/../lib/gcc/nios2-elf/9.2.1/../../../../../H-x86_64-pc-linux-gnu/nios2-elf/lib/mno-hw-mul/libsmallc.a(lib_a-memcmp.o)
 .data          0x000000000000b510        0x0 /home/diego/intelFPGA_lite/20.1/nios2eds/bin/gnu/H-x86_64-pc-linux-gnu/bin/../lib/gcc/nios2-elf/9.2.1/../../../../../H-x86_64-pc-linux-gnu/nios2-elf/lib/mno-hw-mul/libsmallc.a(lib_a-__atexit.o)
 .data          0x000000000000b510        0x0 /home/diego/intelFPGA_lite/20.1/nios2eds/bin/gnu/H-x86_64-pc-linux-gnu/bin/../lib/gcc/nios2-elf/9.2.1/../../../../../H-x86_64-pc-linux-gnu/nios2-elf/lib/mno-hw-mul/libsmallc.a(lib_a-__call_atexit.o)
 .data          0x000000000000b510        0x0 ../hello_world_bsp//libhal_bsp.a(alt_exit.o)
                0x0000000000013510                _gp = ABSOLUTE ((. + 0x8000))
                [!provide]                        PROVIDE (gp = _gp)
 *(.rwdata .rwdata.*)
 *(.sdata .sdata.* .gnu.linkonce.s.*)
 .sdata._global_impure_ptr
                0x000000000000b510        0x4 /home/diego/intelFPGA_lite/20.1/nios2eds/bin/gnu/H-x86_64-pc-linux-gnu/bin/../lib/gcc/nios2-elf/9.2.1/../../../../../H-x86_64-pc-linux-gnu/nios2-elf/lib/mno-hw-mul/libsmallc.a(lib_a-impure.o)
                0x000000000000b510                _global_impure_ptr
 .sdata._impure_ptr
                0x000000000000b514        0x4 /home/diego/intelFPGA_lite/20.1/nios2eds/bin/gnu/H-x86_64-pc-linux-gnu/bin/../lib/gcc/nios2-elf/9.2.1/../../../../../H-x86_64-pc-linux-gnu/nios2-elf/lib/mno-hw-mul/libsmallc.a(lib_a-impure.o)
                0x000000000000b514                _impure_ptr
 .sdata         0x000000000000b518       0x14 ../hello_world_bsp//libhal_bsp.a(alt_dev.o)
                0x000000000000b518                alt_fs_list
                0x000000000000b520                alt_dev_list
                0x000000000000b528                alt_max_fd
 .sdata         0x000000000000b52c        0x4 ../hello_world_bsp//libhal_bsp.a(alt_errno.o)
                0x000000000000b52c                alt_errno
 .sdata         0x000000000000b530        0x4 ../hello_world_bsp//libhal_bsp.a(alt_irq_vars.o)
                0x000000000000b530                alt_priority_mask
 .sdata         0x000000000000b534        0x8 ../hello_world_bsp//libhal_bsp.a(alt_tick.o)
                0x000000000000b534                alt_alarm_list
 *(.sdata2 .sdata2.* .gnu.linkonce.s2.*)
                0x000000000000b53c                . = ALIGN (0x4)
                0x000000000000b53c                _edata = ABSOLUTE (.)
                [!provide]                        PROVIDE (edata = ABSOLUTE (.))
                0x000000000000b53c                PROVIDE (__ram_rwdata_end = ABSOLUTE (.))
                0x000000000000b53c                PROVIDE (__flash_rwdata_start = LOADADDR (.rwdata))

.bss            0x000000000000b820      0x120
                0x000000000000b820                __bss_start = ABSOLUTE (.)
                [!provide]                        PROVIDE (__sbss_start = ABSOLUTE (.))
                [!provide]                        PROVIDE (___sbss_start = ABSOLUTE (.))
 *(.dynsbss)
 *(.sbss .sbss.* .gnu.linkonce.sb.*)
 .sbss          0x000000000000b820        0x4 /home/diego/intelFPGA_lite/20.1/nios2eds/bin/gnu/H-x86_64-pc-linux-gnu/bin/../lib/gcc/nios2-elf/9.2.1/../../../../../H-x86_64-pc-linux-gnu/nios2-elf/lib/mno-hw-mul/libsmallc.a(lib_a-int_errno.o)
                0x000000000000b820                errno
 .sbss          0x000000000000b824        0xc ../hello_world_bsp//libhal_bsp.a(alt_main.o)
                0x000000000000b824                alt_argc
                0x000000000000b828                alt_argv
                0x000000000000b82c                alt_envp
 .sbss          0x000000000000b830        0x4 ../hello_world_bsp//libhal_bsp.a(alt_irq_vars.o)
                0x000000000000b830                alt_irq_active
 .sbss          0x000000000000b834        0x8 ../hello_world_bsp//libhal_bsp.a(alt_tick.o)
                0x000000000000b834                _alt_tick_rate
                0x000000000000b838                _alt_nticks
 .sbss          0x000000000000b83c        0x4 ../hello_world_bsp//libhal_bsp.a(alt_instruction_exception_entry.o)
                0x000000000000b83c                alt_instruction_exception_handler
 *(.sbss2 .sbss2.* .gnu.linkonce.sb2.*)
 *(.scommon)
                [!provide]                        PROVIDE (__sbss_end = ABSOLUTE (.))
                [!provide]                        PROVIDE (___sbss_end = ABSOLUTE (.))
 *(.dynbss)
 *(.bss .bss.* .gnu.linkonce.b.*)
 .bss           0x000000000000b840        0x0 ../hello_world_bsp//obj/HAL/src/crt0.o
 .bss           0x000000000000b840        0x0 obj/default/hello_world.o
 .bss           0x000000000000b840        0x0 /home/diego/intelFPGA_lite/20.1/nios2eds/bin/gnu/H-x86_64-pc-linux-gnu/bin/../lib/gcc/nios2-elf/9.2.1/mno-hw-mul/libgcc.a(addsf3.o)
 .bss           0x000000000000b840        0x0 /home/diego/intelFPGA_lite/20.1/nios2eds/bin/gnu/H-x86_64-pc-linux-gnu/bin/../lib/gcc/nios2-elf/9.2.1/mno-hw-mul/libgcc.a(mulsf3.o)
 .bss           0x000000000000b840        0x0 /home/diego/intelFPGA_lite/20.1/nios2eds/bin/gnu/H-x86_64-pc-linux-gnu/bin/../lib/gcc/nios2-elf/9.2.1/mno-hw-mul/libgcc.a(fixsfsi.o)
 .bss           0x000000000000b840        0x0 /home/diego/intelFPGA_lite/20.1/nios2eds/bin/gnu/H-x86_64-pc-linux-gnu/bin/../lib/gcc/nios2-elf/9.2.1/mno-hw-mul/libgcc.a(_clzsi2.o)
 .bss           0x000000000000b840        0x0 /home/diego/intelFPGA_lite/20.1/nios2eds/bin/gnu/H-x86_64-pc-linux-gnu/bin/../lib/gcc/nios2-elf/9.2.1/mno-hw-mul/libgcc.a(lib2-mul.o)
 .bss           0x000000000000b840        0x0 /home/diego/intelFPGA_lite/20.1/nios2eds/bin/gnu/H-x86_64-pc-linux-gnu/bin/../lib/gcc/nios2-elf/9.2.1/mno-hw-mul/libgcc.a(_clz.o)
 .bss           0x000000000000b840        0x0 /home/diego/intelFPGA_lite/20.1/nios2eds/bin/gnu/H-x86_64-pc-linux-gnu/bin/../lib/gcc/nios2-elf/9.2.1/../../../../../H-x86_64-pc-linux-gnu/nios2-elf/lib/mno-hw-mul/libsmallc.a(lib_a-printf.o)
 .bss           0x000000000000b840        0x0 /home/diego/intelFPGA_lite/20.1/nios2eds/bin/gnu/H-x86_64-pc-linux-gnu/bin/../lib/gcc/nios2-elf/9.2.1/../../../../../H-x86_64-pc-linux-gnu/nios2-elf/lib/mno-hw-mul/libsmallc.a(lib_a-puts.o)
 .bss           0x000000000000b840        0x0 /home/diego/intelFPGA_lite/20.1/nios2eds/bin/gnu/H-x86_64-pc-linux-gnu/bin/../lib/gcc/nios2-elf/9.2.1/../../../../../H-x86_64-pc-linux-gnu/nios2-elf/lib/mno-hw-mul/libsmallc.a(lib_a-strlen.o)
 .bss           0x000000000000b840        0x0 /home/diego/intelFPGA_lite/20.1/nios2eds/bin/gnu/H-x86_64-pc-linux-gnu/bin/../lib/gcc/nios2-elf/9.2.1/../../../../../H-x86_64-pc-linux-gnu/nios2-elf/lib/mno-hw-mul/libsmallc.a(lib_a-vfprintf.o)
 .bss           0x000000000000b840        0x0 /home/diego/intelFPGA_lite/20.1/nios2eds/bin/gnu/H-x86_64-pc-linux-gnu/bin/../lib/gcc/nios2-elf/9.2.1/../../../../../H-x86_64-pc-linux-gnu/nios2-elf/lib/mno-hw-mul/libsmallc.a(lib_a-fvwrite_small_dev.o)
 .bss           0x000000000000b840        0x0 /home/diego/intelFPGA_lite/20.1/nios2eds/bin/gnu/H-x86_64-pc-linux-gnu/bin/../lib/gcc/nios2-elf/9.2.1/../../../../../H-x86_64-pc-linux-gnu/nios2-elf/lib/mno-hw-mul/libsmallc.a(lib_a-impure.o)
 .bss           0x000000000000b840        0x0 /home/diego/intelFPGA_lite/20.1/nios2eds/bin/gnu/H-x86_64-pc-linux-gnu/bin/../lib/gcc/nios2-elf/9.2.1/../../../../../H-x86_64-pc-linux-gnu/nios2-elf/lib/mno-hw-mul/libsmallc.a(lib_a-writer.o)
 .bss           0x000000000000b840        0x0 /home/diego/intelFPGA_lite/20.1/nios2eds/bin/gnu/H-x86_64-pc-linux-gnu/bin/../lib/gcc/nios2-elf/9.2.1/../../../../../H-x86_64-pc-linux-gnu/nios2-elf/lib/mno-hw-mul/libsmallc.a(lib_a-int_errno.o)
 .bss           0x000000000000b840        0x0 /home/diego/intelFPGA_lite/20.1/nios2eds/bin/gnu/H-x86_64-pc-linux-gnu/bin/../lib/gcc/nios2-elf/9.2.1/mno-hw-mul/libgcc.a(lib2-divmod.o)
 .bss           0x000000000000b840        0x0 ../hello_world_bsp//libhal_bsp.a(alt_load.o)
 .bss           0x000000000000b840        0x0 ../hello_world_bsp//libhal_bsp.a(alt_main.o)
 .bss           0x000000000000b840        0x0 ../hello_world_bsp//libhal_bsp.a(alt_times.o)
 .bss           0x000000000000b840        0x0 ../hello_world_bsp//libhal_bsp.a(alt_write.o)
 .bss           0x000000000000b840        0x0 ../hello_world_bsp//libhal_bsp.a(alt_sys_init.o)
 .bss           0x000000000000b840        0x0 ../hello_world_bsp//libhal_bsp.a(altera_avalon_jtag_uart_fd.o)
 .bss           0x000000000000b840        0x0 ../hello_world_bsp//libhal_bsp.a(altera_avalon_jtag_uart_read.o)
 .bss           0x000000000000b840        0x0 ../hello_world_bsp//libhal_bsp.a(altera_avalon_jtag_uart_write.o)
 .bss           0x000000000000b840        0x0 ../hello_world_bsp//libhal_bsp.a(altera_avalon_timer_sc.o)
 .bss           0x000000000000b840        0x0 ../hello_world_bsp//libhal_bsp.a(alt_close.o)
 .bss           0x000000000000b840        0x0 ../hello_world_bsp//libhal_bsp.a(alt_dcache_flush_all.o)
 .bss           0x000000000000b840        0x0 ../hello_world_bsp//libhal_bsp.a(alt_dev.o)
 .bss           0x000000000000b840        0x0 ../hello_world_bsp//libhal_bsp.a(alt_dev_llist_insert.o)
 .bss           0x000000000000b840        0x0 ../hello_world_bsp//libhal_bsp.a(alt_do_ctors.o)
 .bss           0x000000000000b840        0x0 ../hello_world_bsp//libhal_bsp.a(alt_do_dtors.o)
 .bss           0x000000000000b840        0x0 ../hello_world_bsp//libhal_bsp.a(alt_errno.o)
 .bss           0x000000000000b840        0x0 ../hello_world_bsp//libhal_bsp.a(alt_icache_flush_all.o)
 .bss           0x000000000000b840        0x0 ../hello_world_bsp//libhal_bsp.a(alt_iic.o)
 .bss           0x000000000000b840        0x0 ../hello_world_bsp//libhal_bsp.a(alt_iic_isr_register.o)
 .bss           0x000000000000b840        0x0 ../hello_world_bsp//libhal_bsp.a(alt_io_redirect.o)
 .bss           0x000000000000b840        0x0 ../hello_world_bsp//libhal_bsp.a(alt_irq_entry.o)
 .bss           0x000000000000b840        0x0 ../hello_world_bsp//libhal_bsp.a(alt_irq_handler.o)
 .bss           0x000000000000b840        0x0 ../hello_world_bsp//libhal_bsp.a(alt_irq_vars.o)
 .bss           0x000000000000b840        0x0 ../hello_world_bsp//libhal_bsp.a(alt_open.o)
 .bss           0x000000000000b840        0x0 ../hello_world_bsp//libhal_bsp.a(alt_release_fd.o)
 .bss           0x000000000000b840        0x0 ../hello_world_bsp//libhal_bsp.a(alt_tick.o)
 .bss           0x000000000000b840        0x0 ../hello_world_bsp//libhal_bsp.a(altera_nios2_gen2_irq.o)
 .bss           0x000000000000b840        0x0 ../hello_world_bsp//libhal_bsp.a(alt_exception_entry.o)
 .bss           0x000000000000b840        0x0 ../hello_world_bsp//libhal_bsp.a(alt_find_dev.o)
 .bss           0x000000000000b840        0x0 ../hello_world_bsp//libhal_bsp.a(alt_find_file.o)
 .bss           0x000000000000b840        0x0 ../hello_world_bsp//libhal_bsp.a(alt_get_fd.o)
 .bss           0x000000000000b840        0x0 ../hello_world_bsp//libhal_bsp.a(alt_icache_flush.o)
 .bss           0x000000000000b840        0x0 ../hello_world_bsp//libhal_bsp.a(alt_instruction_exception_entry.o)
 .bss           0x000000000000b840        0x0 /home/diego/intelFPGA_lite/20.1/nios2eds/bin/gnu/H-x86_64-pc-linux-gnu/bin/../lib/gcc/nios2-elf/9.2.1/../../../../../H-x86_64-pc-linux-gnu/nios2-elf/lib/mno-hw-mul/libsmallc.a(lib_a-atexit.o)
 .bss           0x000000000000b840        0x0 /home/diego/intelFPGA_lite/20.1/nios2eds/bin/gnu/H-x86_64-pc-linux-gnu/bin/../lib/gcc/nios2-elf/9.2.1/../../../../../H-x86_64-pc-linux-gnu/nios2-elf/lib/mno-hw-mul/libsmallc.a(lib_a-exit.o)
 .bss           0x000000000000b840        0x0 /home/diego/intelFPGA_lite/20.1/nios2eds/bin/gnu/H-x86_64-pc-linux-gnu/bin/../lib/gcc/nios2-elf/9.2.1/../../../../../H-x86_64-pc-linux-gnu/nios2-elf/lib/mno-hw-mul/libsmallc.a(lib_a-memcmp.o)
 .bss           0x000000000000b840        0x0 /home/diego/intelFPGA_lite/20.1/nios2eds/bin/gnu/H-x86_64-pc-linux-gnu/bin/../lib/gcc/nios2-elf/9.2.1/../../../../../H-x86_64-pc-linux-gnu/nios2-elf/lib/mno-hw-mul/libsmallc.a(lib_a-__atexit.o)
 .bss           0x000000000000b840        0x0 /home/diego/intelFPGA_lite/20.1/nios2eds/bin/gnu/H-x86_64-pc-linux-gnu/bin/../lib/gcc/nios2-elf/9.2.1/../../../../../H-x86_64-pc-linux-gnu/nios2-elf/lib/mno-hw-mul/libsmallc.a(lib_a-__call_atexit.o)
 .bss           0x000000000000b840        0x0 ../hello_world_bsp//libhal_bsp.a(alt_exit.o)
 *(COMMON)
 COMMON         0x000000000000b840      0x100 ../hello_world_bsp//libhal_bsp.a(alt_irq_handler.o)
                0x000000000000b840                alt_irq
                0x000000000000b940                . = ALIGN (0x4)
                0x000000000000b940                __bss_end = ABSOLUTE (.)

.onchip_mem     0x000000000000b940        0x0
                [!provide]                        PROVIDE (_alt_partition_onchip_mem_start = ABSOLUTE (.))
 *(.onchip_mem .onchip_mem. onchip_mem.*)
                0x000000000000b940                . = ALIGN (0x4)
                [!provide]                        PROVIDE (_alt_partition_onchip_mem_end = ABSOLUTE (.))
                0x000000000000b940                _end = ABSOLUTE (.)
                0x000000000000b940                end = ABSOLUTE (.)
                0x000000000000b940                __alt_stack_base = ABSOLUTE (.)
                [!provide]                        PROVIDE (_alt_partition_onchip_mem_load_addr = LOADADDR (.onchip_mem))

.stab
 *(.stab)

.stabstr
 *(.stabstr)

.stab.excl
 *(.stab.excl)

.stab.exclstr
 *(.stab.exclstr)

.stab.index
 *(.stab.index)

.stab.indexstr
 *(.stab.indexstr)

.comment        0x0000000000000000       0x2c
 *(.comment)
 .comment       0x0000000000000000       0x2c obj/default/hello_world.o
                                         0x2d (size before relaxing)
 .comment       0x000000000000002c       0x2d /home/diego/intelFPGA_lite/20.1/nios2eds/bin/gnu/H-x86_64-pc-linux-gnu/bin/../lib/gcc/nios2-elf/9.2.1/mno-hw-mul/libgcc.a(addsf3.o)
 .comment       0x000000000000002c       0x2d /home/diego/intelFPGA_lite/20.1/nios2eds/bin/gnu/H-x86_64-pc-linux-gnu/bin/../lib/gcc/nios2-elf/9.2.1/mno-hw-mul/libgcc.a(mulsf3.o)
 .comment       0x000000000000002c       0x2d /home/diego/intelFPGA_lite/20.1/nios2eds/bin/gnu/H-x86_64-pc-linux-gnu/bin/../lib/gcc/nios2-elf/9.2.1/mno-hw-mul/libgcc.a(fixsfsi.o)
 .comment       0x000000000000002c       0x2d /home/diego/intelFPGA_lite/20.1/nios2eds/bin/gnu/H-x86_64-pc-linux-gnu/bin/../lib/gcc/nios2-elf/9.2.1/mno-hw-mul/libgcc.a(_clzsi2.o)
 .comment       0x000000000000002c       0x2d /home/diego/intelFPGA_lite/20.1/nios2eds/bin/gnu/H-x86_64-pc-linux-gnu/bin/../lib/gcc/nios2-elf/9.2.1/mno-hw-mul/libgcc.a(lib2-mul.o)
 .comment       0x000000000000002c       0x2d /home/diego/intelFPGA_lite/20.1/nios2eds/bin/gnu/H-x86_64-pc-linux-gnu/bin/../lib/gcc/nios2-elf/9.2.1/mno-hw-mul/libgcc.a(_clz.o)
 .comment       0x000000000000002c       0x2d /home/diego/intelFPGA_lite/20.1/nios2eds/bin/gnu/H-x86_64-pc-linux-gnu/bin/../lib/gcc/nios2-elf/9.2.1/../../../../../H-x86_64-pc-linux-gnu/nios2-elf/lib/mno-hw-mul/libsmallc.a(lib_a-printf.o)
 .comment       0x000000000000002c       0x2d /home/diego/intelFPGA_lite/20.1/nios2eds/bin/gnu/H-x86_64-pc-linux-gnu/bin/../lib/gcc/nios2-elf/9.2.1/../../../../../H-x86_64-pc-linux-gnu/nios2-elf/lib/mno-hw-mul/libsmallc.a(lib_a-puts.o)
 .comment       0x000000000000002c       0x2d /home/diego/intelFPGA_lite/20.1/nios2eds/bin/gnu/H-x86_64-pc-linux-gnu/bin/../lib/gcc/nios2-elf/9.2.1/../../../../../H-x86_64-pc-linux-gnu/nios2-elf/lib/mno-hw-mul/libsmallc.a(lib_a-strlen.o)
 .comment       0x000000000000002c       0x2d /home/diego/intelFPGA_lite/20.1/nios2eds/bin/gnu/H-x86_64-pc-linux-gnu/bin/../lib/gcc/nios2-elf/9.2.1/../../../../../H-x86_64-pc-linux-gnu/nios2-elf/lib/mno-hw-mul/libsmallc.a(lib_a-vfprintf.o)
 .comment       0x000000000000002c       0x2d /home/diego/intelFPGA_lite/20.1/nios2eds/bin/gnu/H-x86_64-pc-linux-gnu/bin/../lib/gcc/nios2-elf/9.2.1/../../../../../H-x86_64-pc-linux-gnu/nios2-elf/lib/mno-hw-mul/libsmallc.a(lib_a-fvwrite_small_dev.o)
 .comment       0x000000000000002c       0x2d /home/diego/intelFPGA_lite/20.1/nios2eds/bin/gnu/H-x86_64-pc-linux-gnu/bin/../lib/gcc/nios2-elf/9.2.1/../../../../../H-x86_64-pc-linux-gnu/nios2-elf/lib/mno-hw-mul/libsmallc.a(lib_a-impure.o)
 .comment       0x000000000000002c       0x2d /home/diego/intelFPGA_lite/20.1/nios2eds/bin/gnu/H-x86_64-pc-linux-gnu/bin/../lib/gcc/nios2-elf/9.2.1/../../../../../H-x86_64-pc-linux-gnu/nios2-elf/lib/mno-hw-mul/libsmallc.a(lib_a-writer.o)
 .comment       0x000000000000002c       0x2d /home/diego/intelFPGA_lite/20.1/nios2eds/bin/gnu/H-x86_64-pc-linux-gnu/bin/../lib/gcc/nios2-elf/9.2.1/../../../../../H-x86_64-pc-linux-gnu/nios2-elf/lib/mno-hw-mul/libsmallc.a(lib_a-int_errno.o)
 .comment       0x000000000000002c       0x2d /home/diego/intelFPGA_lite/20.1/nios2eds/bin/gnu/H-x86_64-pc-linux-gnu/bin/../lib/gcc/nios2-elf/9.2.1/mno-hw-mul/libgcc.a(lib2-divmod.o)
 .comment       0x000000000000002c       0x2d ../hello_world_bsp//libhal_bsp.a(alt_load.o)
 .comment       0x000000000000002c       0x2d ../hello_world_bsp//libhal_bsp.a(alt_main.o)
 .comment       0x000000000000002c       0x2d ../hello_world_bsp//libhal_bsp.a(alt_times.o)
 .comment       0x000000000000002c       0x2d ../hello_world_bsp//libhal_bsp.a(alt_write.o)
 .comment       0x000000000000002c       0x2d ../hello_world_bsp//libhal_bsp.a(alt_sys_init.o)
 .comment       0x000000000000002c       0x2d ../hello_world_bsp//libhal_bsp.a(altera_avalon_jtag_uart_fd.o)
 .comment       0x000000000000002c       0x2d ../hello_world_bsp//libhal_bsp.a(altera_avalon_jtag_uart_read.o)
 .comment       0x000000000000002c       0x2d ../hello_world_bsp//libhal_bsp.a(altera_avalon_jtag_uart_write.o)
 .comment       0x000000000000002c       0x2d ../hello_world_bsp//libhal_bsp.a(altera_avalon_timer_sc.o)
 .comment       0x000000000000002c       0x2d ../hello_world_bsp//libhal_bsp.a(alt_close.o)
 .comment       0x000000000000002c       0x2d ../hello_world_bsp//libhal_bsp.a(alt_dcache_flush_all.o)
 .comment       0x000000000000002c       0x2d ../hello_world_bsp//libhal_bsp.a(alt_dev.o)
 .comment       0x000000000000002c       0x2d ../hello_world_bsp//libhal_bsp.a(alt_dev_llist_insert.o)
 .comment       0x000000000000002c       0x2d ../hello_world_bsp//libhal_bsp.a(alt_do_ctors.o)
 .comment       0x000000000000002c       0x2d ../hello_world_bsp//libhal_bsp.a(alt_do_dtors.o)
 .comment       0x000000000000002c       0x2d ../hello_world_bsp//libhal_bsp.a(alt_errno.o)
 .comment       0x000000000000002c       0x2d ../hello_world_bsp//libhal_bsp.a(alt_icache_flush_all.o)
 .comment       0x000000000000002c       0x2d ../hello_world_bsp//libhal_bsp.a(alt_iic.o)
 .comment       0x000000000000002c       0x2d ../hello_world_bsp//libhal_bsp.a(alt_iic_isr_register.o)
 .comment       0x000000000000002c       0x2d ../hello_world_bsp//libhal_bsp.a(alt_io_redirect.o)
 .comment       0x000000000000002c       0x2d ../hello_world_bsp//libhal_bsp.a(alt_irq_handler.o)
 .comment       0x000000000000002c       0x2d ../hello_world_bsp//libhal_bsp.a(alt_irq_vars.o)
 .comment       0x000000000000002c       0x2d ../hello_world_bsp//libhal_bsp.a(alt_open.o)
 .comment       0x000000000000002c       0x2d ../hello_world_bsp//libhal_bsp.a(alt_release_fd.o)
 .comment       0x000000000000002c       0x2d ../hello_world_bsp//libhal_bsp.a(alt_tick.o)
 .comment       0x000000000000002c       0x2d ../hello_world_bsp//libhal_bsp.a(altera_nios2_gen2_irq.o)
 .comment       0x000000000000002c       0x2d ../hello_world_bsp//libhal_bsp.a(alt_find_dev.o)
 .comment       0x000000000000002c       0x2d ../hello_world_bsp//libhal_bsp.a(alt_find_file.o)
 .comment       0x000000000000002c       0x2d ../hello_world_bsp//libhal_bsp.a(alt_get_fd.o)
 .comment       0x000000000000002c       0x2d ../hello_world_bsp//libhal_bsp.a(alt_icache_flush.o)
 .comment       0x000000000000002c       0x2d ../hello_world_bsp//libhal_bsp.a(alt_instruction_exception_entry.o)
 .comment       0x000000000000002c       0x2d /home/diego/intelFPGA_lite/20.1/nios2eds/bin/gnu/H-x86_64-pc-linux-gnu/bin/../lib/gcc/nios2-elf/9.2.1/../../../../../H-x86_64-pc-linux-gnu/nios2-elf/lib/mno-hw-mul/libsmallc.a(lib_a-atexit.o)
 .comment       0x000000000000002c       0x2d /home/diego/intelFPGA_lite/20.1/nios2eds/bin/gnu/H-x86_64-pc-linux-gnu/bin/../lib/gcc/nios2-elf/9.2.1/../../../../../H-x86_64-pc-linux-gnu/nios2-elf/lib/mno-hw-mul/libsmallc.a(lib_a-exit.o)
 .comment       0x000000000000002c       0x2d /home/diego/intelFPGA_lite/20.1/nios2eds/bin/gnu/H-x86_64-pc-linux-gnu/bin/../lib/gcc/nios2-elf/9.2.1/../../../../../H-x86_64-pc-linux-gnu/nios2-elf/lib/mno-hw-mul/libsmallc.a(lib_a-memcmp.o)
 .comment       0x000000000000002c       0x2d /home/diego/intelFPGA_lite/20.1/nios2eds/bin/gnu/H-x86_64-pc-linux-gnu/bin/../lib/gcc/nios2-elf/9.2.1/../../../../../H-x86_64-pc-linux-gnu/nios2-elf/lib/mno-hw-mul/libsmallc.a(lib_a-__atexit.o)
 .comment       0x000000000000002c       0x2d /home/diego/intelFPGA_lite/20.1/nios2eds/bin/gnu/H-x86_64-pc-linux-gnu/bin/../lib/gcc/nios2-elf/9.2.1/../../../../../H-x86_64-pc-linux-gnu/nios2-elf/lib/mno-hw-mul/libsmallc.a(lib_a-__call_atexit.o)
 .comment       0x000000000000002c       0x2d ../hello_world_bsp//libhal_bsp.a(alt_exit.o)

.debug
 *(.debug)

.line
 *(.line)

.debug_srcinfo
 *(.debug_srcinfo)

.debug_sfnames
 *(.debug_sfnames)

.debug_aranges  0x0000000000000000      0x730
 *(.debug_aranges)
 .debug_aranges
                0x0000000000000000       0x28 ../hello_world_bsp//obj/HAL/src/crt0.o
 .debug_aranges
                0x0000000000000028       0x20 obj/default/hello_world.o
 .debug_aranges
                0x0000000000000048       0x20 /home/diego/intelFPGA_lite/20.1/nios2eds/bin/gnu/H-x86_64-pc-linux-gnu/bin/../lib/gcc/nios2-elf/9.2.1/mno-hw-mul/libgcc.a(addsf3.o)
 .debug_aranges
                0x0000000000000068       0x20 /home/diego/intelFPGA_lite/20.1/nios2eds/bin/gnu/H-x86_64-pc-linux-gnu/bin/../lib/gcc/nios2-elf/9.2.1/mno-hw-mul/libgcc.a(mulsf3.o)
 .debug_aranges
                0x0000000000000088       0x20 /home/diego/intelFPGA_lite/20.1/nios2eds/bin/gnu/H-x86_64-pc-linux-gnu/bin/../lib/gcc/nios2-elf/9.2.1/mno-hw-mul/libgcc.a(fixsfsi.o)
 .debug_aranges
                0x00000000000000a8       0x20 /home/diego/intelFPGA_lite/20.1/nios2eds/bin/gnu/H-x86_64-pc-linux-gnu/bin/../lib/gcc/nios2-elf/9.2.1/mno-hw-mul/libgcc.a(_clzsi2.o)
 .debug_aranges
                0x00000000000000c8       0x20 /home/diego/intelFPGA_lite/20.1/nios2eds/bin/gnu/H-x86_64-pc-linux-gnu/bin/../lib/gcc/nios2-elf/9.2.1/mno-hw-mul/libgcc.a(lib2-mul.o)
 .debug_aranges
                0x00000000000000e8       0x18 /home/diego/intelFPGA_lite/20.1/nios2eds/bin/gnu/H-x86_64-pc-linux-gnu/bin/../lib/gcc/nios2-elf/9.2.1/mno-hw-mul/libgcc.a(_clz.o)
 .debug_aranges
                0x0000000000000100       0x28 /home/diego/intelFPGA_lite/20.1/nios2eds/bin/gnu/H-x86_64-pc-linux-gnu/bin/../lib/gcc/nios2-elf/9.2.1/../../../../../H-x86_64-pc-linux-gnu/nios2-elf/lib/mno-hw-mul/libsmallc.a(lib_a-printf.o)
 .debug_aranges
                0x0000000000000128       0x28 /home/diego/intelFPGA_lite/20.1/nios2eds/bin/gnu/H-x86_64-pc-linux-gnu/bin/../lib/gcc/nios2-elf/9.2.1/../../../../../H-x86_64-pc-linux-gnu/nios2-elf/lib/mno-hw-mul/libsmallc.a(lib_a-puts.o)
 .debug_aranges
                0x0000000000000150       0x20 /home/diego/intelFPGA_lite/20.1/nios2eds/bin/gnu/H-x86_64-pc-linux-gnu/bin/../lib/gcc/nios2-elf/9.2.1/../../../../../H-x86_64-pc-linux-gnu/nios2-elf/lib/mno-hw-mul/libsmallc.a(lib_a-strlen.o)
 .debug_aranges
                0x0000000000000170       0x30 /home/diego/intelFPGA_lite/20.1/nios2eds/bin/gnu/H-x86_64-pc-linux-gnu/bin/../lib/gcc/nios2-elf/9.2.1/../../../../../H-x86_64-pc-linux-gnu/nios2-elf/lib/mno-hw-mul/libsmallc.a(lib_a-vfprintf.o)
 .debug_aranges
                0x00000000000001a0       0x20 /home/diego/intelFPGA_lite/20.1/nios2eds/bin/gnu/H-x86_64-pc-linux-gnu/bin/../lib/gcc/nios2-elf/9.2.1/../../../../../H-x86_64-pc-linux-gnu/nios2-elf/lib/mno-hw-mul/libsmallc.a(lib_a-fvwrite_small_dev.o)
 .debug_aranges
                0x00000000000001c0       0x18 /home/diego/intelFPGA_lite/20.1/nios2eds/bin/gnu/H-x86_64-pc-linux-gnu/bin/../lib/gcc/nios2-elf/9.2.1/../../../../../H-x86_64-pc-linux-gnu/nios2-elf/lib/mno-hw-mul/libsmallc.a(lib_a-impure.o)
 .debug_aranges
                0x00000000000001d8       0x20 /home/diego/intelFPGA_lite/20.1/nios2eds/bin/gnu/H-x86_64-pc-linux-gnu/bin/../lib/gcc/nios2-elf/9.2.1/../../../../../H-x86_64-pc-linux-gnu/nios2-elf/lib/mno-hw-mul/libsmallc.a(lib_a-writer.o)
 .debug_aranges
                0x00000000000001f8       0x18 /home/diego/intelFPGA_lite/20.1/nios2eds/bin/gnu/H-x86_64-pc-linux-gnu/bin/../lib/gcc/nios2-elf/9.2.1/../../../../../H-x86_64-pc-linux-gnu/nios2-elf/lib/mno-hw-mul/libsmallc.a(lib_a-int_errno.o)
 .debug_aranges
                0x0000000000000210       0x20 /home/diego/intelFPGA_lite/20.1/nios2eds/bin/gnu/H-x86_64-pc-linux-gnu/bin/../lib/gcc/nios2-elf/9.2.1/mno-hw-mul/libgcc.a(lib2-divmod.o)
 .debug_aranges
                0x0000000000000230       0x20 ../hello_world_bsp//libhal_bsp.a(alt_load.o)
 .debug_aranges
                0x0000000000000250       0x20 ../hello_world_bsp//libhal_bsp.a(alt_main.o)
 .debug_aranges
                0x0000000000000270       0x20 ../hello_world_bsp//libhal_bsp.a(alt_times.o)
 .debug_aranges
                0x0000000000000290       0x20 ../hello_world_bsp//libhal_bsp.a(alt_write.o)
 .debug_aranges
                0x00000000000002b0       0x20 ../hello_world_bsp//libhal_bsp.a(alt_sys_init.o)
 .debug_aranges
                0x00000000000002d0       0x20 ../hello_world_bsp//libhal_bsp.a(altera_avalon_jtag_uart_fd.o)
 .debug_aranges
                0x00000000000002f0       0x20 ../hello_world_bsp//libhal_bsp.a(altera_avalon_jtag_uart_read.o)
 .debug_aranges
                0x0000000000000310       0x20 ../hello_world_bsp//libhal_bsp.a(altera_avalon_jtag_uart_write.o)
 .debug_aranges
                0x0000000000000330       0x20 ../hello_world_bsp//libhal_bsp.a(altera_avalon_timer_sc.o)
 .debug_aranges
                0x0000000000000350       0x20 ../hello_world_bsp//libhal_bsp.a(alt_close.o)
 .debug_aranges
                0x0000000000000370       0x20 ../hello_world_bsp//libhal_bsp.a(alt_dcache_flush_all.o)
 .debug_aranges
                0x0000000000000390       0x20 ../hello_world_bsp//libhal_bsp.a(alt_dev.o)
 .debug_aranges
                0x00000000000003b0       0x20 ../hello_world_bsp//libhal_bsp.a(alt_dev_llist_insert.o)
 .debug_aranges
                0x00000000000003d0       0x20 ../hello_world_bsp//libhal_bsp.a(alt_do_ctors.o)
 .debug_aranges
                0x00000000000003f0       0x20 ../hello_world_bsp//libhal_bsp.a(alt_do_dtors.o)
 .debug_aranges
                0x0000000000000410       0x18 ../hello_world_bsp//libhal_bsp.a(alt_errno.o)
 .debug_aranges
                0x0000000000000428       0x20 ../hello_world_bsp//libhal_bsp.a(alt_icache_flush_all.o)
 .debug_aranges
                0x0000000000000448       0x20 ../hello_world_bsp//libhal_bsp.a(alt_iic.o)
 .debug_aranges
                0x0000000000000468       0x20 ../hello_world_bsp//libhal_bsp.a(alt_iic_isr_register.o)
 .debug_aranges
                0x0000000000000488       0x20 ../hello_world_bsp//libhal_bsp.a(alt_io_redirect.o)
 .debug_aranges
                0x00000000000004a8       0x30 ../hello_world_bsp//libhal_bsp.a(alt_irq_entry.o)
 .debug_aranges
                0x00000000000004d8       0x20 ../hello_world_bsp//libhal_bsp.a(alt_irq_handler.o)
 .debug_aranges
                0x00000000000004f8       0x18 ../hello_world_bsp//libhal_bsp.a(alt_irq_vars.o)
 .debug_aranges
                0x0000000000000510       0x20 ../hello_world_bsp//libhal_bsp.a(alt_open.o)
 .debug_aranges
                0x0000000000000530       0x20 ../hello_world_bsp//libhal_bsp.a(alt_release_fd.o)
 .debug_aranges
                0x0000000000000550       0x20 ../hello_world_bsp//libhal_bsp.a(alt_tick.o)
 .debug_aranges
                0x0000000000000570       0x20 ../hello_world_bsp//libhal_bsp.a(altera_nios2_gen2_irq.o)
 .debug_aranges
                0x0000000000000590       0x38 ../hello_world_bsp//libhal_bsp.a(alt_exception_entry.o)
 .debug_aranges
                0x00000000000005c8       0x20 ../hello_world_bsp//libhal_bsp.a(alt_find_dev.o)
 .debug_aranges
                0x00000000000005e8       0x20 ../hello_world_bsp//libhal_bsp.a(alt_find_file.o)
 .debug_aranges
                0x0000000000000608       0x20 ../hello_world_bsp//libhal_bsp.a(alt_get_fd.o)
 .debug_aranges
                0x0000000000000628       0x20 ../hello_world_bsp//libhal_bsp.a(alt_icache_flush.o)
 .debug_aranges
                0x0000000000000648       0x28 ../hello_world_bsp//libhal_bsp.a(alt_instruction_exception_entry.o)
 .debug_aranges
                0x0000000000000670       0x20 /home/diego/intelFPGA_lite/20.1/nios2eds/bin/gnu/H-x86_64-pc-linux-gnu/bin/../lib/gcc/nios2-elf/9.2.1/../../../../../H-x86_64-pc-linux-gnu/nios2-elf/lib/mno-hw-mul/libsmallc.a(lib_a-atexit.o)
 .debug_aranges
                0x0000000000000690       0x20 /home/diego/intelFPGA_lite/20.1/nios2eds/bin/gnu/H-x86_64-pc-linux-gnu/bin/../lib/gcc/nios2-elf/9.2.1/../../../../../H-x86_64-pc-linux-gnu/nios2-elf/lib/mno-hw-mul/libsmallc.a(lib_a-exit.o)
 .debug_aranges
                0x00000000000006b0       0x20 /home/diego/intelFPGA_lite/20.1/nios2eds/bin/gnu/H-x86_64-pc-linux-gnu/bin/../lib/gcc/nios2-elf/9.2.1/../../../../../H-x86_64-pc-linux-gnu/nios2-elf/lib/mno-hw-mul/libsmallc.a(lib_a-memcmp.o)
 .debug_aranges
                0x00000000000006d0       0x20 /home/diego/intelFPGA_lite/20.1/nios2eds/bin/gnu/H-x86_64-pc-linux-gnu/bin/../lib/gcc/nios2-elf/9.2.1/../../../../../H-x86_64-pc-linux-gnu/nios2-elf/lib/mno-hw-mul/libsmallc.a(lib_a-__atexit.o)
 .debug_aranges
                0x00000000000006f0       0x20 /home/diego/intelFPGA_lite/20.1/nios2eds/bin/gnu/H-x86_64-pc-linux-gnu/bin/../lib/gcc/nios2-elf/9.2.1/../../../../../H-x86_64-pc-linux-gnu/nios2-elf/lib/mno-hw-mul/libsmallc.a(lib_a-__call_atexit.o)
 .debug_aranges
                0x0000000000000710       0x20 ../hello_world_bsp//libhal_bsp.a(alt_exit.o)

.debug_pubnames
 *(.debug_pubnames)

.debug_info     0x0000000000000000    0x1b99c
 *(.debug_info .gnu.linkonce.wi.*)
 .debug_info    0x0000000000000000       0x22 ../hello_world_bsp//obj/HAL/src/crt0.o
 .debug_info    0x0000000000000022      0xb04 obj/default/hello_world.o
 .debug_info    0x0000000000000b26      0x394 /home/diego/intelFPGA_lite/20.1/nios2eds/bin/gnu/H-x86_64-pc-linux-gnu/bin/../lib/gcc/nios2-elf/9.2.1/mno-hw-mul/libgcc.a(addsf3.o)
 .debug_info    0x0000000000000eba      0x417 /home/diego/intelFPGA_lite/20.1/nios2eds/bin/gnu/H-x86_64-pc-linux-gnu/bin/../lib/gcc/nios2-elf/9.2.1/mno-hw-mul/libgcc.a(mulsf3.o)
 .debug_info    0x00000000000012d1      0x200 /home/diego/intelFPGA_lite/20.1/nios2eds/bin/gnu/H-x86_64-pc-linux-gnu/bin/../lib/gcc/nios2-elf/9.2.1/mno-hw-mul/libgcc.a(fixsfsi.o)
 .debug_info    0x00000000000014d1      0x1ea /home/diego/intelFPGA_lite/20.1/nios2eds/bin/gnu/H-x86_64-pc-linux-gnu/bin/../lib/gcc/nios2-elf/9.2.1/mno-hw-mul/libgcc.a(_clzsi2.o)
 .debug_info    0x00000000000016bb       0xcb /home/diego/intelFPGA_lite/20.1/nios2eds/bin/gnu/H-x86_64-pc-linux-gnu/bin/../lib/gcc/nios2-elf/9.2.1/mno-hw-mul/libgcc.a(lib2-mul.o)
 .debug_info    0x0000000000001786      0x179 /home/diego/intelFPGA_lite/20.1/nios2eds/bin/gnu/H-x86_64-pc-linux-gnu/bin/../lib/gcc/nios2-elf/9.2.1/mno-hw-mul/libgcc.a(_clz.o)
 .debug_info    0x00000000000018ff      0x92f /home/diego/intelFPGA_lite/20.1/nios2eds/bin/gnu/H-x86_64-pc-linux-gnu/bin/../lib/gcc/nios2-elf/9.2.1/../../../../../H-x86_64-pc-linux-gnu/nios2-elf/lib/mno-hw-mul/libsmallc.a(lib_a-printf.o)
 .debug_info    0x000000000000222e      0x8ef /home/diego/intelFPGA_lite/20.1/nios2eds/bin/gnu/H-x86_64-pc-linux-gnu/bin/../lib/gcc/nios2-elf/9.2.1/../../../../../H-x86_64-pc-linux-gnu/nios2-elf/lib/mno-hw-mul/libsmallc.a(lib_a-puts.o)
 .debug_info    0x0000000000002b1d      0x649 /home/diego/intelFPGA_lite/20.1/nios2eds/bin/gnu/H-x86_64-pc-linux-gnu/bin/../lib/gcc/nios2-elf/9.2.1/../../../../../H-x86_64-pc-linux-gnu/nios2-elf/lib/mno-hw-mul/libsmallc.a(lib_a-strlen.o)
 .debug_info    0x0000000000003166     0x1412 /home/diego/intelFPGA_lite/20.1/nios2eds/bin/gnu/H-x86_64-pc-linux-gnu/bin/../lib/gcc/nios2-elf/9.2.1/../../../../../H-x86_64-pc-linux-gnu/nios2-elf/lib/mno-hw-mul/libsmallc.a(lib_a-vfprintf.o)
 .debug_info    0x0000000000004578      0x8c4 /home/diego/intelFPGA_lite/20.1/nios2eds/bin/gnu/H-x86_64-pc-linux-gnu/bin/../lib/gcc/nios2-elf/9.2.1/../../../../../H-x86_64-pc-linux-gnu/nios2-elf/lib/mno-hw-mul/libsmallc.a(lib_a-fvwrite_small_dev.o)
 .debug_info    0x0000000000004e3c      0x6e8 /home/diego/intelFPGA_lite/20.1/nios2eds/bin/gnu/H-x86_64-pc-linux-gnu/bin/../lib/gcc/nios2-elf/9.2.1/../../../../../H-x86_64-pc-linux-gnu/nios2-elf/lib/mno-hw-mul/libsmallc.a(lib_a-impure.o)
 .debug_info    0x0000000000005524      0x720 /home/diego/intelFPGA_lite/20.1/nios2eds/bin/gnu/H-x86_64-pc-linux-gnu/bin/../lib/gcc/nios2-elf/9.2.1/../../../../../H-x86_64-pc-linux-gnu/nios2-elf/lib/mno-hw-mul/libsmallc.a(lib_a-writer.o)
 .debug_info    0x0000000000005c44      0x614 /home/diego/intelFPGA_lite/20.1/nios2eds/bin/gnu/H-x86_64-pc-linux-gnu/bin/../lib/gcc/nios2-elf/9.2.1/../../../../../H-x86_64-pc-linux-gnu/nios2-elf/lib/mno-hw-mul/libsmallc.a(lib_a-int_errno.o)
 .debug_info    0x0000000000006258      0x368 /home/diego/intelFPGA_lite/20.1/nios2eds/bin/gnu/H-x86_64-pc-linux-gnu/bin/../lib/gcc/nios2-elf/9.2.1/mno-hw-mul/libgcc.a(lib2-divmod.o)
 .debug_info    0x00000000000065c0      0x9f5 ../hello_world_bsp//libhal_bsp.a(alt_load.o)
 .debug_info    0x0000000000006fb5      0xe76 ../hello_world_bsp//libhal_bsp.a(alt_main.o)
 .debug_info    0x0000000000007e2b      0xab8 ../hello_world_bsp//libhal_bsp.a(alt_times.o)
 .debug_info    0x00000000000088e3      0xeb8 ../hello_world_bsp//libhal_bsp.a(alt_write.o)
 .debug_info    0x000000000000979b      0xcc9 ../hello_world_bsp//libhal_bsp.a(alt_sys_init.o)
 .debug_info    0x000000000000a464      0x3cd ../hello_world_bsp//libhal_bsp.a(altera_avalon_jtag_uart_fd.o)
 .debug_info    0x000000000000a831      0xab7 ../hello_world_bsp//libhal_bsp.a(altera_avalon_jtag_uart_read.o)
 .debug_info    0x000000000000b2e8      0xa93 ../hello_world_bsp//libhal_bsp.a(altera_avalon_jtag_uart_write.o)
 .debug_info    0x000000000000bd7b      0xb0b ../hello_world_bsp//libhal_bsp.a(altera_avalon_timer_sc.o)
 .debug_info    0x000000000000c886      0xc60 ../hello_world_bsp//libhal_bsp.a(alt_close.o)
 .debug_info    0x000000000000d4e6      0x942 ../hello_world_bsp//libhal_bsp.a(alt_dcache_flush_all.o)
 .debug_info    0x000000000000de28      0xe95 ../hello_world_bsp//libhal_bsp.a(alt_dev.o)
 .debug_info    0x000000000000ecbd      0xa6e ../hello_world_bsp//libhal_bsp.a(alt_dev_llist_insert.o)
 .debug_info    0x000000000000f72b       0x88 ../hello_world_bsp//libhal_bsp.a(alt_do_ctors.o)
 .debug_info    0x000000000000f7b3       0x88 ../hello_world_bsp//libhal_bsp.a(alt_do_dtors.o)
 .debug_info    0x000000000000f83b      0x972 ../hello_world_bsp//libhal_bsp.a(alt_errno.o)
 .debug_info    0x00000000000101ad      0x934 ../hello_world_bsp//libhal_bsp.a(alt_icache_flush_all.o)
 .debug_info    0x0000000000010ae1      0xbf3 ../hello_world_bsp//libhal_bsp.a(alt_iic.o)
 .debug_info    0x00000000000116d4      0xab7 ../hello_world_bsp//libhal_bsp.a(alt_iic_isr_register.o)
 .debug_info    0x000000000001218b      0xe75 ../hello_world_bsp//libhal_bsp.a(alt_io_redirect.o)
 .debug_info    0x0000000000013000       0x22 ../hello_world_bsp//libhal_bsp.a(alt_irq_entry.o)
 .debug_info    0x0000000000013022      0xa3c ../hello_world_bsp//libhal_bsp.a(alt_irq_handler.o)
 .debug_info    0x0000000000013a5e       0x8b ../hello_world_bsp//libhal_bsp.a(alt_irq_vars.o)
 .debug_info    0x0000000000013ae9      0xc9f ../hello_world_bsp//libhal_bsp.a(alt_open.o)
 .debug_info    0x0000000000014788      0x2e9 ../hello_world_bsp//libhal_bsp.a(alt_release_fd.o)
 .debug_info    0x0000000000014a71      0xb84 ../hello_world_bsp//libhal_bsp.a(alt_tick.o)
 .debug_info    0x00000000000155f5      0x955 ../hello_world_bsp//libhal_bsp.a(altera_nios2_gen2_irq.o)
 .debug_info    0x0000000000015f4a       0x22 ../hello_world_bsp//libhal_bsp.a(alt_exception_entry.o)
 .debug_info    0x0000000000015f6c      0xbb2 ../hello_world_bsp//libhal_bsp.a(alt_find_dev.o)
 .debug_info    0x0000000000016b1e      0xba3 ../hello_world_bsp//libhal_bsp.a(alt_find_file.o)
 .debug_info    0x00000000000176c1      0xbea ../hello_world_bsp//libhal_bsp.a(alt_get_fd.o)
 .debug_info    0x00000000000182ab      0x97b ../hello_world_bsp//libhal_bsp.a(alt_icache_flush.o)
 .debug_info    0x0000000000018c26      0x1f1 ../hello_world_bsp//libhal_bsp.a(alt_instruction_exception_entry.o)
 .debug_info    0x0000000000018e17      0x689 /home/diego/intelFPGA_lite/20.1/nios2eds/bin/gnu/H-x86_64-pc-linux-gnu/bin/../lib/gcc/nios2-elf/9.2.1/../../../../../H-x86_64-pc-linux-gnu/nios2-elf/lib/mno-hw-mul/libsmallc.a(lib_a-atexit.o)
 .debug_info    0x00000000000194a0      0x6c4 /home/diego/intelFPGA_lite/20.1/nios2eds/bin/gnu/H-x86_64-pc-linux-gnu/bin/../lib/gcc/nios2-elf/9.2.1/../../../../../H-x86_64-pc-linux-gnu/nios2-elf/lib/mno-hw-mul/libsmallc.a(lib_a-exit.o)
 .debug_info    0x0000000000019b64      0x684 /home/diego/intelFPGA_lite/20.1/nios2eds/bin/gnu/H-x86_64-pc-linux-gnu/bin/../lib/gcc/nios2-elf/9.2.1/../../../../../H-x86_64-pc-linux-gnu/nios2-elf/lib/mno-hw-mul/libsmallc.a(lib_a-memcmp.o)
 .debug_info    0x000000000001a1e8      0x711 /home/diego/intelFPGA_lite/20.1/nios2eds/bin/gnu/H-x86_64-pc-linux-gnu/bin/../lib/gcc/nios2-elf/9.2.1/../../../../../H-x86_64-pc-linux-gnu/nios2-elf/lib/mno-hw-mul/libsmallc.a(lib_a-__atexit.o)
 .debug_info    0x000000000001a8f9      0x6f9 /home/diego/intelFPGA_lite/20.1/nios2eds/bin/gnu/H-x86_64-pc-linux-gnu/bin/../lib/gcc/nios2-elf/9.2.1/../../../../../H-x86_64-pc-linux-gnu/nios2-elf/lib/mno-hw-mul/libsmallc.a(lib_a-__call_atexit.o)
 .debug_info    0x000000000001aff2      0x9aa ../hello_world_bsp//libhal_bsp.a(alt_exit.o)

.debug_abbrev   0x0000000000000000     0x63ed
 *(.debug_abbrev)
 .debug_abbrev  0x0000000000000000       0x12 ../hello_world_bsp//obj/HAL/src/crt0.o
 .debug_abbrev  0x0000000000000012      0x25d obj/default/hello_world.o
 .debug_abbrev  0x000000000000026f      0x185 /home/diego/intelFPGA_lite/20.1/nios2eds/bin/gnu/H-x86_64-pc-linux-gnu/bin/../lib/gcc/nios2-elf/9.2.1/mno-hw-mul/libgcc.a(addsf3.o)
 .debug_abbrev  0x00000000000003f4      0x172 /home/diego/intelFPGA_lite/20.1/nios2eds/bin/gnu/H-x86_64-pc-linux-gnu/bin/../lib/gcc/nios2-elf/9.2.1/mno-hw-mul/libgcc.a(mulsf3.o)
 .debug_abbrev  0x0000000000000566      0x16e /home/diego/intelFPGA_lite/20.1/nios2eds/bin/gnu/H-x86_64-pc-linux-gnu/bin/../lib/gcc/nios2-elf/9.2.1/mno-hw-mul/libgcc.a(fixsfsi.o)
 .debug_abbrev  0x00000000000006d4       0xf7 /home/diego/intelFPGA_lite/20.1/nios2eds/bin/gnu/H-x86_64-pc-linux-gnu/bin/../lib/gcc/nios2-elf/9.2.1/mno-hw-mul/libgcc.a(_clzsi2.o)
 .debug_abbrev  0x00000000000007cb       0x7d /home/diego/intelFPGA_lite/20.1/nios2eds/bin/gnu/H-x86_64-pc-linux-gnu/bin/../lib/gcc/nios2-elf/9.2.1/mno-hw-mul/libgcc.a(lib2-mul.o)
 .debug_abbrev  0x0000000000000848       0xa8 /home/diego/intelFPGA_lite/20.1/nios2eds/bin/gnu/H-x86_64-pc-linux-gnu/bin/../lib/gcc/nios2-elf/9.2.1/mno-hw-mul/libgcc.a(_clz.o)
 .debug_abbrev  0x00000000000008f0      0x24e /home/diego/intelFPGA_lite/20.1/nios2eds/bin/gnu/H-x86_64-pc-linux-gnu/bin/../lib/gcc/nios2-elf/9.2.1/../../../../../H-x86_64-pc-linux-gnu/nios2-elf/lib/mno-hw-mul/libsmallc.a(lib_a-printf.o)
 .debug_abbrev  0x0000000000000b3e      0x225 /home/diego/intelFPGA_lite/20.1/nios2eds/bin/gnu/H-x86_64-pc-linux-gnu/bin/../lib/gcc/nios2-elf/9.2.1/../../../../../H-x86_64-pc-linux-gnu/nios2-elf/lib/mno-hw-mul/libsmallc.a(lib_a-puts.o)
 .debug_abbrev  0x0000000000000d63      0x1a8 /home/diego/intelFPGA_lite/20.1/nios2eds/bin/gnu/H-x86_64-pc-linux-gnu/bin/../lib/gcc/nios2-elf/9.2.1/../../../../../H-x86_64-pc-linux-gnu/nios2-elf/lib/mno-hw-mul/libsmallc.a(lib_a-strlen.o)
 .debug_abbrev  0x0000000000000f0b      0x34f /home/diego/intelFPGA_lite/20.1/nios2eds/bin/gnu/H-x86_64-pc-linux-gnu/bin/../lib/gcc/nios2-elf/9.2.1/../../../../../H-x86_64-pc-linux-gnu/nios2-elf/lib/mno-hw-mul/libsmallc.a(lib_a-vfprintf.o)
 .debug_abbrev  0x000000000000125a      0x238 /home/diego/intelFPGA_lite/20.1/nios2eds/bin/gnu/H-x86_64-pc-linux-gnu/bin/../lib/gcc/nios2-elf/9.2.1/../../../../../H-x86_64-pc-linux-gnu/nios2-elf/lib/mno-hw-mul/libsmallc.a(lib_a-fvwrite_small_dev.o)
 .debug_abbrev  0x0000000000001492      0x18d /home/diego/intelFPGA_lite/20.1/nios2eds/bin/gnu/H-x86_64-pc-linux-gnu/bin/../lib/gcc/nios2-elf/9.2.1/../../../../../H-x86_64-pc-linux-gnu/nios2-elf/lib/mno-hw-mul/libsmallc.a(lib_a-impure.o)
 .debug_abbrev  0x000000000000161f      0x1ec /home/diego/intelFPGA_lite/20.1/nios2eds/bin/gnu/H-x86_64-pc-linux-gnu/bin/../lib/gcc/nios2-elf/9.2.1/../../../../../H-x86_64-pc-linux-gnu/nios2-elf/lib/mno-hw-mul/libsmallc.a(lib_a-writer.o)
 .debug_abbrev  0x000000000000180b      0x186 /home/diego/intelFPGA_lite/20.1/nios2eds/bin/gnu/H-x86_64-pc-linux-gnu/bin/../lib/gcc/nios2-elf/9.2.1/../../../../../H-x86_64-pc-linux-gnu/nios2-elf/lib/mno-hw-mul/libsmallc.a(lib_a-int_errno.o)
 .debug_abbrev  0x0000000000001991      0x103 /home/diego/intelFPGA_lite/20.1/nios2eds/bin/gnu/H-x86_64-pc-linux-gnu/bin/../lib/gcc/nios2-elf/9.2.1/mno-hw-mul/libgcc.a(lib2-divmod.o)
 .debug_abbrev  0x0000000000001a94      0x21c ../hello_world_bsp//libhal_bsp.a(alt_load.o)
 .debug_abbrev  0x0000000000001cb0      0x21e ../hello_world_bsp//libhal_bsp.a(alt_main.o)
 .debug_abbrev  0x0000000000001ece      0x26a ../hello_world_bsp//libhal_bsp.a(alt_times.o)
 .debug_abbrev  0x0000000000002138      0x255 ../hello_world_bsp//libhal_bsp.a(alt_write.o)
 .debug_abbrev  0x000000000000238d      0x27e ../hello_world_bsp//libhal_bsp.a(alt_sys_init.o)
 .debug_abbrev  0x000000000000260b      0x125 ../hello_world_bsp//libhal_bsp.a(altera_avalon_jtag_uart_fd.o)
 .debug_abbrev  0x0000000000002730      0x23b ../hello_world_bsp//libhal_bsp.a(altera_avalon_jtag_uart_read.o)
 .debug_abbrev  0x000000000000296b      0x234 ../hello_world_bsp//libhal_bsp.a(altera_avalon_jtag_uart_write.o)
 .debug_abbrev  0x0000000000002b9f      0x2ca ../hello_world_bsp//libhal_bsp.a(altera_avalon_timer_sc.o)
 .debug_abbrev  0x0000000000002e69      0x23f ../hello_world_bsp//libhal_bsp.a(alt_close.o)
 .debug_abbrev  0x00000000000030a8      0x1f1 ../hello_world_bsp//libhal_bsp.a(alt_dcache_flush_all.o)
 .debug_abbrev  0x0000000000003299      0x212 ../hello_world_bsp//libhal_bsp.a(alt_dev.o)
 .debug_abbrev  0x00000000000034ab      0x268 ../hello_world_bsp//libhal_bsp.a(alt_dev_llist_insert.o)
 .debug_abbrev  0x0000000000003713       0x81 ../hello_world_bsp//libhal_bsp.a(alt_do_ctors.o)
 .debug_abbrev  0x0000000000003794       0x81 ../hello_world_bsp//libhal_bsp.a(alt_do_dtors.o)
 .debug_abbrev  0x0000000000003815      0x1df ../hello_world_bsp//libhal_bsp.a(alt_errno.o)
 .debug_abbrev  0x00000000000039f4      0x1e0 ../hello_world_bsp//libhal_bsp.a(alt_icache_flush_all.o)
 .debug_abbrev  0x0000000000003bd4      0x2e8 ../hello_world_bsp//libhal_bsp.a(alt_iic.o)
 .debug_abbrev  0x0000000000003ebc      0x2a7 ../hello_world_bsp//libhal_bsp.a(alt_iic_isr_register.o)
 .debug_abbrev  0x0000000000004163      0x232 ../hello_world_bsp//libhal_bsp.a(alt_io_redirect.o)
 .debug_abbrev  0x0000000000004395       0x12 ../hello_world_bsp//libhal_bsp.a(alt_irq_entry.o)
 .debug_abbrev  0x00000000000043a7      0x26b ../hello_world_bsp//libhal_bsp.a(alt_irq_handler.o)
 .debug_abbrev  0x0000000000004612       0x44 ../hello_world_bsp//libhal_bsp.a(alt_irq_vars.o)
 .debug_abbrev  0x0000000000004656      0x26c ../hello_world_bsp//libhal_bsp.a(alt_open.o)
 .debug_abbrev  0x00000000000048c2       0xea ../hello_world_bsp//libhal_bsp.a(alt_release_fd.o)
 .debug_abbrev  0x00000000000049ac      0x2b5 ../hello_world_bsp//libhal_bsp.a(alt_tick.o)
 .debug_abbrev  0x0000000000004c61      0x1e5 ../hello_world_bsp//libhal_bsp.a(altera_nios2_gen2_irq.o)
 .debug_abbrev  0x0000000000004e46       0x12 ../hello_world_bsp//libhal_bsp.a(alt_exception_entry.o)
 .debug_abbrev  0x0000000000004e58      0x21a ../hello_world_bsp//libhal_bsp.a(alt_find_dev.o)
 .debug_abbrev  0x0000000000005072      0x21a ../hello_world_bsp//libhal_bsp.a(alt_find_file.o)
 .debug_abbrev  0x000000000000528c      0x22d ../hello_world_bsp//libhal_bsp.a(alt_get_fd.o)
 .debug_abbrev  0x00000000000054b9      0x213 ../hello_world_bsp//libhal_bsp.a(alt_icache_flush.o)
 .debug_abbrev  0x00000000000056cc       0xea ../hello_world_bsp//libhal_bsp.a(alt_instruction_exception_entry.o)
 .debug_abbrev  0x00000000000057b6      0x1f4 /home/diego/intelFPGA_lite/20.1/nios2eds/bin/gnu/H-x86_64-pc-linux-gnu/bin/../lib/gcc/nios2-elf/9.2.1/../../../../../H-x86_64-pc-linux-gnu/nios2-elf/lib/mno-hw-mul/libsmallc.a(lib_a-atexit.o)
 .debug_abbrev  0x00000000000059aa      0x1e1 /home/diego/intelFPGA_lite/20.1/nios2eds/bin/gnu/H-x86_64-pc-linux-gnu/bin/../lib/gcc/nios2-elf/9.2.1/../../../../../H-x86_64-pc-linux-gnu/nios2-elf/lib/mno-hw-mul/libsmallc.a(lib_a-exit.o)
 .debug_abbrev  0x0000000000005b8b      0x1c0 /home/diego/intelFPGA_lite/20.1/nios2eds/bin/gnu/H-x86_64-pc-linux-gnu/bin/../lib/gcc/nios2-elf/9.2.1/../../../../../H-x86_64-pc-linux-gnu/nios2-elf/lib/mno-hw-mul/libsmallc.a(lib_a-memcmp.o)
 .debug_abbrev  0x0000000000005d4b      0x238 /home/diego/intelFPGA_lite/20.1/nios2eds/bin/gnu/H-x86_64-pc-linux-gnu/bin/../lib/gcc/nios2-elf/9.2.1/../../../../../H-x86_64-pc-linux-gnu/nios2-elf/lib/mno-hw-mul/libsmallc.a(lib_a-__atexit.o)
 .debug_abbrev  0x0000000000005f83      0x21d /home/diego/intelFPGA_lite/20.1/nios2eds/bin/gnu/H-x86_64-pc-linux-gnu/bin/../lib/gcc/nios2-elf/9.2.1/../../../../../H-x86_64-pc-linux-gnu/nios2-elf/lib/mno-hw-mul/libsmallc.a(lib_a-__call_atexit.o)
 .debug_abbrev  0x00000000000061a0      0x24d ../hello_world_bsp//libhal_bsp.a(alt_exit.o)

.debug_line     0x0000000000000000     0x7549
 *(.debug_line)
 .debug_line    0x0000000000000000       0x72 ../hello_world_bsp//obj/HAL/src/crt0.o
 .debug_line    0x0000000000000072      0x2da obj/default/hello_world.o
 .debug_line    0x000000000000034c      0x6fb /home/diego/intelFPGA_lite/20.1/nios2eds/bin/gnu/H-x86_64-pc-linux-gnu/bin/../lib/gcc/nios2-elf/9.2.1/mno-hw-mul/libgcc.a(addsf3.o)
 .debug_line    0x0000000000000a47      0x554 /home/diego/intelFPGA_lite/20.1/nios2eds/bin/gnu/H-x86_64-pc-linux-gnu/bin/../lib/gcc/nios2-elf/9.2.1/mno-hw-mul/libgcc.a(mulsf3.o)
 .debug_line    0x0000000000000f9b      0x156 /home/diego/intelFPGA_lite/20.1/nios2eds/bin/gnu/H-x86_64-pc-linux-gnu/bin/../lib/gcc/nios2-elf/9.2.1/mno-hw-mul/libgcc.a(fixsfsi.o)
 .debug_line    0x00000000000010f1      0x108 /home/diego/intelFPGA_lite/20.1/nios2eds/bin/gnu/H-x86_64-pc-linux-gnu/bin/../lib/gcc/nios2-elf/9.2.1/mno-hw-mul/libgcc.a(_clzsi2.o)
 .debug_line    0x00000000000011f9       0xb6 /home/diego/intelFPGA_lite/20.1/nios2eds/bin/gnu/H-x86_64-pc-linux-gnu/bin/../lib/gcc/nios2-elf/9.2.1/mno-hw-mul/libgcc.a(lib2-mul.o)
 .debug_line    0x00000000000012af       0xb4 /home/diego/intelFPGA_lite/20.1/nios2eds/bin/gnu/H-x86_64-pc-linux-gnu/bin/../lib/gcc/nios2-elf/9.2.1/mno-hw-mul/libgcc.a(_clz.o)
 .debug_line    0x0000000000001363      0x264 /home/diego/intelFPGA_lite/20.1/nios2eds/bin/gnu/H-x86_64-pc-linux-gnu/bin/../lib/gcc/nios2-elf/9.2.1/../../../../../H-x86_64-pc-linux-gnu/nios2-elf/lib/mno-hw-mul/libsmallc.a(lib_a-printf.o)
 .debug_line    0x00000000000015c7      0x264 /home/diego/intelFPGA_lite/20.1/nios2eds/bin/gnu/H-x86_64-pc-linux-gnu/bin/../lib/gcc/nios2-elf/9.2.1/../../../../../H-x86_64-pc-linux-gnu/nios2-elf/lib/mno-hw-mul/libsmallc.a(lib_a-puts.o)
 .debug_line    0x000000000000182b      0x1fa /home/diego/intelFPGA_lite/20.1/nios2eds/bin/gnu/H-x86_64-pc-linux-gnu/bin/../lib/gcc/nios2-elf/9.2.1/../../../../../H-x86_64-pc-linux-gnu/nios2-elf/lib/mno-hw-mul/libsmallc.a(lib_a-strlen.o)
 .debug_line    0x0000000000001a25      0x7bd /home/diego/intelFPGA_lite/20.1/nios2eds/bin/gnu/H-x86_64-pc-linux-gnu/bin/../lib/gcc/nios2-elf/9.2.1/../../../../../H-x86_64-pc-linux-gnu/nios2-elf/lib/mno-hw-mul/libsmallc.a(lib_a-vfprintf.o)
 .debug_line    0x00000000000021e2      0x275 /home/diego/intelFPGA_lite/20.1/nios2eds/bin/gnu/H-x86_64-pc-linux-gnu/bin/../lib/gcc/nios2-elf/9.2.1/../../../../../H-x86_64-pc-linux-gnu/nios2-elf/lib/mno-hw-mul/libsmallc.a(lib_a-fvwrite_small_dev.o)
 .debug_line    0x0000000000002457      0x15c /home/diego/intelFPGA_lite/20.1/nios2eds/bin/gnu/H-x86_64-pc-linux-gnu/bin/../lib/gcc/nios2-elf/9.2.1/../../../../../H-x86_64-pc-linux-gnu/nios2-elf/lib/mno-hw-mul/libsmallc.a(lib_a-impure.o)
 .debug_line    0x00000000000025b3      0x225 /home/diego/intelFPGA_lite/20.1/nios2eds/bin/gnu/H-x86_64-pc-linux-gnu/bin/../lib/gcc/nios2-elf/9.2.1/../../../../../H-x86_64-pc-linux-gnu/nios2-elf/lib/mno-hw-mul/libsmallc.a(lib_a-writer.o)
 .debug_line    0x00000000000027d8      0x1ce /home/diego/intelFPGA_lite/20.1/nios2eds/bin/gnu/H-x86_64-pc-linux-gnu/bin/../lib/gcc/nios2-elf/9.2.1/../../../../../H-x86_64-pc-linux-gnu/nios2-elf/lib/mno-hw-mul/libsmallc.a(lib_a-int_errno.o)
 .debug_line    0x00000000000029a6      0x2f9 /home/diego/intelFPGA_lite/20.1/nios2eds/bin/gnu/H-x86_64-pc-linux-gnu/bin/../lib/gcc/nios2-elf/9.2.1/mno-hw-mul/libgcc.a(lib2-divmod.o)
 .debug_line    0x0000000000002c9f      0x1fc ../hello_world_bsp//libhal_bsp.a(alt_load.o)
 .debug_line    0x0000000000002e9b      0x2f4 ../hello_world_bsp//libhal_bsp.a(alt_main.o)
 .debug_line    0x000000000000318f      0x219 ../hello_world_bsp//libhal_bsp.a(alt_times.o)
 .debug_line    0x00000000000033a8      0x35b ../hello_world_bsp//libhal_bsp.a(alt_write.o)
 .debug_line    0x0000000000003703      0x24d ../hello_world_bsp//libhal_bsp.a(alt_sys_init.o)
 .debug_line    0x0000000000003950      0x120 ../hello_world_bsp//libhal_bsp.a(altera_avalon_jtag_uart_fd.o)
 .debug_line    0x0000000000003a70      0x282 ../hello_world_bsp//libhal_bsp.a(altera_avalon_jtag_uart_read.o)
 .debug_line    0x0000000000003cf2      0x260 ../hello_world_bsp//libhal_bsp.a(altera_avalon_jtag_uart_write.o)
 .debug_line    0x0000000000003f52      0x22f ../hello_world_bsp//libhal_bsp.a(altera_avalon_timer_sc.o)
 .debug_line    0x0000000000004181      0x25a ../hello_world_bsp//libhal_bsp.a(alt_close.o)
 .debug_line    0x00000000000043db      0x1c4 ../hello_world_bsp//libhal_bsp.a(alt_dcache_flush_all.o)
 .debug_line    0x000000000000459f      0x2bd ../hello_world_bsp//libhal_bsp.a(alt_dev.o)
 .debug_line    0x000000000000485c      0x202 ../hello_world_bsp//libhal_bsp.a(alt_dev_llist_insert.o)
 .debug_line    0x0000000000004a5e       0x66 ../hello_world_bsp//libhal_bsp.a(alt_do_ctors.o)
 .debug_line    0x0000000000004ac4       0x66 ../hello_world_bsp//libhal_bsp.a(alt_do_dtors.o)
 .debug_line    0x0000000000004b2a      0x14d ../hello_world_bsp//libhal_bsp.a(alt_errno.o)
 .debug_line    0x0000000000004c77      0x1ac ../hello_world_bsp//libhal_bsp.a(alt_icache_flush_all.o)
 .debug_line    0x0000000000004e23      0x21f ../hello_world_bsp//libhal_bsp.a(alt_iic.o)
 .debug_line    0x0000000000005042      0x1f8 ../hello_world_bsp//libhal_bsp.a(alt_iic_isr_register.o)
 .debug_line    0x000000000000523a      0x2e5 ../hello_world_bsp//libhal_bsp.a(alt_io_redirect.o)
 .debug_line    0x000000000000551f       0x6b ../hello_world_bsp//libhal_bsp.a(alt_irq_entry.o)
 .debug_line    0x000000000000558a      0x1d0 ../hello_world_bsp//libhal_bsp.a(alt_irq_handler.o)
 .debug_line    0x000000000000575a       0x50 ../hello_world_bsp//libhal_bsp.a(alt_irq_vars.o)
 .debug_line    0x00000000000057aa      0x29d ../hello_world_bsp//libhal_bsp.a(alt_open.o)
 .debug_line    0x0000000000005a47       0xb6 ../hello_world_bsp//libhal_bsp.a(alt_release_fd.o)
 .debug_line    0x0000000000005afd      0x25c ../hello_world_bsp//libhal_bsp.a(alt_tick.o)
 .debug_line    0x0000000000005d59      0x153 ../hello_world_bsp//libhal_bsp.a(altera_nios2_gen2_irq.o)
 .debug_line    0x0000000000005eac       0xb3 ../hello_world_bsp//libhal_bsp.a(alt_exception_entry.o)
 .debug_line    0x0000000000005f5f      0x1c6 ../hello_world_bsp//libhal_bsp.a(alt_find_dev.o)
 .debug_line    0x0000000000006125      0x1f4 ../hello_world_bsp//libhal_bsp.a(alt_find_file.o)
 .debug_line    0x0000000000006319      0x1f7 ../hello_world_bsp//libhal_bsp.a(alt_get_fd.o)
 .debug_line    0x0000000000006510      0x1f6 ../hello_world_bsp//libhal_bsp.a(alt_icache_flush.o)
 .debug_line    0x0000000000006706       0xd9 ../hello_world_bsp//libhal_bsp.a(alt_instruction_exception_entry.o)
 .debug_line    0x00000000000067df      0x1f7 /home/diego/intelFPGA_lite/20.1/nios2eds/bin/gnu/H-x86_64-pc-linux-gnu/bin/../lib/gcc/nios2-elf/9.2.1/../../../../../H-x86_64-pc-linux-gnu/nios2-elf/lib/mno-hw-mul/libsmallc.a(lib_a-atexit.o)
 .debug_line    0x00000000000069d6      0x20c /home/diego/intelFPGA_lite/20.1/nios2eds/bin/gnu/H-x86_64-pc-linux-gnu/bin/../lib/gcc/nios2-elf/9.2.1/../../../../../H-x86_64-pc-linux-gnu/nios2-elf/lib/mno-hw-mul/libsmallc.a(lib_a-exit.o)
 .debug_line    0x0000000000006be2      0x20c /home/diego/intelFPGA_lite/20.1/nios2eds/bin/gnu/H-x86_64-pc-linux-gnu/bin/../lib/gcc/nios2-elf/9.2.1/../../../../../H-x86_64-pc-linux-gnu/nios2-elf/lib/mno-hw-mul/libsmallc.a(lib_a-memcmp.o)
 .debug_line    0x0000000000006dee      0x2eb /home/diego/intelFPGA_lite/20.1/nios2eds/bin/gnu/H-x86_64-pc-linux-gnu/bin/../lib/gcc/nios2-elf/9.2.1/../../../../../H-x86_64-pc-linux-gnu/nios2-elf/lib/mno-hw-mul/libsmallc.a(lib_a-__atexit.o)
 .debug_line    0x00000000000070d9      0x2ef /home/diego/intelFPGA_lite/20.1/nios2eds/bin/gnu/H-x86_64-pc-linux-gnu/bin/../lib/gcc/nios2-elf/9.2.1/../../../../../H-x86_64-pc-linux-gnu/nios2-elf/lib/mno-hw-mul/libsmallc.a(lib_a-__call_atexit.o)
 .debug_line    0x00000000000073c8      0x181 ../hello_world_bsp//libhal_bsp.a(alt_exit.o)

.debug_frame    0x0000000000000000      0xd64
 *(.debug_frame)
 .debug_frame   0x0000000000000000       0x90 obj/default/hello_world.o
 .debug_frame   0x0000000000000090       0x3c /home/diego/intelFPGA_lite/20.1/nios2eds/bin/gnu/H-x86_64-pc-linux-gnu/bin/../lib/gcc/nios2-elf/9.2.1/mno-hw-mul/libgcc.a(addsf3.o)
 .debug_frame   0x00000000000000cc       0x58 /home/diego/intelFPGA_lite/20.1/nios2eds/bin/gnu/H-x86_64-pc-linux-gnu/bin/../lib/gcc/nios2-elf/9.2.1/mno-hw-mul/libgcc.a(mulsf3.o)
 .debug_frame   0x0000000000000124       0x20 /home/diego/intelFPGA_lite/20.1/nios2eds/bin/gnu/H-x86_64-pc-linux-gnu/bin/../lib/gcc/nios2-elf/9.2.1/mno-hw-mul/libgcc.a(fixsfsi.o)
 .debug_frame   0x0000000000000144       0x20 /home/diego/intelFPGA_lite/20.1/nios2eds/bin/gnu/H-x86_64-pc-linux-gnu/bin/../lib/gcc/nios2-elf/9.2.1/mno-hw-mul/libgcc.a(_clzsi2.o)
 .debug_frame   0x0000000000000164       0x20 /home/diego/intelFPGA_lite/20.1/nios2eds/bin/gnu/H-x86_64-pc-linux-gnu/bin/../lib/gcc/nios2-elf/9.2.1/mno-hw-mul/libgcc.a(lib2-mul.o)
 .debug_frame   0x0000000000000184       0x48 /home/diego/intelFPGA_lite/20.1/nios2eds/bin/gnu/H-x86_64-pc-linux-gnu/bin/../lib/gcc/nios2-elf/9.2.1/../../../../../H-x86_64-pc-linux-gnu/nios2-elf/lib/mno-hw-mul/libsmallc.a(lib_a-printf.o)
 .debug_frame   0x00000000000001cc       0x48 /home/diego/intelFPGA_lite/20.1/nios2eds/bin/gnu/H-x86_64-pc-linux-gnu/bin/../lib/gcc/nios2-elf/9.2.1/../../../../../H-x86_64-pc-linux-gnu/nios2-elf/lib/mno-hw-mul/libsmallc.a(lib_a-puts.o)
 .debug_frame   0x0000000000000214       0x20 /home/diego/intelFPGA_lite/20.1/nios2eds/bin/gnu/H-x86_64-pc-linux-gnu/bin/../lib/gcc/nios2-elf/9.2.1/../../../../../H-x86_64-pc-linux-gnu/nios2-elf/lib/mno-hw-mul/libsmallc.a(lib_a-strlen.o)
 .debug_frame   0x0000000000000234       0x90 /home/diego/intelFPGA_lite/20.1/nios2eds/bin/gnu/H-x86_64-pc-linux-gnu/bin/../lib/gcc/nios2-elf/9.2.1/../../../../../H-x86_64-pc-linux-gnu/nios2-elf/lib/mno-hw-mul/libsmallc.a(lib_a-vfprintf.o)
 .debug_frame   0x00000000000002c4       0x3c /home/diego/intelFPGA_lite/20.1/nios2eds/bin/gnu/H-x86_64-pc-linux-gnu/bin/../lib/gcc/nios2-elf/9.2.1/../../../../../H-x86_64-pc-linux-gnu/nios2-elf/lib/mno-hw-mul/libsmallc.a(lib_a-fvwrite_small_dev.o)
 .debug_frame   0x0000000000000300       0x30 /home/diego/intelFPGA_lite/20.1/nios2eds/bin/gnu/H-x86_64-pc-linux-gnu/bin/../lib/gcc/nios2-elf/9.2.1/../../../../../H-x86_64-pc-linux-gnu/nios2-elf/lib/mno-hw-mul/libsmallc.a(lib_a-writer.o)
 .debug_frame   0x0000000000000330       0x50 /home/diego/intelFPGA_lite/20.1/nios2eds/bin/gnu/H-x86_64-pc-linux-gnu/bin/../lib/gcc/nios2-elf/9.2.1/mno-hw-mul/libgcc.a(lib2-divmod.o)
 .debug_frame   0x0000000000000380       0x5c ../hello_world_bsp//libhal_bsp.a(alt_load.o)
 .debug_frame   0x00000000000003dc       0x2c ../hello_world_bsp//libhal_bsp.a(alt_main.o)
 .debug_frame   0x0000000000000408       0x60 ../hello_world_bsp//libhal_bsp.a(alt_times.o)
 .debug_frame   0x0000000000000468       0x60 ../hello_world_bsp//libhal_bsp.a(alt_write.o)
 .debug_frame   0x00000000000004c8       0x88 ../hello_world_bsp//libhal_bsp.a(alt_sys_init.o)
 .debug_frame   0x0000000000000550       0x60 ../hello_world_bsp//libhal_bsp.a(altera_avalon_jtag_uart_fd.o)
 .debug_frame   0x00000000000005b0       0x34 ../hello_world_bsp//libhal_bsp.a(altera_avalon_jtag_uart_read.o)
 .debug_frame   0x00000000000005e4       0x34 ../hello_world_bsp//libhal_bsp.a(altera_avalon_jtag_uart_write.o)
 .debug_frame   0x0000000000000618       0x60 ../hello_world_bsp//libhal_bsp.a(altera_avalon_timer_sc.o)
 .debug_frame   0x0000000000000678       0x60 ../hello_world_bsp//libhal_bsp.a(alt_close.o)
 .debug_frame   0x00000000000006d8       0x34 ../hello_world_bsp//libhal_bsp.a(alt_dcache_flush_all.o)
 .debug_frame   0x000000000000070c       0x34 ../hello_world_bsp//libhal_bsp.a(alt_dev.o)
 .debug_frame   0x0000000000000740       0x60 ../hello_world_bsp//libhal_bsp.a(alt_dev_llist_insert.o)
 .debug_frame   0x00000000000007a0       0x38 ../hello_world_bsp//libhal_bsp.a(alt_do_ctors.o)
 .debug_frame   0x00000000000007d8       0x38 ../hello_world_bsp//libhal_bsp.a(alt_do_dtors.o)
 .debug_frame   0x0000000000000810       0x38 ../hello_world_bsp//libhal_bsp.a(alt_icache_flush_all.o)
 .debug_frame   0x0000000000000848       0xa4 ../hello_world_bsp//libhal_bsp.a(alt_iic.o)
 .debug_frame   0x00000000000008ec       0x38 ../hello_world_bsp//libhal_bsp.a(alt_iic_isr_register.o)
 .debug_frame   0x0000000000000924       0x60 ../hello_world_bsp//libhal_bsp.a(alt_io_redirect.o)
 .debug_frame   0x0000000000000984       0x38 ../hello_world_bsp//libhal_bsp.a(alt_irq_handler.o)
 .debug_frame   0x00000000000009bc       0x84 ../hello_world_bsp//libhal_bsp.a(alt_open.o)
 .debug_frame   0x0000000000000a40       0x34 ../hello_world_bsp//libhal_bsp.a(alt_release_fd.o)
 .debug_frame   0x0000000000000a74       0x5c ../hello_world_bsp//libhal_bsp.a(alt_tick.o)
 .debug_frame   0x0000000000000ad0       0x34 ../hello_world_bsp//libhal_bsp.a(altera_nios2_gen2_irq.o)
 .debug_frame   0x0000000000000b04       0x38 ../hello_world_bsp//libhal_bsp.a(alt_find_dev.o)
 .debug_frame   0x0000000000000b3c       0x38 ../hello_world_bsp//libhal_bsp.a(alt_find_file.o)
 .debug_frame   0x0000000000000b74       0x34 ../hello_world_bsp//libhal_bsp.a(alt_get_fd.o)
 .debug_frame   0x0000000000000ba8       0x34 ../hello_world_bsp//libhal_bsp.a(alt_icache_flush.o)
 .debug_frame   0x0000000000000bdc       0x5c ../hello_world_bsp//libhal_bsp.a(alt_instruction_exception_entry.o)
 .debug_frame   0x0000000000000c38       0x20 /home/diego/intelFPGA_lite/20.1/nios2eds/bin/gnu/H-x86_64-pc-linux-gnu/bin/../lib/gcc/nios2-elf/9.2.1/../../../../../H-x86_64-pc-linux-gnu/nios2-elf/lib/mno-hw-mul/libsmallc.a(lib_a-atexit.o)
 .debug_frame   0x0000000000000c58       0x28 /home/diego/intelFPGA_lite/20.1/nios2eds/bin/gnu/H-x86_64-pc-linux-gnu/bin/../lib/gcc/nios2-elf/9.2.1/../../../../../H-x86_64-pc-linux-gnu/nios2-elf/lib/mno-hw-mul/libsmallc.a(lib_a-exit.o)
 .debug_frame   0x0000000000000c80       0x20 /home/diego/intelFPGA_lite/20.1/nios2eds/bin/gnu/H-x86_64-pc-linux-gnu/bin/../lib/gcc/nios2-elf/9.2.1/../../../../../H-x86_64-pc-linux-gnu/nios2-elf/lib/mno-hw-mul/libsmallc.a(lib_a-memcmp.o)
 .debug_frame   0x0000000000000ca0       0x48 /home/diego/intelFPGA_lite/20.1/nios2eds/bin/gnu/H-x86_64-pc-linux-gnu/bin/../lib/gcc/nios2-elf/9.2.1/../../../../../H-x86_64-pc-linux-gnu/nios2-elf/lib/mno-hw-mul/libsmallc.a(lib_a-__atexit.o)
 .debug_frame   0x0000000000000ce8       0x50 /home/diego/intelFPGA_lite/20.1/nios2eds/bin/gnu/H-x86_64-pc-linux-gnu/bin/../lib/gcc/nios2-elf/9.2.1/../../../../../H-x86_64-pc-linux-gnu/nios2-elf/lib/mno-hw-mul/libsmallc.a(lib_a-__call_atexit.o)
 .debug_frame   0x0000000000000d38       0x2c ../hello_world_bsp//libhal_bsp.a(alt_exit.o)

.debug_str      0x0000000000000000     0x27c7
 *(.debug_str)
 .debug_str     0x0000000000000000       0x5d ../hello_world_bsp//obj/HAL/src/crt0.o
 .debug_str     0x000000000000005d      0x4e9 obj/default/hello_world.o
                                        0x5d8 (size before relaxing)
 .debug_str     0x0000000000000546      0x271 /home/diego/intelFPGA_lite/20.1/nios2eds/bin/gnu/H-x86_64-pc-linux-gnu/bin/../lib/gcc/nios2-elf/9.2.1/mno-hw-mul/libgcc.a(addsf3.o)
                                        0x2f6 (size before relaxing)
 .debug_str     0x00000000000007b7      0x12f /home/diego/intelFPGA_lite/20.1/nios2eds/bin/gnu/H-x86_64-pc-linux-gnu/bin/../lib/gcc/nios2-elf/9.2.1/mno-hw-mul/libgcc.a(mulsf3.o)
                                        0x31b (size before relaxing)
 .debug_str     0x00000000000008e6       0x58 /home/diego/intelFPGA_lite/20.1/nios2eds/bin/gnu/H-x86_64-pc-linux-gnu/bin/../lib/gcc/nios2-elf/9.2.1/mno-hw-mul/libgcc.a(fixsfsi.o)
                                        0x238 (size before relaxing)
 .debug_str     0x000000000000093e       0xc2 /home/diego/intelFPGA_lite/20.1/nios2eds/bin/gnu/H-x86_64-pc-linux-gnu/bin/../lib/gcc/nios2-elf/9.2.1/mno-hw-mul/libgcc.a(_clzsi2.o)
                                        0x275 (size before relaxing)
 .debug_str     0x0000000000000a00       0x42 /home/diego/intelFPGA_lite/20.1/nios2eds/bin/gnu/H-x86_64-pc-linux-gnu/bin/../lib/gcc/nios2-elf/9.2.1/mno-hw-mul/libgcc.a(lib2-mul.o)