Archive member included to satisfy reference by file (symbol)

/home/diego/intelFPGA_lite/20.1/nios2eds/bin/gnu/H-x86_64-pc-linux-gnu/bin/../lib/gcc/nios2-elf/9.2.1/mno-hw-mul/libgcc.a(addsf3.o)
                              obj/default/hello_world.o (__addsf3)
/home/diego/intelFPGA_lite/20.1/nios2eds/bin/gnu/H-x86_64-pc-linux-gnu/bin/../lib/gcc/nios2-elf/9.2.1/mno-hw-mul/libgcc.a(divsf3.o)
                              obj/default/hello_world.o (__divsf3)
/home/diego/intelFPGA_lite/20.1/nios2eds/bin/gnu/H-x86_64-pc-linux-gnu/bin/../lib/gcc/nios2-elf/9.2.1/mno-hw-mul/libgcc.a(mulsf3.o)
                              obj/default/hello_world.o (__mulsf3)
/home/diego/intelFPGA_lite/20.1/nios2eds/bin/gnu/H-x86_64-pc-linux-gnu/bin/../lib/gcc/nios2-elf/9.2.1/mno-hw-mul/libgcc.a(fixsfsi.o)
                              obj/default/hello_world.o (__fixsfsi)
/home/diego/intelFPGA_lite/20.1/nios2eds/bin/gnu/H-x86_64-pc-linux-gnu/bin/../lib/gcc/nios2-elf/9.2.1/mno-hw-mul/libgcc.a(floatunsisf.o)
                              obj/default/hello_world.o (__floatunsisf)
/home/diego/intelFPGA_lite/20.1/nios2eds/bin/gnu/H-x86_64-pc-linux-gnu/bin/../lib/gcc/nios2-elf/9.2.1/mno-hw-mul/libgcc.a(extendsfdf2.o)
                              obj/default/hello_world.o (__extendsfdf2)
/home/diego/intelFPGA_lite/20.1/nios2eds/bin/gnu/H-x86_64-pc-linux-gnu/bin/../lib/gcc/nios2-elf/9.2.1/mno-hw-mul/libgcc.a(_clzsi2.o)
                              /home/diego/intelFPGA_lite/20.1/nios2eds/bin/gnu/H-x86_64-pc-linux-gnu/bin/../lib/gcc/nios2-elf/9.2.1/mno-hw-mul/libgcc.a(addsf3.o) (__clzsi2)
/home/diego/intelFPGA_lite/20.1/nios2eds/bin/gnu/H-x86_64-pc-linux-gnu/bin/../lib/gcc/nios2-elf/9.2.1/mno-hw-mul/libgcc.a(lib2-mul.o)
                              /home/diego/intelFPGA_lite/20.1/nios2eds/bin/gnu/H-x86_64-pc-linux-gnu/bin/../lib/gcc/nios2-elf/9.2.1/mno-hw-mul/libgcc.a(mulsf3.o) (__mulsi3)
/home/diego/intelFPGA_lite/20.1/nios2eds/bin/gnu/H-x86_64-pc-linux-gnu/bin/../lib/gcc/nios2-elf/9.2.1/mno-hw-mul/libgcc.a(_clz.o)
                              /home/diego/intelFPGA_lite/20.1/nios2eds/bin/gnu/H-x86_64-pc-linux-gnu/bin/../lib/gcc/nios2-elf/9.2.1/mno-hw-mul/libgcc.a(_clzsi2.o) (__clz_tab)
/home/diego/intelFPGA_lite/20.1/nios2eds/bin/gnu/H-x86_64-pc-linux-gnu/bin/../lib/gcc/nios2-elf/9.2.1/../../../../../H-x86_64-pc-linux-gnu/nios2-elf/lib/mno-hw-mul/libsmallc.a(lib_a-efgcvt.o)
                              obj/default/hello_world.o (gcvt)
/home/diego/intelFPGA_lite/20.1/nios2eds/bin/gnu/H-x86_64-pc-linux-gnu/bin/../lib/gcc/nios2-elf/9.2.1/../../../../../H-x86_64-pc-linux-gnu/nios2-elf/lib/mno-hw-mul/libsmallc.a(lib_a-impure.o)
                              /home/diego/intelFPGA_lite/20.1/nios2eds/bin/gnu/H-x86_64-pc-linux-gnu/bin/../lib/gcc/nios2-elf/9.2.1/../../../../../H-x86_64-pc-linux-gnu/nios2-elf/lib/mno-hw-mul/libsmallc.a(lib_a-efgcvt.o) (_impure_ptr)
/home/diego/intelFPGA_lite/20.1/nios2eds/bin/gnu/H-x86_64-pc-linux-gnu/bin/../lib/gcc/nios2-elf/9.2.1/../../../../../H-x86_64-pc-linux-gnu/nios2-elf/lib/mno-hw-mul/libsmallc.a(lib_a-printf.o)
                              obj/default/hello_world.o (printf)
/home/diego/intelFPGA_lite/20.1/nios2eds/bin/gnu/H-x86_64-pc-linux-gnu/bin/../lib/gcc/nios2-elf/9.2.1/../../../../../H-x86_64-pc-linux-gnu/nios2-elf/lib/mno-hw-mul/libsmallc.a(lib_a-puts.o)
                              obj/default/hello_world.o (puts)
/home/diego/intelFPGA_lite/20.1/nios2eds/bin/gnu/H-x86_64-pc-linux-gnu/bin/../lib/gcc/nios2-elf/9.2.1/../../../../../H-x86_64-pc-linux-gnu/nios2-elf/lib/mno-hw-mul/libsmallc.a(lib_a-strlen.o)
                              /home/diego/intelFPGA_lite/20.1/nios2eds/bin/gnu/H-x86_64-pc-linux-gnu/bin/../lib/gcc/nios2-elf/9.2.1/../../../../../H-x86_64-pc-linux-gnu/nios2-elf/lib/mno-hw-mul/libsmallc.a(lib_a-puts.o) (strlen)
/home/diego/intelFPGA_lite/20.1/nios2eds/bin/gnu/H-x86_64-pc-linux-gnu/bin/../lib/gcc/nios2-elf/9.2.1/../../../../../H-x86_64-pc-linux-gnu/nios2-elf/lib/mno-hw-mul/libsmallc.a(lib_a-vfprintf.o)
                              /home/diego/intelFPGA_lite/20.1/nios2eds/bin/gnu/H-x86_64-pc-linux-gnu/bin/../lib/gcc/nios2-elf/9.2.1/../../../../../H-x86_64-pc-linux-gnu/nios2-elf/lib/mno-hw-mul/libsmallc.a(lib_a-printf.o) (___vfprintf_internal_r)
/home/diego/intelFPGA_lite/20.1/nios2eds/bin/gnu/H-x86_64-pc-linux-gnu/bin/../lib/gcc/nios2-elf/9.2.1/../../../../../H-x86_64-pc-linux-gnu/nios2-elf/lib/mno-hw-mul/libsmallc.a(lib_a-ecvtbuf.o)
                              /home/diego/intelFPGA_lite/20.1/nios2eds/bin/gnu/H-x86_64-pc-linux-gnu/bin/../lib/gcc/nios2-elf/9.2.1/../../../../../H-x86_64-pc-linux-gnu/nios2-elf/lib/mno-hw-mul/libsmallc.a(lib_a-efgcvt.o) (fcvtbuf)
/home/diego/intelFPGA_lite/20.1/nios2eds/bin/gnu/H-x86_64-pc-linux-gnu/bin/../lib/gcc/nios2-elf/9.2.1/../../../../../H-x86_64-pc-linux-gnu/nios2-elf/lib/mno-hw-mul/libsmallc.a(lib_a-fvwrite_small_dev.o)
[...]
Memory Configuration

Name             Origin             Length             Attributes
reset            0x0000000000080000 0x0000000000000020
onchip_mem       0x0000000000080020 0x000000000005f350
*default*        0x0000000000000000 0xffffffffffffffff

Linker script and memory map

LOAD ../hello_world_bsp//obj/HAL/src/crt0.o
LOAD obj/default/hello_world.o
LOAD /home/diego/intelFPGA_lite/20.1/nios2eds/bin/gnu/H-x86_64-pc-linux-gnu/bin/../lib/gcc/nios2-elf/9.2.1/../../../../../H-x86_64-pc-linux-gnu/nios2-elf/lib/mno-hw-mul/libstdc++.a
LOAD /home/diego/intelFPGA_lite/20.1/nios2eds/bin/gnu/H-x86_64-pc-linux-gnu/bin/../lib/gcc/nios2-elf/9.2.1/../../../../../H-x86_64-pc-linux-gnu/nios2-elf/lib/mno-hw-mul/libm.a
LOAD /home/diego/intelFPGA_lite/20.1/nios2eds/bin/gnu/H-x86_64-pc-linux-gnu/bin/../lib/gcc/nios2-elf/9.2.1/mno-hw-mul/libgcc.a
START GROUP
LOAD /home/diego/intelFPGA_lite/20.1/nios2eds/bin/gnu/H-x86_64-pc-linux-gnu/bin/../lib/gcc/nios2-elf/9.2.1/../../../../../H-x86_64-pc-linux-gnu/nios2-elf/lib/mno-hw-mul/libsmallc.a
LOAD /home/diego/intelFPGA_lite/20.1/nios2eds/bin/gnu/H-x86_64-pc-linux-gnu/bin/../lib/gcc/nios2-elf/9.2.1/mno-hw-mul/libgcc.a
LOAD ../hello_world_bsp//libhal_bsp.a
LOAD /home/diego/intelFPGA_lite/20.1/nios2eds/bin/gnu/H-x86_64-pc-linux-gnu/bin/../lib/gcc/nios2-elf/9.2.1/../../../../../H-x86_64-pc-linux-gnu/nios2-elf/lib/mno-hw-mul/libm.a
END GROUP
LOAD /home/diego/intelFPGA_lite/20.1/nios2eds/bin/gnu/H-x86_64-pc-linux-gnu/bin/../lib/gcc/nios2-elf/9.2.1/mno-hw-mul/libgcc.a
                0x0000000000080000                __alt_mem_onchip_mem = 0x80000

.entry          0x0000000000080000       0x20
 *(.entry)
 .entry         0x0000000000080000       0x20 ../hello_world_bsp//obj/HAL/src/crt0.o
                0x0000000000080000                __reset

.exceptions     0x0000000000080020      0x218
                0x0000000000080020                PROVIDE (__ram_exceptions_start = ABSOLUTE (.))
                0x0000000000080020                . = ALIGN (0x20)
 *(.irq)
 *(.exceptions.entry.label)
 .exceptions.entry.label
                0x0000000000080020        0x0 ../hello_world_bsp//libhal_bsp.a(alt_irq_entry.o)
                0x0000000000080020                alt_irq_entry
 .exceptions.entry.label
                0x0000000000080020        0x0 ../hello_world_bsp//libhal_bsp.a(alt_exception_entry.o)
                0x0000000000080020                alt_exception
 *(.exceptions.entry.user)
 *(.exceptions.entry.ecc_fatal)
 *(.exceptions.entry)
 .exceptions.entry
                0x0000000000080020       0x54 ../hello_world_bsp//libhal_bsp.a(alt_exception_entry.o)
 *(.exceptions.irqtest.user)
 *(.exceptions.irqtest)
 .exceptions.irqtest
                0x0000000000080074       0x10 ../hello_world_bsp//libhal_bsp.a(alt_irq_entry.o)
 *(.exceptions.irqhandler.user)
 *(.exceptions.irqhandler)
 .exceptions.irqhandler
                0x0000000000080084        0x4 ../hello_world_bsp//libhal_bsp.a(alt_irq_entry.o)
 *(.exceptions.irqreturn.user)
 *(.exceptions.irqreturn)
 .exceptions.irqreturn
                0x0000000000080088        0x4 ../hello_world_bsp//libhal_bsp.a(alt_irq_entry.o)
 *(.exceptions.notirq.label)
 .exceptions.notirq.label
                0x000000000008008c        0x0 ../hello_world_bsp//libhal_bsp.a(alt_irq_entry.o)
 *(.exceptions.notirq.user)
 *(.exceptions.notirq)
 .exceptions.notirq
                0x000000000008008c        0x8 ../hello_world_bsp//libhal_bsp.a(alt_exception_entry.o)
 *(.exceptions.soft.user)
 *(.exceptions.soft)
 *(.exceptions.unknown.user)
 *(.exceptions.unknown)
 .exceptions.unknown
                0x0000000000080094       0x14 ../hello_world_bsp//libhal_bsp.a(alt_exception_entry.o)
 *(.exceptions.exit.label)
 .exceptions.exit.label
                0x00000000000800a8        0x0 ../hello_world_bsp//libhal_bsp.a(alt_irq_entry.o)
 .exceptions.exit.label
                0x00000000000800a8        0x0 ../hello_world_bsp//libhal_bsp.a(alt_exception_entry.o)
 *(.exceptions.exit.user)
 *(.exceptions.exit)
 .exceptions.exit
                0x00000000000800a8       0x54 ../hello_world_bsp//libhal_bsp.a(alt_exception_entry.o)
 *(.exceptions)
 .exceptions    0x00000000000800fc       0xc8 ../hello_world_bsp//libhal_bsp.a(alt_irq_handler.o)
                0x00000000000800fc                alt_irq_handler
 .exceptions    0x00000000000801c4       0x74 ../hello_world_bsp//libhal_bsp.a(alt_instruction_exception_entry.o)
                0x00000000000801c4                alt_instruction_exception_entry
                0x0000000000080238                PROVIDE (__ram_exceptions_end = ABSOLUTE (.))
                0x0000000000080020                PROVIDE (__flash_exceptions_start = LOADADDR (.exceptions))

.text           0x0000000000080238     0x9a88
                [!provide]                        PROVIDE (stext = ABSOLUTE (.))
 *(.interp)
 *(.hash)
 *(.dynsym)
 *(.dynstr)
 *(.gnu.version)
 *(.gnu.version_d)
 *(.gnu.version_r)
 *(.rel.init)
 *(.rela.init)
 *(.rel.text .rel.text.* .rel.gnu.linkonce.t.*)
 *(.rela.text .rela.text.* .rela.gnu.linkonce.t.*)
 *(.rel.fini)
 *(.rela.fini)
 *(.rel.rodata .rel.rodata.* .rel.gnu.linkonce.r.*)
 *(.rela.rodata .rela.rodata.* .rela.gnu.linkonce.r.*)
 *(.rel.data .rel.data.* .rel.gnu.linkonce.d.*)
 *(.rela.data .rela.data.* .rela.gnu.linkonce.d.*)
 *(.rel.tdata .rel.tdata.* .rel.gnu.linkonce.td.*)
 *(.rela.tdata .rela.tdata.* .rela.gnu.linkonce.td.*)
 *(.rel.tbss .rel.tbss.* .rel.gnu.linkonce.tb.*)
 *(.rela.tbss .rela.tbss.* .rela.gnu.linkonce.tb.*)
 *(.rel.ctors)
 *(.rela.ctors)
 *(.rel.dtors)
 *(.rela.dtors)
 *(.rel.got)
 *(.rela.got)
 *(.rel.sdata .rel.sdata.* .rel.gnu.linkonce.s.*)
 *(.rela.sdata .rela.sdata.* .rela.gnu.linkonce.s.*)
 *(.rel.sbss .rel.sbss.* .rel.gnu.linkonce.sb.*)
 *(.rela.sbss .rela.sbss.* .rela.gnu.linkonce.sb.*)
 *(.rel.sdata2 .rel.sdata2.* .rel.gnu.linkonce.s2.*)
 *(.rela.sdata2 .rela.sdata2.* .rela.gnu.linkonce.s2.*)
 *(.rel.sbss2 .rel.sbss2.* .rel.gnu.linkonce.sb2.*)
 *(.rela.sbss2 .rela.sbss2.* .rela.gnu.linkonce.sb2.*)
 *(.rel.bss .rel.bss.* .rel.gnu.linkonce.b.*)
 *(.rela.bss .rela.bss.* .rela.gnu.linkonce.b.*)
 *(.rel.plt)
 *(.rela.plt)
 *(.rel.dyn)
 *(.init)
 *(.plt)
 *(.text .stub .text.* .gnu.linkonce.t.*)
 .text          0x0000000000080238       0x4c ../hello_world_bsp//obj/HAL/src/crt0.o
                0x0000000000080238                _start
 .text          0x0000000000080284      0x2a4 obj/default/hello_world.o
                0x0000000000080284                generateVector
                0x000000000008032c                sumVector
                0x0000000000080404                main
 .text          0x0000000000080528      0x45c /home/diego/intelFPGA_lite/20.1/nios2eds/bin/gnu/H-x86_64-pc-linux-gnu/bin/../lib/gcc/nios2-elf/9.2.1/mno-hw-mul/libgcc.a(addsf3.o)
                0x0000000000080528                __addsf3
 .text          0x0000000000080984      0x3f4 /home/diego/intelFPGA_lite/20.1/nios2eds/bin/gnu/H-x86_64-pc-linux-gnu/bin/../lib/gcc/nios2-elf/9.2.1/mno-hw-mul/libgcc.a(divsf3.o)
                0x0000000000080984                __divsf3
 .text          0x0000000000080d78      0x3fc /home/diego/intelFPGA_lite/20.1/nios2eds/bin/gnu/H-x86_64-pc-linux-gnu/bin/../lib/gcc/nios2-elf/9.2.1/mno-hw-mul/libgcc.a(mulsf3.o)
                0x0000000000080d78                __mulsf3
 .text          0x0000000000081174       0x70 /home/diego/intelFPGA_lite/20.1/nios2eds/bin/gnu/H-x86_64-pc-linux-gnu/bin/../lib/gcc/nios2-elf/9.2.1/mno-hw-mul/libgcc.a(fixsfsi.o)
                0x0000000000081174                __fixsfsi
 .text          0x00000000000811e4       0xf8 /home/diego/intelFPGA_lite/20.1/nios2eds/bin/gnu/H-x86_64-pc-linux-gnu/bin/../lib/gcc/nios2-elf/9.2.1/mno-hw-mul/libgcc.a(floatunsisf.o)
                0x00000000000811e4                __floatunsisf
 .text          0x00000000000812dc       0xfc /home/diego/intelFPGA_lite/20.1/nios2eds/bin/gnu/H-x86_64-pc-linux-gnu/bin/../lib/gcc/nios2-elf/9.2.1/mno-hw-mul/libgcc.a(extendsfdf2.o)
                0x00000000000812dc                __extendsfdf2
 .text          0x00000000000813d8       0x54 /home/diego/intelFPGA_lite/20.1/nios2eds/bin/gnu/H-x86_64-pc-linux-gnu/bin/../lib/gcc/nios2-elf/9.2.1/mno-hw-mul/libgcc.a(_clzsi2.o)
                0x00000000000813d8                __clzsi2
 .text          0x000000000008142c       0x28 /home/diego/intelFPGA_lite/20.1/nios2eds/bin/gnu/H-x86_64-pc-linux-gnu/bin/../lib/gcc/nios2-elf/9.2.1/mno-hw-mul/libgcc.a(lib2-mul.o)
                0x000000000008142c                __mulsi3
 .text          0x0000000000081454        0x0 /home/diego/intelFPGA_lite/20.1/nios2eds/bin/gnu/H-x86_64-pc-linux-gnu/bin/../lib/gcc/nios2-elf/9.2.1/mno-hw-mul/libgcc.a(_clz.o)
 .text          0x0000000000081454        0x0 /home/diego/intelFPGA_lite/20.1/nios2eds/bin/gnu/H-x86_64-pc-linux-gnu/bin/../lib/gcc/nios2-elf/9.2.1/../../../../../H-x86_64-pc-linux-gnu/nios2-elf/lib/mno-hw-mul/libsmallc.a(lib_a-efgcvt.o)
 .text.fcvt     0x0000000000081454       0x24 /home/diego/intelFPGA_lite/20.1/nios2eds/bin/gnu/H-x86_64-pc-linux-gnu/bin/../lib/gcc/nios2-elf/9.2.1/../../../../../H-x86_64-pc-linux-gnu/nios2-elf/lib/mno-hw-mul/libsmallc.a(lib_a-efgcvt.o)
                0x0000000000081454                fcvt
 .text.fcvtf    0x0000000000081478       0x54 /home/diego/intelFPGA_lite/20.1/nios2eds/bin/gnu/H-x86_64-pc-linux-gnu/bin/../lib/gcc/nios2-elf/9.2.1/../../../../../H-x86_64-pc-linux-gnu/nios2-elf/lib/mno-hw-mul/libsmallc.a(lib_a-efgcvt.o)
                0x0000000000081478                fcvtf
 .text.gcvt     0x00000000000814cc       0xa0 /home/diego/intelFPGA_lite/20.1/nios2eds/bin/gnu/H-x86_64-pc-linux-gnu/bin/../lib/gcc/nios2-elf/9.2.1/../../../../../H-x86_64-pc-linux-gnu/nios2-elf/lib/mno-hw-mul/libsmallc.a(lib_a-efgcvt.o)
                0x00000000000814cc                gcvt
 .text.gcvtf    0x000000000008156c       0x40 /home/diego/intelFPGA_lite/20.1/nios2eds/bin/gnu/H-x86_64-pc-linux-gnu/bin/../lib/gcc/nios2-elf/9.2.1/../../../../../H-x86_64-pc-linux-gnu/nios2-elf/lib/mno-hw-mul/libsmallc.a(lib_a-efgcvt.o)
                0x000000000008156c                gcvtf
 .text.ecvt     0x00000000000815ac       0x24 /home/diego/intelFPGA_lite/20.1/nios2eds/bin/gnu/H-x86_64-pc-linux-gnu/bin/../lib/gcc/nios2-elf/9.2.1/../../../../../H-x86_64-pc-linux-gnu/nios2-elf/lib/mno-hw-mul/libsmallc.a(lib_a-efgcvt.o)
                0x00000000000815ac                ecvt
 .text.ecvtf    0x00000000000815d0       0x54 /home/diego/intelFPGA_lite/20.1/nios2eds/bin/gnu/H-x86_64-pc-linux-gnu/bin/../lib/gcc/nios2-elf/9.2.1/../../../../../H-x86_64-pc-linux-gnu/nios2-elf/lib/mno-hw-mul/libsmallc.a(lib_a-efgcvt.o)
                0x00000000000815d0                ecvtf
 .text          0x0000000000081624        0x0 /home/diego/intelFPGA_lite/20.1/nios2eds/bin/gnu/H-x86_64-pc-linux-gnu/bin/../lib/gcc/nios2-elf/9.2.1/../../../../../H-x86_64-pc-linux-gnu/nios2-elf/lib/mno-hw-mul/libsmallc.a(lib_a-impure.o)
 .text          0x0000000000081624        0x0 /home/diego/intelFPGA_lite/20.1/nios2eds/bin/gnu/H-x86_64-pc-linux-gnu/bin/../lib/gcc/nios2-elf/9.2.1/../../../../../H-x86_64-pc-linux-gnu/nios2-elf/lib/mno-hw-mul/libsmallc.a(lib_a-printf.o)
 .text._printf_r
                0x0000000000081624       0x3c /home/diego/intelFPGA_lite/20.1/nios2eds/bin/gnu/H-x86_64-pc-linux-gnu/bin/../lib/gcc/nios2-elf/9.2.1/../../../../../H-x86_64-pc-linux-gnu/nios2-elf/lib/mno-hw-mul/libsmallc.a(lib_a-printf.o)
                0x0000000000081624                _printf_r
 .text.printf   0x0000000000081660       0x48 /home/diego/intelFPGA_lite/20.1/nios2eds/bin/gnu/H-x86_64-pc-linux-gnu/bin/../lib/gcc/nios2-elf/9.2.1/../../../../../H-x86_64-pc-linux-gnu/nios2-elf/lib/mno-hw-mul/libsmallc.a(lib_a-printf.o)
                0x0000000000081660                printf
 .text          0x00000000000816a8        0x0 /home/diego/intelFPGA_lite/20.1/nios2eds/bin/gnu/H-x86_64-pc-linux-gnu/bin/../lib/gcc/nios2-elf/9.2.1/../../../../../H-x86_64-pc-linux-gnu/nios2-elf/lib/mno-hw-mul/libsmallc.a(lib_a-puts.o)
 .text._puts_r  0x00000000000816a8       0x84 /home/diego/intelFPGA_lite/20.1/nios2eds/bin/gnu/H-x86_64-pc-linux-gnu/bin/../lib/gcc/nios2-elf/9.2.1/../../../../../H-x86_64-pc-linux-gnu/nios2-elf/lib/mno-hw-mul/libsmallc.a(lib_a-puts.o)
                0x00000000000816a8                _puts_r
 .text.puts     0x000000000008172c       0x10 /home/diego/intelFPGA_lite/20.1/nios2eds/bin/gnu/H-x86_64-pc-linux-gnu/bin/../lib/gcc/nios2-elf/9.2.1/../../../../../H-x86_64-pc-linux-gnu/nios2-elf/lib/mno-hw-mul/libsmallc.a(lib_a-puts.o)
                0x000000000008172c                puts
 .text          0x000000000008173c        0x0 /home/diego/intelFPGA_lite/20.1/nios2eds/bin/gnu/H-x86_64-pc-linux-gnu/bin/../lib/gcc/nios2-elf/9.2.1/../../../../../H-x86_64-pc-linux-gnu/nios2-elf/lib/mno-hw-mul/libsmallc.a(lib_a-strlen.o)
 .text.strlen   0x000000000008173c       0x1c /home/diego/intelFPGA_lite/20.1/nios2eds/bin/gnu/H-x86_64-pc-linux-gnu/bin/../lib/gcc/nios2-elf/9.2.1/../../../../../H-x86_64-pc-linux-gnu/nios2-elf/lib/mno-hw-mul/libsmallc.a(lib_a-strlen.o)
                0x000000000008173c                strlen
 .text          0x0000000000081758        0x0 /home/diego/intelFPGA_lite/20.1/nios2eds/bin/gnu/H-x86_64-pc-linux-gnu/bin/../lib/gcc/nios2-elf/9.2.1/../../../../../H-x86_64-pc-linux-gnu/nios2-elf/lib/mno-hw-mul/libsmallc.a(lib_a-vfprintf.o)
 .text.print_repeat
                0x0000000000081758       0x6c /home/diego/intelFPGA_lite/20.1/nios2eds/bin/gnu/H-x86_64-pc-linux-gnu/bin/../lib/gcc/nios2-elf/9.2.1/../../../../../H-x86_64-pc-linux-gnu/nios2-elf/lib/mno-hw-mul/libsmallc.a(lib_a-vfprintf.o)
 .text.___vfprintf_internal_r
                0x00000000000817c4      0x528 /home/diego/intelFPGA_lite/20.1/nios2eds/bin/gnu/H-x86_64-pc-linux-gnu/bin/../lib/gcc/nios2-elf/9.2.1/../../../../../H-x86_64-pc-linux-gnu/nios2-elf/lib/mno-hw-mul/libsmallc.a(lib_a-vfprintf.o)
                0x00000000000817c4                ___vfprintf_internal_r
 .text.__vfprintf_internal
                0x0000000000081cec       0x18 /home/diego/intelFPGA_lite/20.1/nios2eds/bin/gnu/H-x86_64-pc-linux-gnu/bin/../lib/gcc/nios2-elf/9.2.1/../../../../../H-x86_64-pc-linux-gnu/nios2-elf/lib/mno-hw-mul/libsmallc.a(lib_a-vfprintf.o)
                0x0000000000081cec                __vfprintf_internal
 .text          0x0000000000081d04        0x0 /home/diego/intelFPGA_lite/20.1/nios2eds/bin/gnu/H-x86_64-pc-linux-gnu/bin/../lib/gcc/nios2-elf/9.2.1/../../../../../H-x86_64-pc-linux-gnu/nios2-elf/lib/mno-hw-mul/libsmallc.a(lib_a-ecvtbuf.o)
 .text.print_e  0x0000000000081d04      0x1ec /home/diego/intelFPGA_lite/20.1/nios2eds/bin/gnu/H-x86_64-pc-linux-gnu/bin/../lib/gcc/nios2-elf/9.2.1/../../../../../H-x86_64-pc-linux-gnu/nios2-elf/lib/mno-hw-mul/libsmallc.a(lib_a-ecvtbuf.o)
 .text.fcvtbuf  0x0000000000081ef0      0x18c /home/diego/intelFPGA_lite/20.1/nios2eds/bin/gnu/H-x86_64-pc-linux-gnu/bin/../lib/gcc/nios2-elf/9.2.1/../../../../../H-x86_64-pc-linux-gnu/nios2-elf/lib/mno-hw-mul/libsmallc.a(lib_a-ecvtbuf.o)
                0x0000000000081ef0                fcvtbuf
 .text.ecvtbuf  0x000000000008207c      0x128 /home/diego/intelFPGA_lite/20.1/nios2eds/bin/gnu/H-x86_64-pc-linux-gnu/bin/../lib/gcc/nios2-elf/9.2.1/../../../../../H-x86_64-pc-linux-gnu/nios2-elf/lib/mno-hw-mul/libsmallc.a(lib_a-ecvtbuf.o)
                0x000000000008207c                ecvtbuf
 .text._gcvt    0x00000000000821a4      0x2dc /home/diego/intelFPGA_lite/20.1/nios2eds/bin/gnu/H-x86_64-pc-linux-gnu/bin/../lib/gcc/nios2-elf/9.2.1/../../../../../H-x86_64-pc-linux-gnu/nios2-elf/lib/mno-hw-mul/libsmallc.a(lib_a-ecvtbuf.o)
                0x00000000000821a4                _gcvt
 .text._dcvt    0x0000000000082480      0x258 /home/diego/intelFPGA_lite/20.1/nios2eds/bin/gnu/H-x86_64-pc-linux-gnu/bin/../lib/gcc/nios2-elf/9.2.1/../../../../../H-x86_64-pc-linux-gnu/nios2-elf/lib/mno-hw-mul/libsmallc.a(lib_a-ecvtbuf.o)
                0x0000000000082480                _dcvt
 .text          0x00000000000826d8        0x0 /home/diego/intelFPGA_lite/20.1/nios2eds/bin/gnu/H-x86_64-pc-linux-gnu/bin/../lib/gcc/nios2-elf/9.2.1/../../../../../H-x86_64-pc-linux-gnu/nios2-elf/lib/mno-hw-mul/libsmallc.a(lib_a-fvwrite_small_dev.o)
 .text.__sfvwrite_small_dev
                0x00000000000826d8       0xa8 /home/diego/intelFPGA_lite/20.1/nios2eds/bin/gnu/H-x86_64-pc-linux-gnu/bin/../lib/gcc/nios2-elf/9.2.1/../../../../../H-x86_64-pc-linux-gnu/nios2-elf/lib/mno-hw-mul/libsmallc.a(lib_a-fvwrite_small_dev.o)
                0x00000000000826d8                __sfvwrite_small_dev
 .text          0x0000000000082780        0x0 /home/diego/intelFPGA_lite/20.1/nios2eds/bin/gnu/H-x86_64-pc-linux-gnu/bin/../lib/gcc/nios2-elf/9.2.1/../../../../../H-x86_64-pc-linux-gnu/nios2-elf/lib/mno-hw-mul/libsmallc.a(lib_a-mprec.o)
 .text._Balloc  0x0000000000082780       0xe0 /home/diego/intelFPGA_lite/20.1/nios2eds/bin/gnu/H-x86_64-pc-linux-gnu/bin/../lib/gcc/nios2-elf/9.2.1/../../../../../H-x86_64-pc-linux-gnu/nios2-elf/lib/mno-hw-mul/libsmallc.a(lib_a-mprec.o)
                0x0000000000082780                _Balloc
 .text._Bfree   0x0000000000082860       0x74 /home/diego/intelFPGA_lite/20.1/nios2eds/bin/gnu/H-x86_64-pc-linux-gnu/bin/../lib/gcc/nios2-elf/9.2.1/../../../../../H-x86_64-pc-linux-gnu/nios2-elf/lib/mno-hw-mul/libsmallc.a(lib_a-mprec.o)
                0x0000000000082860                _Bfree
 .text.__multadd
                0x00000000000828d4      0x144 /home/diego/intelFPGA_lite/20.1/nios2eds/bin/gnu/H-x86_64-pc-linux-gnu/bin/../lib/gcc/nios2-elf/9.2.1/../../../../../H-x86_64-pc-linux-gnu/nios2-elf/lib/mno-hw-mul/libsmallc.a(lib_a-mprec.o)
                0x00000000000828d4                __multadd
 .text.__s2b    0x0000000000082a18      0x130 /home/diego/intelFPGA_lite/20.1/nios2eds/bin/gnu/H-x86_64-pc-linux-gnu/bin/../lib/gcc/nios2-elf/9.2.1/../../../../../H-x86_64-pc-linux-gnu/nios2-elf/lib/mno-hw-mul/libsmallc.a(lib_a-mprec.o)
                0x0000000000082a18                __s2b
 .text.__hi0bits
                0x0000000000082b48       0x60 /home/diego/intelFPGA_lite/20.1/nios2eds/bin/gnu/H-x86_64-pc-linux-gnu/bin/../lib/gcc/nios2-elf/9.2.1/../../../../../H-x86_64-pc-linux-gnu/nios2-elf/lib/mno-hw-mul/libsmallc.a(lib_a-mprec.o)
                0x0000000000082b48                __hi0bits
 .text.__lo0bits
                0x0000000000082ba8       0xb0 /home/diego/intelFPGA_lite/20.1/nios2eds/bin/gnu/H-x86_64-pc-linux-gnu/bin/../lib/gcc/nios2-elf/9.2.1/../../../../../H-x86_64-pc-linux-gnu/nios2-elf/lib/mno-hw-mul/libsmallc.a(lib_a-mprec.o)
                0x0000000000082ba8                __lo0bits
 .text.__i2b    0x0000000000082c58       0x54 /home/diego/intelFPGA_lite/20.1/nios2eds/bin/gnu/H-x86_64-pc-linux-gnu/bin/../lib/gcc/nios2-elf/9.2.1/../../../../../H-x86_64-pc-linux-gnu/nios2-elf/lib/mno-hw-mul/libsmallc.a(lib_a-mprec.o)
                0x0000000000082c58                __i2b
 .text.__multiply
                0x0000000000082cac      0x298 /home/diego/intelFPGA_lite/20.1/nios2eds/bin/gnu/H-x86_64-pc-linux-gnu/bin/../lib/gcc/nios2-elf/9.2.1/../../../../../H-x86_64-pc-linux-gnu/nios2-elf/lib/mno-hw-mul/libsmallc.a(lib_a-mprec.o)
                0x0000000000082cac                __multiply
 .text.__pow5mult
                0x0000000000082f44      0x120 /home/diego/intelFPGA_lite/20.1/nios2eds/bin/gnu/H-x86_64-pc-linux-gnu/bin/../lib/gcc/nios2-elf/9.2.1/../../../../../H-x86_64-pc-linux-gnu/nios2-elf/lib/mno-hw-mul/libsmallc.a(lib_a-mprec.o)
                0x0000000000082f44                __pow5mult
 .text.__lshift
                0x0000000000083064      0x18c /home/diego/intelFPGA_lite/20.1/nios2eds/bin/gnu/H-x86_64-pc-linux-gnu/bin/../lib/gcc/nios2-elf/9.2.1/../../../../../H-x86_64-pc-linux-gnu/nios2-elf/lib/mno-hw-mul/libsmallc.a(lib_a-mprec.o)
                0x0000000000083064                __lshift
 .text.__mcmp   0x00000000000831f0       0x54 /home/diego/intelFPGA_lite/20.1/nios2eds/bin/gnu/H-x86_64-pc-linux-gnu/bin/../lib/gcc/nios2-elf/9.2.1/../../../../../H-x86_64-pc-linux-gnu/nios2-elf/lib/mno-hw-mul/libsmallc.a(lib_a-mprec.o)
                0x00000000000831f0                __mcmp
 .text.__mdiff  0x0000000000083244      0x200 /home/diego/intelFPGA_lite/20.1/nios2eds/bin/gnu/H-x86_64-pc-linux-gnu/bin/../lib/gcc/nios2-elf/9.2.1/../../../../../H-x86_64-pc-linux-gnu/nios2-elf/lib/mno-hw-mul/libsmallc.a(lib_a-mprec.o)
                0x0000000000083244                __mdiff
 .text.__ulp    0x0000000000083444       0x58 /home/diego/intelFPGA_lite/20.1/nios2eds/bin/gnu/H-x86_64-pc-linux-gnu/bin/../lib/gcc/nios2-elf/9.2.1/../../../../../H-x86_64-pc-linux-gnu/nios2-elf/lib/mno-hw-mul/libsmallc.a(lib_a-mprec.o)
                0x0000000000083444                __ulp
 .text.__b2d    0x000000000008349c      0x104 /home/diego/intelFPGA_lite/20.1/nios2eds/bin/gnu/H-x86_64-pc-linux-gnu/bin/../lib/gcc/nios2-elf/9.2.1/../../../../../H-x86_64-pc-linux-gnu/nios2-elf/lib/mno-hw-mul/libsmallc.a(lib_a-mprec.o)
                0x000000000008349c                __b2d
 .text.__d2b    0x00000000000835a0      0x160 /home/diego/intelFPGA_lite/20.1/nios2eds/bin/gnu/H-x86_64-pc-linux-gnu/bin/../lib/gcc/nios2-elf/9.2.1/../../../../../H-x86_64-pc-linux-gnu/nios2-elf/lib/mno-hw-mul/libsmallc.a(lib_a-mprec.o)
                0x00000000000835a0                __d2b
 .text.__ratio  0x0000000000083700       0xa4 /home/diego/intelFPGA_lite/20.1/nios2eds/bin/gnu/H-x86_64-pc-linux-gnu/bin/../lib/gcc/nios2-elf/9.2.1/../../../../../H-x86_64-pc-linux-gnu/nios2-elf/lib/mno-hw-mul/libsmallc.a(lib_a-mprec.o)
                0x0000000000083700                __ratio
 .text._mprec_log10
                0x00000000000837a4       0x68 /home/diego/intelFPGA_lite/20.1/nios2eds/bin/gnu/H-x86_64-pc-linux-gnu/bin/../lib/gcc/nios2-elf/9.2.1/../../../../../H-x86_64-pc-linux-gnu/nios2-elf/lib/mno-hw-mul/libsmallc.a(lib_a-mprec.o)
                0x00000000000837a4                _mprec_log10
 .text.__copybits
                0x000000000008380c       0x78 /home/diego/intelFPGA_lite/20.1/nios2eds/bin/gnu/H-x86_64-pc-linux-gnu/bin/../lib/gcc/nios2-elf/9.2.1/../../../../../H-x86_64-pc-linux-gnu/nios2-elf/lib/mno-hw-mul/libsmallc.a(lib_a-mprec.o)
                0x000000000008380c                __copybits
 .text.__any_on
                0x0000000000083884       0x64 /home/diego/intelFPGA_lite/20.1/nios2eds/bin/gnu/H-x86_64-pc-linux-gnu/bin/../lib/gcc/nios2-elf/9.2.1/../../../../../H-x86_64-pc-linux-gnu/nios2-elf/lib/mno-hw-mul/libsmallc.a(lib_a-mprec.o)
                0x0000000000083884                __any_on
 .text          0x00000000000838e8        0x0 /home/diego/intelFPGA_lite/20.1/nios2eds/bin/gnu/H-x86_64-pc-linux-gnu/bin/../lib/gcc/nios2-elf/9.2.1/../../../../../H-x86_64-pc-linux-gnu/nios2-elf/lib/mno-hw-mul/libsmallc.a(lib_a-nano-callocr.o)
 .text._calloc_r
                0x00000000000838e8       0x60 /home/diego/intelFPGA_lite/20.1/nios2eds/bin/gnu/H-x86_64-pc-linux-gnu/bin/../lib/gcc/nios2-elf/9.2.1/../../../../../H-x86_64-pc-linux-gnu/nios2-elf/lib/mno-hw-mul/libsmallc.a(lib_a-nano-callocr.o)
                0x00000000000838e8                _calloc_r
 .text          0x0000000000083948        0x0 /home/diego/intelFPGA_lite/20.1/nios2eds/bin/gnu/H-x86_64-pc-linux-gnu/bin/../lib/gcc/nios2-elf/9.2.1/../../../../../H-x86_64-pc-linux-gnu/nios2-elf/lib/mno-hw-mul/libsmallc.a(lib_a-nano-mallocr.o)
 .text._malloc_r
                0x0000000000083948      0x164 /home/diego/intelFPGA_lite/20.1/nios2eds/bin/gnu/H-x86_64-pc-linux-gnu/bin/../lib/gcc/nios2-elf/9.2.1/../../../../../H-x86_64-pc-linux-gnu/nios2-elf/lib/mno-hw-mul/libsmallc.a(lib_a-nano-mallocr.o)
                0x0000000000083948                _malloc_r
 .text          0x0000000000083aac        0x0 /home/diego/intelFPGA_lite/20.1/nios2eds/bin/gnu/H-x86_64-pc-linux-gnu/bin/../lib/gcc/nios2-elf/9.2.1/../../../../../H-x86_64-pc-linux-gnu/nios2-elf/lib/mno-hw-mul/libsmallc.a(lib_a-nano-reallocr.o)
 .text._realloc_r
                0x0000000000083aac       0xb8 /home/diego/intelFPGA_lite/20.1/nios2eds/bin/gnu/H-x86_64-pc-linux-gnu/bin/../lib/gcc/nios2-elf/9.2.1/../../../../../H-x86_64-pc-linux-gnu/nios2-elf/lib/mno-hw-mul/libsmallc.a(lib_a-nano-reallocr.o)
                0x0000000000083aac                _realloc_r
 .text          0x0000000000083b64        0x0 /home/diego/intelFPGA_lite/20.1/nios2eds/bin/gnu/H-x86_64-pc-linux-gnu/bin/../lib/gcc/nios2-elf/9.2.1/../../../../../H-x86_64-pc-linux-gnu/nios2-elf/lib/mno-hw-mul/libsmallc.a(lib_a-sbrkr.o)
 .text._sbrk_r  0x0000000000083b64       0x48 /home/diego/intelFPGA_lite/20.1/nios2eds/bin/gnu/H-x86_64-pc-linux-gnu/bin/../lib/gcc/nios2-elf/9.2.1/../../../../../H-x86_64-pc-linux-gnu/nios2-elf/lib/mno-hw-mul/libsmallc.a(lib_a-sbrkr.o)
                0x0000000000083b64                _sbrk_r
 .text          0x0000000000083bac        0x0 /home/diego/intelFPGA_lite/20.1/nios2eds/bin/gnu/H-x86_64-pc-linux-gnu/bin/../lib/gcc/nios2-elf/9.2.1/../../../../../H-x86_64-pc-linux-gnu/nios2-elf/lib/mno-hw-mul/libsmallc.a(lib_a-strcpy.o)
 .text.strcpy   0x0000000000083bac       0x28 /home/diego/intelFPGA_lite/20.1/nios2eds/bin/gnu/H-x86_64-pc-linux-gnu/bin/../lib/gcc/nios2-elf/9.2.1/../../../../../H-x86_64-pc-linux-gnu/nios2-elf/lib/mno-hw-mul/libsmallc.a(lib_a-strcpy.o)
                0x0000000000083bac                strcpy
 .text          0x0000000000083bd4        0x0 /home/diego/intelFPGA_lite/20.1/nios2eds/bin/gnu/H-x86_64-pc-linux-gnu/bin/../lib/gcc/nios2-elf/9.2.1/../../../../../H-x86_64-pc-linux-gnu/nios2-elf/lib/mno-hw-mul/libsmallc.a(lib_a-writer.o)
 .text._write_r
                0x0000000000083bd4       0x50 /home/diego/intelFPGA_lite/20.1/nios2eds/bin/gnu/H-x86_64-pc-linux-gnu/bin/../lib/gcc/nios2-elf/9.2.1/../../../../../H-x86_64-pc-linux-gnu/nios2-elf/lib/mno-hw-mul/libsmallc.a(lib_a-writer.o)
                0x0000000000083bd4                _write_r
 .text          0x0000000000083c24        0x0 /home/diego/intelFPGA_lite/20.1/nios2eds/bin/gnu/H-x86_64-pc-linux-gnu/bin/../lib/gcc/nios2-elf/9.2.1/../../../../../H-x86_64-pc-linux-gnu/nios2-elf/lib/mno-hw-mul/libsmallc.a(lib_a-assert.o)
 .text.__assert_func
                0x0000000000083c24       0x5c /home/diego/intelFPGA_lite/20.1/nios2eds/bin/gnu/H-x86_64-pc-linux-gnu/bin/../lib/gcc/nios2-elf/9.2.1/../../../../../H-x86_64-pc-linux-gnu/nios2-elf/lib/mno-hw-mul/libsmallc.a(lib_a-assert.o)
                0x0000000000083c24                __assert_func
 .text.__assert
                0x0000000000083c80       0x14 /home/diego/intelFPGA_lite/20.1/nios2eds/bin/gnu/H-x86_64-pc-linux-gnu/bin/../lib/gcc/nios2-elf/9.2.1/../../../../../H-x86_64-pc-linux-gnu/nios2-elf/lib/mno-hw-mul/libsmallc.a(lib_a-assert.o)
                0x0000000000083c80                __assert
 .text          0x0000000000083c94        0x0 /home/diego/intelFPGA_lite/20.1/nios2eds/bin/gnu/H-x86_64-pc-linux-gnu/bin/../lib/gcc/nios2-elf/9.2.1/../../../../../H-x86_64-pc-linux-gnu/nios2-elf/lib/mno-hw-mul/libsmallc.a(lib_a-dtoa.o)
 .text.quorem   0x0000000000083c94      0x220 /home/diego/intelFPGA_lite/20.1/nios2eds/bin/gnu/H-x86_64-pc-linux-gnu/bin/../lib/gcc/nios2-elf/9.2.1/../../../../../H-x86_64-pc-linux-gnu/nios2-elf/lib/mno-hw-mul/libsmallc.a(lib_a-dtoa.o)
 .text._dtoa_r  0x0000000000083eb4     0x1348 /home/diego/intelFPGA_lite/20.1/nios2eds/bin/gnu/H-x86_64-pc-linux-gnu/bin/../lib/gcc/nios2-elf/9.2.1/../../../../../H-x86_64-pc-linux-gnu/nios2-elf/lib/mno-hw-mul/libsmallc.a(lib_a-dtoa.o)
                0x0000000000083eb4                _dtoa_r
 .text          0x00000000000851fc        0x0 /home/diego/intelFPGA_lite/20.1/nios2eds/bin/gnu/H-x86_64-pc-linux-gnu/bin/../lib/gcc/nios2-elf/9.2.1/../../../../../H-x86_64-pc-linux-gnu/nios2-elf/lib/mno-hw-mul/libsmallc.a(lib_a-fiprintf.o)
 .text.fiprintf
                0x00000000000851fc       0x30 /home/diego/intelFPGA_lite/20.1/nios2eds/bin/gnu/H-x86_64-pc-linux-gnu/bin/../lib/gcc/nios2-elf/9.2.1/../../../../../H-x86_64-pc-linux-gnu/nios2-elf/lib/mno-hw-mul/libsmallc.a(lib_a-fiprintf.o)
                0x00000000000851fc                fiprintf
 .text          0x000000000008522c        0x0 /home/diego/intelFPGA_lite/20.1/nios2eds/bin/gnu/H-x86_64-pc-linux-gnu/bin/../lib/gcc/nios2-elf/9.2.1/../../../../../H-x86_64-pc-linux-gnu/nios2-elf/lib/mno-hw-mul/libsmallc.a(lib_a-int_errno.o)
 .text          0x000000000008522c        0x0 /home/diego/intelFPGA_lite/20.1/nios2eds/bin/gnu/H-x86_64-pc-linux-gnu/bin/../lib/gcc/nios2-elf/9.2.1/../../../../../H-x86_64-pc-linux-gnu/nios2-elf/lib/mno-hw-mul/libsmallc.a(lib_a-malloc.o)
 .text.malloc   0x000000000008522c       0x10 /home/diego/intelFPGA_lite/20.1/nios2eds/bin/gnu/H-x86_64-pc-linux-gnu/bin/../lib/gcc/nios2-elf/9.2.1/../../../../../H-x86_64-pc-linux-gnu/nios2-elf/lib/mno-hw-mul/libsmallc.a(lib_a-malloc.o)
                0x000000000008522c                malloc
 .text.free     0x000000000008523c       0x10 /home/diego/intelFPGA_lite/20.1/nios2eds/bin/gnu/H-x86_64-pc-linux-gnu/bin/../lib/gcc/nios2-elf/9.2.1/../../../../../H-x86_64-pc-linux-gnu/nios2-elf/lib/mno-hw-mul/libsmallc.a(lib_a-malloc.o)
                0x000000000008523c                free
 .text          0x000000000008524c        0x0 /home/diego/intelFPGA_lite/20.1/nios2eds/bin/gnu/H-x86_64-pc-linux-gnu/bin/../lib/gcc/nios2-elf/9.2.1/../../../../../H-x86_64-pc-linux-gnu/nios2-elf/lib/mno-hw-mul/libsmallc.a(lib_a-memcpy.o)
 .text.memcpy   0x000000000008524c       0x28 /home/diego/intelFPGA_lite/20.1/nios2eds/bin/gnu/H-x86_64-pc-linux-gnu/bin/../lib/gcc/nios2-elf/9.2.1/../../../../../H-x86_64-pc-linux-gnu/nios2-elf/lib/mno-hw-mul/libsmallc.a(lib_a-memcpy.o)
                0x000000000008524c                memcpy
 .text          0x0000000000085274        0x0 /home/diego/intelFPGA_lite/20.1/nios2eds/bin/gnu/H-x86_64-pc-linux-gnu/bin/../lib/gcc/nios2-elf/9.2.1/../../../../../H-x86_64-pc-linux-gnu/nios2-elf/lib/mno-hw-mul/libsmallc.a(lib_a-memset.o)
 .text.memset   0x0000000000085274       0x20 /home/diego/intelFPGA_lite/20.1/nios2eds/bin/gnu/H-x86_64-pc-linux-gnu/bin/../lib/gcc/nios2-elf/9.2.1/../../../../../H-x86_64-pc-linux-gnu/nios2-elf/lib/mno-hw-mul/libsmallc.a(lib_a-memset.o)
                0x0000000000085274                memset
 .text          0x0000000000085294        0x0 /home/diego/intelFPGA_lite/20.1/nios2eds/bin/gnu/H-x86_64-pc-linux-gnu/bin/../lib/gcc/nios2-elf/9.2.1/../../../../../H-x86_64-pc-linux-gnu/nios2-elf/lib/mno-hw-mul/libsmallc.a(lib_a-nano-freer.o)
 .text._free_r  0x0000000000085294      0x100 /home/diego/intelFPGA_lite/20.1/nios2eds/bin/gnu/H-x86_64-pc-linux-gnu/bin/../lib/gcc/nios2-elf/9.2.1/../../../../../H-x86_64-pc-linux-gnu/nios2-elf/lib/mno-hw-mul/libsmallc.a(lib_a-nano-freer.o)
                0x0000000000085294                _free_r
 .text          0x0000000000085394        0x0 /home/diego/intelFPGA_lite/20.1/nios2eds/bin/gnu/H-x86_64-pc-linux-gnu/bin/../lib/gcc/nios2-elf/9.2.1/../../../../../H-x86_64-pc-linux-gnu/nios2-elf/lib/mno-hw-mul/libsmallc.a(lib_a-nano-msizer.o)
 .text._malloc_usable_size_r
                0x0000000000085394       0x1c /home/diego/intelFPGA_lite/20.1/nios2eds/bin/gnu/H-x86_64-pc-linux-gnu/bin/../lib/gcc/nios2-elf/9.2.1/../../../../../H-x86_64-pc-linux-gnu/nios2-elf/lib/mno-hw-mul/libsmallc.a(lib_a-nano-msizer.o)
                0x0000000000085394                _malloc_usable_size_r
 .text          0x00000000000853b0        0x0 /home/diego/intelFPGA_lite/20.1/nios2eds/bin/gnu/H-x86_64-pc-linux-gnu/bin/../lib/gcc/nios2-elf/9.2.1/../../../../../H-x86_64-pc-linux-gnu/nios2-elf/lib/mno-hw-mul/libsmallc.a(lib_a-abort.o)
 .text.unlikely.abort
                0x00000000000853b0       0x18 /home/diego/intelFPGA_lite/20.1/nios2eds/bin/gnu/H-x86_64-pc-linux-gnu/bin/../lib/gcc/nios2-elf/9.2.1/../../../../../H-x86_64-pc-linux-gnu/nios2-elf/lib/mno-hw-mul/libsmallc.a(lib_a-abort.o)
                0x00000000000853b0                abort
 .text          0x00000000000853c8        0x0 /home/diego/intelFPGA_lite/20.1/nios2eds/bin/gnu/H-x86_64-pc-linux-gnu/bin/../lib/gcc/nios2-elf/9.2.1/../../../../../H-x86_64-pc-linux-gnu/nios2-elf/lib/mno-hw-mul/libsmallc.a(lib_a-signal.o)
 .text._init_signal_r
                0x00000000000853c8       0x5c /home/diego/intelFPGA_lite/20.1/nios2eds/bin/gnu/H-x86_64-pc-linux-gnu/bin/../lib/gcc/nios2-elf/9.2.1/../../../../../H-x86_64-pc-linux-gnu/nios2-elf/lib/mno-hw-mul/libsmallc.a(lib_a-signal.o)
                0x00000000000853c8                _init_signal_r
 .text._signal_r
                0x0000000000085424       0x78 /home/diego/intelFPGA_lite/20.1/nios2eds/bin/gnu/H-x86_64-pc-linux-gnu/bin/../lib/gcc/nios2-elf/9.2.1/../../../../../H-x86_64-pc-linux-gnu/nios2-elf/lib/mno-hw-mul/libsmallc.a(lib_a-signal.o)
                0x0000000000085424                _signal_r
 .text._raise_r
                0x000000000008549c       0xb4 /home/diego/intelFPGA_lite/20.1/nios2eds/bin/gnu/H-x86_64-pc-linux-gnu/bin/../lib/gcc/nios2-elf/9.2.1/../../../../../H-x86_64-pc-linux-gnu/nios2-elf/lib/mno-hw-mul/libsmallc.a(lib_a-signal.o)
                0x000000000008549c                _raise_r
 .text.__sigtramp_r
                0x0000000000085550       0xa0 /home/diego/intelFPGA_lite/20.1/nios2eds/bin/gnu/H-x86_64-pc-linux-gnu/bin/../lib/gcc/nios2-elf/9.2.1/../../../../../H-x86_64-pc-linux-gnu/nios2-elf/lib/mno-hw-mul/libsmallc.a(lib_a-signal.o)
                0x0000000000085550                __sigtramp_r
 .text.raise    0x00000000000855f0       0x10 /home/diego/intelFPGA_lite/20.1/nios2eds/bin/gnu/H-x86_64-pc-linux-gnu/bin/../lib/gcc/nios2-elf/9.2.1/../../../../../H-x86_64-pc-linux-gnu/nios2-elf/lib/mno-hw-mul/libsmallc.a(lib_a-signal.o)
                0x00000000000855f0                raise
 .text.signal   0x0000000000085600       0x14 /home/diego/intelFPGA_lite/20.1/nios2eds/bin/gnu/H-x86_64-pc-linux-gnu/bin/../lib/gcc/nios2-elf/9.2.1/../../../../../H-x86_64-pc-linux-gnu/nios2-elf/lib/mno-hw-mul/libsmallc.a(lib_a-signal.o)
                0x0000000000085600                signal
 .text._init_signal
                0x0000000000085614        0xc /home/diego/intelFPGA_lite/20.1/nios2eds/bin/gnu/H-x86_64-pc-linux-gnu/bin/../lib/gcc/nios2-elf/9.2.1/../../../../../H-x86_64-pc-linux-gnu/nios2-elf/lib/mno-hw-mul/libsmallc.a(lib_a-signal.o)
                0x0000000000085614                _init_signal
 .text.__sigtramp
                0x0000000000085620       0x10 /home/diego/intelFPGA_lite/20.1/nios2eds/bin/gnu/H-x86_64-pc-linux-gnu/bin/../lib/gcc/nios2-elf/9.2.1/../../../../../H-x86_64-pc-linux-gnu/nios2-elf/lib/mno-hw-mul/libsmallc.a(lib_a-signal.o)
                0x0000000000085620                __sigtramp
 .text          0x0000000000085630        0x0 /home/diego/intelFPGA_lite/20.1/nios2eds/bin/gnu/H-x86_64-pc-linux-gnu/bin/../lib/gcc/nios2-elf/9.2.1/../../../../../H-x86_64-pc-linux-gnu/nios2-elf/lib/mno-hw-mul/libsmallc.a(lib_a-signalr.o)
 .text._kill_r  0x0000000000085630       0x4c /home/diego/intelFPGA_lite/20.1/nios2eds/bin/gnu/H-x86_64-pc-linux-gnu/bin/../lib/gcc/nios2-elf/9.2.1/../../../../../H-x86_64-pc-linux-gnu/nios2-elf/lib/mno-hw-mul/libsmallc.a(lib_a-signalr.o)
                0x0000000000085630                _kill_r
 .text._getpid_r
                0x000000000008567c        0x4 /home/diego/intelFPGA_lite/20.1/nios2eds/bin/gnu/H-x86_64-pc-linux-gnu/bin/../lib/gcc/nios2-elf/9.2.1/../../../../../H-x86_64-pc-linux-gnu/nios2-elf/lib/mno-hw-mul/libsmallc.a(lib_a-signalr.o)
                0x000000000008567c                _getpid_r
 .text          0x0000000000085680      0x1b4 /home/diego/intelFPGA_lite/20.1/nios2eds/bin/gnu/H-x86_64-pc-linux-gnu/bin/../lib/gcc/nios2-elf/9.2.1/mno-hw-mul/libgcc.a(lib2-divmod.o)
                0x0000000000085680                __divsi3
                0x0000000000085700                __modsi3
                0x0000000000085774                __udivsi3
                0x00000000000857d8                __umodsi3
 .text          0x0000000000085834      0x978 /home/diego/intelFPGA_lite/20.1/nios2eds/bin/gnu/H-x86_64-pc-linux-gnu/bin/../lib/gcc/nios2-elf/9.2.1/mno-hw-mul/libgcc.a(adddf3.o)
                0x0000000000085834                __adddf3
 .text          0x00000000000861ac      0x934 /home/diego/intelFPGA_lite/20.1/nios2eds/bin/gnu/H-x86_64-pc-linux-gnu/bin/../lib/gcc/nios2-elf/9.2.1/mno-hw-mul/libgcc.a(divdf3.o)
                0x00000000000861ac                __divdf3
 .text          0x0000000000086ae0       0x80 /home/diego/intelFPGA_lite/20.1/nios2eds/bin/gnu/H-x86_64-pc-linux-gnu/bin/../lib/gcc/nios2-elf/9.2.1/mno-hw-mul/libgcc.a(eqdf2.o)
                0x0000000000086ae0                __eqdf2
                0x0000000000086ae0                __nedf2
 .text          0x0000000000086b60       0xf0 /home/diego/intelFPGA_lite/20.1/nios2eds/bin/gnu/H-x86_64-pc-linux-gnu/bin/../lib/gcc/nios2-elf/9.2.1/mno-hw-mul/libgcc.a(gedf2.o)
                0x0000000000086b60                __gtdf2
                0x0000000000086b60                __gedf2
 .text          0x0000000000086c50       0xf0 /home/diego/intelFPGA_lite/20.1/nios2eds/bin/gnu/H-x86_64-pc-linux-gnu/bin/../lib/gcc/nios2-elf/9.2.1/mno-hw-mul/libgcc.a(ledf2.o)
                0x0000000000086c50                __ltdf2
                0x0000000000086c50                __ledf2
 .text          0x0000000000086d40      0x7a8 /home/diego/intelFPGA_lite/20.1/nios2eds/bin/gnu/H-x86_64-pc-linux-gnu/bin/../lib/gcc/nios2-elf/9.2.1/mno-hw-mul/libgcc.a(muldf3.o)
                0x0000000000086d40                __muldf3
 .text          0x00000000000874e8      0x934 /home/diego/intelFPGA_lite/20.1/nios2eds/bin/gnu/H-x86_64-pc-linux-gnu/bin/../lib/gcc/nios2-elf/9.2.1/mno-hw-mul/libgcc.a(subdf3.o)
                0x00000000000874e8                __subdf3
 .text          0x0000000000087e1c       0x80 /home/diego/intelFPGA_lite/20.1/nios2eds/bin/gnu/H-x86_64-pc-linux-gnu/bin/../lib/gcc/nios2-elf/9.2.1/mno-hw-mul/libgcc.a(fixdfsi.o)
                0x0000000000087e1c                __fixdfsi
 .text          0x0000000000087e9c       0xbc /home/diego/intelFPGA_lite/20.1/nios2eds/bin/gnu/H-x86_64-pc-linux-gnu/bin/../lib/gcc/nios2-elf/9.2.1/mno-hw-mul/libgcc.a(floatsidf.o)
                0x0000000000087e9c                __floatsidf
 .text          0x0000000000087f58       0x90 /home/diego/intelFPGA_lite/20.1/nios2eds/bin/gnu/H-x86_64-pc-linux-gnu/bin/../lib/gcc/nios2-elf/9.2.1/mno-hw-mul/libgcc.a(floatunsidf.o)
                0x0000000000087f58                __floatunsidf
 .text          0x0000000000087fe8       0x38 ../hello_world_bsp//libhal_bsp.a(alt_exit.o)
                0x0000000000087fe8                _exit
 .text          0x0000000000088020       0x20 ../hello_world_bsp//libhal_bsp.a(alt_getpid.o)
                0x0000000000088020                getpid
 .text          0x0000000000088040      0x168 ../hello_world_bsp//libhal_bsp.a(alt_kill.o)
                0x000000000008807c                kill
 .text          0x00000000000881a8       0xec ../hello_world_bsp//libhal_bsp.a(alt_load.o)
                0x0000000000088210                alt_load
 .text          0x0000000000088294       0x7c ../hello_world_bsp//libhal_bsp.a(alt_main.o)
                0x0000000000088294                alt_main
 .text          0x0000000000088310       0x48 ../hello_world_bsp//libhal_bsp.a(alt_malloc_lock.o)
                0x0000000000088310                __malloc_lock
                0x0000000000088334                __malloc_unlock
 .text          0x0000000000088358       0x3c ../hello_world_bsp//libhal_bsp.a(alt_putstr.o)
                0x0000000000088358                alt_putstr
 .text          0x0000000000088394       0xb8 ../hello_world_bsp//libhal_bsp.a(alt_sbrk.o)
                0x0000000000088394                sbrk
 .text          0x000000000008844c       0xb4 ../hello_world_bsp//libhal_bsp.a(alt_times.o)
                0x0000000000088488                times
 .text          0x0000000000088500      0x140 ../hello_world_bsp//libhal_bsp.a(alt_write.o)
                0x000000000008853c                write
 .text          0x0000000000088640       0xc0 ../hello_world_bsp//libhal_bsp.a(alt_sys_init.o)
                0x0000000000088674                alt_irq_init
                0x00000000000886b0                alt_sys_init
 .text          0x0000000000088700       0xc0 ../hello_world_bsp//libhal_bsp.a(altera_avalon_jtag_uart_fd.o)
                0x0000000000088700                altera_avalon_jtag_uart_read_fd
                0x0000000000088760                altera_avalon_jtag_uart_write_fd
 .text          0x00000000000887c0       0xec ../hello_world_bsp//libhal_bsp.a(altera_avalon_jtag_uart_read.o)
                0x00000000000887c0                altera_avalon_jtag_uart_read
 .text          0x00000000000888ac       0x94 ../hello_world_bsp//libhal_bsp.a(altera_avalon_jtag_uart_write.o)
                0x00000000000888ac                altera_avalon_jtag_uart_write
 .text          0x0000000000088940      0x100 ../hello_world_bsp//libhal_bsp.a(altera_avalon_timer_sc.o)
                0x00000000000889bc                alt_avalon_timer_sc_init
 .text          0x0000000000088a40      0x118 ../hello_world_bsp//libhal_bsp.a(alt_close.o)
                0x0000000000088a7c                close
 .text          0x0000000000088b58       0x4c ../hello_world_bsp//libhal_bsp.a(alt_dcache_flush_all.o)
                0x0000000000088b58                alt_dcache_flush_all
 .text          0x0000000000088ba4       0x2c ../hello_world_bsp//libhal_bsp.a(alt_dev.o)
 .text          0x0000000000088bd0       0xe4 ../hello_world_bsp//libhal_bsp.a(alt_dev_llist_insert.o)
                0x0000000000088c0c                alt_dev_llist_insert
 .text          0x0000000000088cb4       0x64 ../hello_world_bsp//libhal_bsp.a(alt_do_ctors.o)
                0x0000000000088cb4                _do_ctors
 .text          0x0000000000088d18       0x64 ../hello_world_bsp//libhal_bsp.a(alt_do_dtors.o)
                0x0000000000088d18                _do_dtors
 .text          0x0000000000088d7c        0x0 ../hello_world_bsp//libhal_bsp.a(alt_errno.o)
 .text          0x0000000000088d7c       0x34 ../hello_world_bsp//libhal_bsp.a(alt_icache_flush_all.o)
                0x0000000000088d7c                alt_icache_flush_all
 .text          0x0000000000088db0      0x1b0 ../hello_world_bsp//libhal_bsp.a(alt_iic.o)
                0x0000000000088db0                alt_ic_isr_register
                0x0000000000088e00                alt_ic_irq_enable
                0x0000000000088e88                alt_ic_irq_disable
                0x0000000000088f14                alt_ic_irq_enabled
 .text          0x0000000000088f60       0xe8 ../hello_world_bsp//libhal_bsp.a(alt_iic_isr_register.o)
                0x0000000000088f60                alt_iic_isr_register
 .text          0x0000000000089048      0x150 ../hello_world_bsp//libhal_bsp.a(alt_io_redirect.o)
                0x000000000008911c                alt_io_redirect
 .text          0x0000000000089198        0x0 ../hello_world_bsp//libhal_bsp.a(alt_irq_entry.o)
 .text          0x0000000000089198        0x0 ../hello_world_bsp//libhal_bsp.a(alt_irq_handler.o)
 .text          0x0000000000089198        0x0 ../hello_world_bsp//libhal_bsp.a(alt_irq_vars.o)
 .text          0x0000000000089198      0x278 ../hello_world_bsp//libhal_bsp.a(alt_open.o)
                0x00000000000892b0                open
 .text          0x0000000000089410       0x70 ../hello_world_bsp//libhal_bsp.a(alt_release_fd.o)
                0x0000000000089410                alt_release_fd
 .text          0x0000000000089480      0x1ac ../hello_world_bsp//libhal_bsp.a(alt_tick.o)
                0x0000000000089480                alt_alarm_stop
                0x0000000000089524                alt_tick
 .text          0x000000000008962c       0x24 ../hello_world_bsp//libhal_bsp.a(altera_nios2_gen2_irq.o)
                0x000000000008962c                altera_nios2_gen2_irq_init
 .text          0x0000000000089650        0x0 ../hello_world_bsp//libhal_bsp.a(alt_exception_entry.o)
 .text          0x0000000000089650       0x90 ../hello_world_bsp//libhal_bsp.a(alt_find_dev.o)
                0x0000000000089650                alt_find_dev
 .text          0x00000000000896e0      0x108 ../hello_world_bsp//libhal_bsp.a(alt_find_file.o)
                0x00000000000896e0                alt_find_file
 .text          0x00000000000897e8       0xb8 ../hello_world_bsp//libhal_bsp.a(alt_get_fd.o)
                0x00000000000897e8                alt_get_fd
 .text          0x00000000000898a0       0x90 ../hello_world_bsp//libhal_bsp.a(alt_icache_flush.o)
                0x00000000000898a0                alt_icache_flush
 .text          0x0000000000089930       0x98 ../hello_world_bsp//libhal_bsp.a(alt_instruction_exception_entry.o)
                0x0000000000089930                alt_exception_cause_generated_bad_addr
 .text          0x00000000000899c8        0x0 /home/diego/intelFPGA_lite/20.1/nios2eds/bin/gnu/H-x86_64-pc-linux-gnu/bin/../lib/gcc/nios2-elf/9.2.1/../../../../../H-x86_64-pc-linux-gnu/nios2-elf/lib/mno-hw-mul/libsmallc.a(lib_a-atexit.o)
 .text.atexit   0x00000000000899c8       0x14 /home/diego/intelFPGA_lite/20.1/nios2eds/bin/gnu/H-x86_64-pc-linux-gnu/bin/../lib/gcc/nios2-elf/9.2.1/../../../../../H-x86_64-pc-linux-gnu/nios2-elf/lib/mno-hw-mul/libsmallc.a(lib_a-atexit.o)
                0x00000000000899c8                atexit
 .text          0x00000000000899dc        0x0 /home/diego/intelFPGA_lite/20.1/nios2eds/bin/gnu/H-x86_64-pc-linux-gnu/bin/../lib/gcc/nios2-elf/9.2.1/../../../../../H-x86_64-pc-linux-gnu/nios2-elf/lib/mno-hw-mul/libsmallc.a(lib_a-exit.o)
 .text.exit     0x00000000000899dc       0x20 /home/diego/intelFPGA_lite/20.1/nios2eds/bin/gnu/H-x86_64-pc-linux-gnu/bin/../lib/gcc/nios2-elf/9.2.1/../../../../../H-x86_64-pc-linux-gnu/nios2-elf/lib/mno-hw-mul/libsmallc.a(lib_a-exit.o)
                0x00000000000899dc                exit
 .text          0x00000000000899fc        0x0 /home/diego/intelFPGA_lite/20.1/nios2eds/bin/gnu/H-x86_64-pc-linux-gnu/bin/../lib/gcc/nios2-elf/9.2.1/../../../../../H-x86_64-pc-linux-gnu/nios2-elf/lib/mno-hw-mul/libsmallc.a(lib_a-fputs.o)
 .text.fputs    0x00000000000899fc       0x5c /home/diego/intelFPGA_lite/20.1/nios2eds/bin/gnu/H-x86_64-pc-linux-gnu/bin/../lib/gcc/nios2-elf/9.2.1/../../../../../H-x86_64-pc-linux-gnu/nios2-elf/lib/mno-hw-mul/libsmallc.a(lib_a-fputs.o)
                0x00000000000899fc                fputs
 .text          0x0000000000089a58        0x0 /home/diego/intelFPGA_lite/20.1/nios2eds/bin/gnu/H-x86_64-pc-linux-gnu/bin/../lib/gcc/nios2-elf/9.2.1/../../../../../H-x86_64-pc-linux-gnu/nios2-elf/lib/mno-hw-mul/libsmallc.a(lib_a-memcmp.o)
 .text.memcmp   0x0000000000089a58       0x30 /home/diego/intelFPGA_lite/20.1/nios2eds/bin/gnu/H-x86_64-pc-linux-gnu/bin/../lib/gcc/nios2-elf/9.2.1/../../../../../H-x86_64-pc-linux-gnu/nios2-elf/lib/mno-hw-mul/libsmallc.a(lib_a-memcmp.o)
                0x0000000000089a58                memcmp
 .text          0x0000000000089a88        0x0 /home/diego/intelFPGA_lite/20.1/nios2eds/bin/gnu/H-x86_64-pc-linux-gnu/bin/../lib/gcc/nios2-elf/9.2.1/../../../../../H-x86_64-pc-linux-gnu/nios2-elf/lib/mno-hw-mul/libsmallc.a(lib_a-__atexit.o)
 .text.__register_exitproc
                0x0000000000089a88      0x11c /home/diego/intelFPGA_lite/20.1/nios2eds/bin/gnu/H-x86_64-pc-linux-gnu/bin/../lib/gcc/nios2-elf/9.2.1/../../../../../H-x86_64-pc-linux-gnu/nios2-elf/lib/mno-hw-mul/libsmallc.a(lib_a-__atexit.o)
                0x0000000000089a88                __register_exitproc
 .text          0x0000000000089ba4        0x0 /home/diego/intelFPGA_lite/20.1/nios2eds/bin/gnu/H-x86_64-pc-linux-gnu/bin/../lib/gcc/nios2-elf/9.2.1/../../../../../H-x86_64-pc-linux-gnu/nios2-elf/lib/mno-hw-mul/libsmallc.a(lib_a-__call_atexit.o)
 .text.__call_exitprocs
                0x0000000000089ba4      0x11c /home/diego/intelFPGA_lite/20.1/nios2eds/bin/gnu/H-x86_64-pc-linux-gnu/bin/../lib/gcc/nios2-elf/9.2.1/../../../../../H-x86_64-pc-linux-gnu/nios2-elf/lib/mno-hw-mul/libsmallc.a(lib_a-__call_atexit.o)
                0x0000000000089ba4                __call_exitprocs
 *(.gnu.warning.*)
 *(.fini)
                [!provide]                        PROVIDE (__etext = ABSOLUTE (.))
                [!provide]                        PROVIDE (_etext = ABSOLUTE (.))
                [!provide]                        PROVIDE (etext = ABSOLUTE (.))
 *(.eh_frame_hdr)
                0x0000000000089cc0                . = ALIGN (0x4)
                [!provide]                        PROVIDE (__preinit_array_start = ABSOLUTE (.))
 *(.preinit_array)
                [!provide]                        PROVIDE (__preinit_array_end = ABSOLUTE (.))
                [!provide]                        PROVIDE (__init_array_start = ABSOLUTE (.))
 *(.init_array)
                [!provide]                        PROVIDE (__init_array_end = ABSOLUTE (.))
                [!provide]                        PROVIDE (__fini_array_start = ABSOLUTE (.))
 *(.fini_array)
                [!provide]                        PROVIDE (__fini_array_end = ABSOLUTE (.))
 *(.eh_frame)
 *(.gcc_except_table .gcc_except_table.*)
 *(.dynamic)
                0x0000000000089cc0                PROVIDE (__CTOR_LIST__ = ABSOLUTE (.))
 *(.ctors)
 *(SORT_BY_NAME(.ctors.*))
                0x0000000000089cc0                PROVIDE (__CTOR_END__ = ABSOLUTE (.))
                0x0000000000089cc0                PROVIDE (__DTOR_LIST__ = ABSOLUTE (.))
 *(.dtors)
 *(SORT_BY_NAME(.dtors.*))
                0x0000000000089cc0                PROVIDE (__DTOR_END__ = ABSOLUTE (.))
 *(.jcr)
                0x0000000000089cc0                . = ALIGN (0x4)

.rodata         0x0000000000089cc0      0x368
                0x0000000000089cc0                PROVIDE (__ram_rodata_start = ABSOLUTE (.))
                0x0000000000089cc0                . = ALIGN (0x4)
 *(.rodata .rodata.* .gnu.linkonce.r.*)
 .rodata        0x0000000000089cc0       0x29 obj/default/hello_world.o
 *fill*         0x0000000000089ce9        0x3 
 .rodata        0x0000000000089cec      0x100 /home/diego/intelFPGA_lite/20.1/nios2eds/bin/gnu/H-x86_64-pc-linux-gnu/bin/../lib/gcc/nios2-elf/9.2.1/mno-hw-mul/libgcc.a(_clz.o)
                0x0000000000089cec                __clz_tab
 .rodata._puts_r.str1.4
                0x0000000000089dec        0x2 /home/diego/intelFPGA_lite/20.1/nios2eds/bin/gnu/H-x86_64-pc-linux-gnu/bin/../lib/gcc/nios2-elf/9.2.1/../../../../../H-x86_64-pc-linux-gnu/nios2-elf/lib/mno-hw-mul/libsmallc.a(lib_a-puts.o)
 *fill*         0x0000000000089dee        0x2 
 .rodata.__multadd.str1.4
                0x0000000000089df0       0x52 /home/diego/intelFPGA_lite/20.1/nios2eds/bin/gnu/H-x86_64-pc-linux-gnu/bin/../lib/gcc/nios2-elf/9.2.1/../../../../../H-x86_64-pc-linux-gnu/nios2-elf/lib/mno-hw-mul/libsmallc.a(lib_a-mprec.o)
 *fill*         0x0000000000089e42        0x2 
 .rodata.p05.4017
                0x0000000000089e44        0xc /home/diego/intelFPGA_lite/20.1/nios2eds/bin/gnu/H-x86_64-pc-linux-gnu/bin/../lib/gcc/nios2-elf/9.2.1/../../../../../H-x86_64-pc-linux-gnu/nios2-elf/lib/mno-hw-mul/libsmallc.a(lib_a-mprec.o)
 .rodata.__mprec_tinytens
                0x0000000000089e50       0x28 /home/diego/intelFPGA_lite/20.1/nios2eds/bin/gnu/H-x86_64-pc-linux-gnu/bin/../lib/gcc/nios2-elf/9.2.1/../../../../../H-x86_64-pc-linux-gnu/nios2-elf/lib/mno-hw-mul/libsmallc.a(lib_a-mprec.o)
                0x0000000000089e50                __mprec_tinytens
 .rodata.__mprec_bigtens
                0x0000000000089e78       0x28 /home/diego/intelFPGA_lite/20.1/nios2eds/bin/gnu/H-x86_64-pc-linux-gnu/bin/../lib/gcc/nios2-elf/9.2.1/../../../../../H-x86_64-pc-linux-gnu/nios2-elf/lib/mno-hw-mul/libsmallc.a(lib_a-mprec.o)
                0x0000000000089e78                __mprec_bigtens
 .rodata.__mprec_tens
                0x0000000000089ea0       0xc8 /home/diego/intelFPGA_lite/20.1/nios2eds/bin/gnu/H-x86_64-pc-linux-gnu/bin/../lib/gcc/nios2-elf/9.2.1/../../../../../H-x86_64-pc-linux-gnu/nios2-elf/lib/mno-hw-mul/libsmallc.a(lib_a-mprec.o)
                0x0000000000089ea0                __mprec_tens
 .rodata.__assert_func.str1.4
                0x0000000000089f68       0x3f /home/diego/intelFPGA_lite/20.1/nios2eds/bin/gnu/H-x86_64-pc-linux-gnu/bin/../lib/gcc/nios2-elf/9.2.1/../../../../../H-x86_64-pc-linux-gnu/nios2-elf/lib/mno-hw-mul/libsmallc.a(lib_a-assert.o)
                                         0x43 (size before relaxing)
 *fill*         0x0000000000089fa7        0x1 
 .rodata._dtoa_r.str1.4
                0x0000000000089fa8       0x54 /home/diego/intelFPGA_lite/20.1/nios2eds/bin/gnu/H-x86_64-pc-linux-gnu/bin/../lib/gcc/nios2-elf/9.2.1/../../../../../H-x86_64-pc-linux-gnu/nios2-elf/lib/mno-hw-mul/libsmallc.a(lib_a-dtoa.o)
                                         0x65 (size before relaxing)
 .rodata        0x0000000000089ffc        0xf ../hello_world_bsp//libhal_bsp.a(alt_main.o)
 *fill*         0x000000000008a00b        0x1 
 .rodata        0x000000000008a00c        0xf ../hello_world_bsp//libhal_bsp.a(alt_sys_init.o)
 *fill*         0x000000000008a01b        0x1 
 .rodata        0x000000000008a01c        0xa ../hello_world_bsp//libhal_bsp.a(alt_dev.o)
 *(.rodata1)
                0x000000000008a028                . = ALIGN (0x4)
 *fill*         0x000000000008a026        0x2 
                0x000000000008a028                PROVIDE (__ram_rodata_end = ABSOLUTE (.))
                0x0000000000089cc0                PROVIDE (__flash_rodata_start = LOADADDR (.rodata))

.rwdata         0x000000000008a028      0x2e8 load address 0x000000000008a310
                0x000000000008a028                PROVIDE (__ram_rwdata_start = ABSOLUTE (.))
                0x000000000008a028                . = ALIGN (0x4)
 *(.got.plt)
 *(.got)
 *(.data1)
 *(.data .data.* .gnu.linkonce.d.*)
 .data          0x000000000008a028        0x0 ../hello_world_bsp//obj/HAL/src/crt0.o
 .data          0x000000000008a028        0x0 obj/default/hello_world.o
 .data          0x000000000008a028        0x0 /home/diego/intelFPGA_lite/20.1/nios2eds/bin/gnu/H-x86_64-pc-linux-gnu/bin/../lib/gcc/nios2-elf/9.2.1/mno-hw-mul/libgcc.a(addsf3.o)
 .data          0x000000000008a028        0x0 /home/diego/intelFPGA_lite/20.1/nios2eds/bin/gnu/H-x86_64-pc-linux-gnu/bin/../lib/gcc/nios2-elf/9.2.1/mno-hw-mul/libgcc.a(divsf3.o)
 .data          0x000000000008a028        0x0 /home/diego/intelFPGA_lite/20.1/nios2eds/bin/gnu/H-x86_64-pc-linux-gnu/bin/../lib/gcc/nios2-elf/9.2.1/mno-hw-mul/libgcc.a(mulsf3.o)
 .data          0x000000000008a028        0x0 /home/diego/intelFPGA_lite/20.1/nios2eds/bin/gnu/H-x86_64-pc-linux-gnu/bin/../lib/gcc/nios2-elf/9.2.1/mno-hw-mul/libgcc.a(fixsfsi.o)
 .data          0x000000000008a028        0x0 /home/diego/intelFPGA_lite/20.1/nios2eds/bin/gnu/H-x86_64-pc-linux-gnu/bin/../lib/gcc/nios2-elf/9.2.1/mno-hw-mul/libgcc.a(floatunsisf.o)
 .data          0x000000000008a028        0x0 /home/diego/intelFPGA_lite/20.1/nios2eds/bin/gnu/H-x86_64-pc-linux-gnu/bin/../lib/gcc/nios2-elf/9.2.1/mno-hw-mul/libgcc.a(extendsfdf2.o)
 .data          0x000000000008a028        0x0 /home/diego/intelFPGA_lite/20.1/nios2eds/bin/gnu/H-x86_64-pc-linux-gnu/bin/../lib/gcc/nios2-elf/9.2.1/mno-hw-mul/libgcc.a(_clzsi2.o)
 .data          0x000000000008a028        0x0 /home/diego/intelFPGA_lite/20.1/nios2eds/bin/gnu/H-x86_64-pc-linux-gnu/bin/../lib/gcc/nios2-elf/9.2.1/mno-hw-mul/libgcc.a(lib2-mul.o)
 .data          0x000000000008a028        0x0 /home/diego/intelFPGA_lite/20.1/nios2eds/bin/gnu/H-x86_64-pc-linux-gnu/bin/../lib/gcc/nios2-elf/9.2.1/mno-hw-mul/libgcc.a(_clz.o)
 .data          0x000000000008a028        0x0 /home/diego/intelFPGA_lite/20.1/nios2eds/bin/gnu/H-x86_64-pc-linux-gnu/bin/../lib/gcc/nios2-elf/9.2.1/../../../../../H-x86_64-pc-linux-gnu/nios2-elf/lib/mno-hw-mul/libsmallc.a(lib_a-efgcvt.o)
 .data          0x000000000008a028        0x0 /home/diego/intelFPGA_lite/20.1/nios2eds/bin/gnu/H-x86_64-pc-linux-gnu/bin/../lib/gcc/nios2-elf/9.2.1/../../../../../H-x86_64-pc-linux-gnu/nios2-elf/lib/mno-hw-mul/libsmallc.a(lib_a-impure.o)
 .data.impure_data
                0x000000000008a028       0xe4 /home/diego/intelFPGA_lite/20.1/nios2eds/bin/gnu/H-x86_64-pc-linux-gnu/bin/../lib/gcc/nios2-elf/9.2.1/../../../../../H-x86_64-pc-linux-gnu/nios2-elf/lib/mno-hw-mul/libsmallc.a(lib_a-impure.o)
 .data          0x000000000008a10c        0x0 /home/diego/intelFPGA_lite/20.1/nios2eds/bin/gnu/H-x86_64-pc-linux-gnu/bin/../lib/gcc/nios2-elf/9.2.1/../../../../../H-x86_64-pc-linux-gnu/nios2-elf/lib/mno-hw-mul/libsmallc.a(lib_a-printf.o)
 .data          0x000000000008a10c        0x0 /home/diego/intelFPGA_lite/20.1/nios2eds/bin/gnu/H-x86_64-pc-linux-gnu/bin/../lib/gcc/nios2-elf/9.2.1/../../../../../H-x86_64-pc-linux-gnu/nios2-elf/lib/mno-hw-mul/libsmallc.a(lib_a-puts.o)
 .data          0x000000000008a10c        0x0 /home/diego/intelFPGA_lite/20.1/nios2eds/bin/gnu/H-x86_64-pc-linux-gnu/bin/../lib/gcc/nios2-elf/9.2.1/../../../../../H-x86_64-pc-linux-gnu/nios2-elf/lib/mno-hw-mul/libsmallc.a(lib_a-strlen.o)
 .data          0x000000000008a10c        0x0 /home/diego/intelFPGA_lite/20.1/nios2eds/bin/gnu/H-x86_64-pc-linux-gnu/bin/../lib/gcc/nios2-elf/9.2.1/../../../../../H-x86_64-pc-linux-gnu/nios2-elf/lib/mno-hw-mul/libsmallc.a(lib_a-vfprintf.o)
 .data          0x000000000008a10c        0x0 /home/diego/intelFPGA_lite/20.1/nios2eds/bin/gnu/H-x86_64-pc-linux-gnu/bin/../lib/gcc/nios2-elf/9.2.1/../../../../../H-x86_64-pc-linux-gnu/nios2-elf/lib/mno-hw-mul/libsmallc.a(lib_a-ecvtbuf.o)
 .data          0x000000000008a10c        0x0 /home/diego/intelFPGA_lite/20.1/nios2eds/bin/gnu/H-x86_64-pc-linux-gnu/bin/../lib/gcc/nios2-elf/9.2.1/../../../../../H-x86_64-pc-linux-gnu/nios2-elf/lib/mno-hw-mul/libsmallc.a(lib_a-fvwrite_small_dev.o)
 .data          0x000000000008a10c        0x0 /home/diego/intelFPGA_lite/20.1/nios2eds/bin/gnu/H-x86_64-pc-linux-gnu/bin/../lib/gcc/nios2-elf/9.2.1/../../../../../H-x86_64-pc-linux-gnu/nios2-elf/lib/mno-hw-mul/libsmallc.a(lib_a-mprec.o)
 .data          0x000000000008a10c        0x0 /home/diego/intelFPGA_lite/20.1/nios2eds/bin/gnu/H-x86_64-pc-linux-gnu/bin/../lib/gcc/nios2-elf/9.2.1/../../../../../H-x86_64-pc-linux-gnu/nios2-elf/lib/mno-hw-mul/libsmallc.a(lib_a-nano-callocr.o)
 .data          0x000000000008a10c        0x0 /home/diego/intelFPGA_lite/20.1/nios2eds/bin/gnu/H-x86_64-pc-linux-gnu/bin/../lib/gcc/nios2-elf/9.2.1/../../../../../H-x86_64-pc-linux-gnu/nios2-elf/lib/mno-hw-mul/libsmallc.a(lib_a-nano-mallocr.o)
 .data          0x000000000008a10c        0x0 /home/diego/intelFPGA_lite/20.1/nios2eds/bin/gnu/H-x86_64-pc-linux-gnu/bin/../lib/gcc/nios2-elf/9.2.1/../../../../../H-x86_64-pc-linux-gnu/nios2-elf/lib/mno-hw-mul/libsmallc.a(lib_a-nano-reallocr.o)
 .data          0x000000000008a10c        0x0 /home/diego/intelFPGA_lite/20.1/nios2eds/bin/gnu/H-x86_64-pc-linux-gnu/bin/../lib/gcc/nios2-elf/9.2.1/../../../../../H-x86_64-pc-linux-gnu/nios2-elf/lib/mno-hw-mul/libsmallc.a(lib_a-sbrkr.o)
 .data          0x000000000008a10c        0x0 /home/diego/intelFPGA_lite/20.1/nios2eds/bin/gnu/H-x86_64-pc-linux-gnu/bin/../lib/gcc/nios2-elf/9.2.1/../../../../../H-x86_64-pc-linux-gnu/nios2-elf/lib/mno-hw-mul/libsmallc.a(lib_a-strcpy.o)
 .data          0x000000000008a10c        0x0 /home/diego/intelFPGA_lite/20.1/nios2eds/bin/gnu/H-x86_64-pc-linux-gnu/bin/../lib/gcc/nios2-elf/9.2.1/../../../../../H-x86_64-pc-linux-gnu/nios2-elf/lib/mno-hw-mul/libsmallc.a(lib_a-writer.o)
 .data          0x000000000008a10c        0x0 /home/diego/intelFPGA_lite/20.1/nios2eds/bin/gnu/H-x86_64-pc-linux-gnu/bin/../lib/gcc/nios2-elf/9.2.1/../../../../../H-x86_64-pc-linux-gnu/nios2-elf/lib/mno-hw-mul/libsmallc.a(lib_a-assert.o)
 .data          0x000000000008a10c        0x0 /home/diego/intelFPGA_lite/20.1/nios2eds/bin/gnu/H-x86_64-pc-linux-gnu/bin/../lib/gcc/nios2-elf/9.2.1/../../../../../H-x86_64-pc-linux-gnu/nios2-elf/lib/mno-hw-mul/libsmallc.a(lib_a-dtoa.o)
 .data          0x000000000008a10c        0x0 /home/diego/intelFPGA_lite/20.1/nios2eds/bin/gnu/H-x86_64-pc-linux-gnu/bin/../lib/gcc/nios2-elf/9.2.1/../../../../../H-x86_64-pc-linux-gnu/nios2-elf/lib/mno-hw-mul/libsmallc.a(lib_a-fiprintf.o)
 .data          0x000000000008a10c        0x0 /home/diego/intelFPGA_lite/20.1/nios2eds/bin/gnu/H-x86_64-pc-linux-gnu/bin/../lib/gcc/nios2-elf/9.2.1/../../../../../H-x86_64-pc-linux-gnu/nios2-elf/lib/mno-hw-mul/libsmallc.a(lib_a-int_errno.o)
 .data          0x000000000008a10c        0x0 /home/diego/intelFPGA_lite/20.1/nios2eds/bin/gnu/H-x86_64-pc-linux-gnu/bin/../lib/gcc/nios2-elf/9.2.1/../../../../../H-x86_64-pc-linux-gnu/nios2-elf/lib/mno-hw-mul/libsmallc.a(lib_a-malloc.o)
 .data          0x000000000008a10c        0x0 /home/diego/intelFPGA_lite/20.1/nios2eds/bin/gnu/H-x86_64-pc-linux-gnu/bin/../lib/gcc/nios2-elf/9.2.1/../../../../../H-x86_64-pc-linux-gnu/nios2-elf/lib/mno-hw-mul/libsmallc.a(lib_a-memcpy.o)
 .data          0x000000000008a10c        0x0 /home/diego/intelFPGA_lite/20.1/nios2eds/bin/gnu/H-x86_64-pc-linux-gnu/bin/../lib/gcc/nios2-elf/9.2.1/../../../../../H-x86_64-pc-linux-gnu/nios2-elf/lib/mno-hw-mul/libsmallc.a(lib_a-memset.o)
 .data          0x000000000008a10c        0x0 /home/diego/intelFPGA_lite/20.1/nios2eds/bin/gnu/H-x86_64-pc-linux-gnu/bin/../lib/gcc/nios2-elf/9.2.1/../../../../../H-x86_64-pc-linux-gnu/nios2-elf/lib/mno-hw-mul/libsmallc.a(lib_a-nano-freer.o)
 .data          0x000000000008a10c        0x0 /home/diego/intelFPGA_lite/20.1/nios2eds/bin/gnu/H-x86_64-pc-linux-gnu/bin/../lib/gcc/nios2-elf/9.2.1/../../../../../H-x86_64-pc-linux-gnu/nios2-elf/lib/mno-hw-mul/libsmallc.a(lib_a-nano-msizer.o)
 .data          0x000000000008a10c        0x0 /home/diego/intelFPGA_lite/20.1/nios2eds/bin/gnu/H-x86_64-pc-linux-gnu/bin/../lib/gcc/nios2-elf/9.2.1/../../../../../H-x86_64-pc-linux-gnu/nios2-elf/lib/mno-hw-mul/libsmallc.a(lib_a-abort.o)
 .data          0x000000000008a10c        0x0 /home/diego/intelFPGA_lite/20.1/nios2eds/bin/gnu/H-x86_64-pc-linux-gnu/bin/../lib/gcc/nios2-elf/9.2.1/../../../../../H-x86_64-pc-linux-gnu/nios2-elf/lib/mno-hw-mul/libsmallc.a(lib_a-signal.o)
 .data          0x000000000008a10c        0x0 /home/diego/intelFPGA_lite/20.1/nios2eds/bin/gnu/H-x86_64-pc-linux-gnu/bin/../lib/gcc/nios2-elf/9.2.1/../../../../../H-x86_64-pc-linux-gnu/nios2-elf/lib/mno-hw-mul/libsmallc.a(lib_a-signalr.o)
 .data          0x000000000008a10c        0x0 /home/diego/intelFPGA_lite/20.1/nios2eds/bin/gnu/H-x86_64-pc-linux-gnu/bin/../lib/gcc/nios2-elf/9.2.1/mno-hw-mul/libgcc.a(lib2-divmod.o)
 .data          0x000000000008a10c        0x0 /home/diego/intelFPGA_lite/20.1/nios2eds/bin/gnu/H-x86_64-pc-linux-gnu/bin/../lib/gcc/nios2-elf/9.2.1/mno-hw-mul/libgcc.a(adddf3.o)
 .data          0x000000000008a10c        0x0 /home/diego/intelFPGA_lite/20.1/nios2eds/bin/gnu/H-x86_64-pc-linux-gnu/bin/../lib/gcc/nios2-elf/9.2.1/mno-hw-mul/libgcc.a(divdf3.o)
 .data          0x000000000008a10c        0x0 /home/diego/intelFPGA_lite/20.1/nios2eds/bin/gnu/H-x86_64-pc-linux-gnu/bin/../lib/gcc/nios2-elf/9.2.1/mno-hw-mul/libgcc.a(eqdf2.o)
 .data          0x000000000008a10c        0x0 /home/diego/intelFPGA_lite/20.1/nios2eds/bin/gnu/H-x86_64-pc-linux-gnu/bin/../lib/gcc/nios2-elf/9.2.1/mno-hw-mul/libgcc.a(gedf2.o)
 .data          0x000000000008a10c        0x0 /home/diego/intelFPGA_lite/20.1/nios2eds/bin/gnu/H-x86_64-pc-linux-gnu/bin/../lib/gcc/nios2-elf/9.2.1/mno-hw-mul/libgcc.a(ledf2.o)
 .data          0x000000000008a10c        0x0 /home/diego/intelFPGA_lite/20.1/nios2eds/bin/gnu/H-x86_64-pc-linux-gnu/bin/../lib/gcc/nios2-elf/9.2.1/mno-hw-mul/libgcc.a(muldf3.o)
 .data          0x000000000008a10c        0x0 /home/diego/intelFPGA_lite/20.1/nios2eds/bin/gnu/H-x86_64-pc-linux-gnu/bin/../lib/gcc/nios2-elf/9.2.1/mno-hw-mul/libgcc.a(subdf3.o)
 .data          0x000000000008a10c        0x0 /home/diego/intelFPGA_lite/20.1/nios2eds/bin/gnu/H-x86_64-pc-linux-gnu/bin/../lib/gcc/nios2-elf/9.2.1/mno-hw-mul/libgcc.a(fixdfsi.o)
 .data          0x000000000008a10c        0x0 /home/diego/intelFPGA_lite/20.1/nios2eds/bin/gnu/H-x86_64-pc-linux-gnu/bin/../lib/gcc/nios2-elf/9.2.1/mno-hw-mul/libgcc.a(floatsidf.o)
 .data          0x000000000008a10c        0x0 /home/diego/intelFPGA_lite/20.1/nios2eds/bin/gnu/H-x86_64-pc-linux-gnu/bin/../lib/gcc/nios2-elf/9.2.1/mno-hw-mul/libgcc.a(floatunsidf.o)
 .data          0x000000000008a10c        0x0 ../hello_world_bsp//libhal_bsp.a(alt_exit.o)
 .data          0x000000000008a10c        0x0 ../hello_world_bsp//libhal_bsp.a(alt_getpid.o)
 .data          0x000000000008a10c        0x0 ../hello_world_bsp//libhal_bsp.a(alt_kill.o)
 .data          0x000000000008a10c        0x0 ../hello_world_bsp//libhal_bsp.a(alt_load.o)
 .data          0x000000000008a10c        0x0 ../hello_world_bsp//libhal_bsp.a(alt_main.o)
 .data          0x000000000008a10c        0x0 ../hello_world_bsp//libhal_bsp.a(alt_malloc_lock.o)
 .data          0x000000000008a10c        0x0 ../hello_world_bsp//libhal_bsp.a(alt_putstr.o)
 .data          0x000000000008a10c        0x0 ../hello_world_bsp//libhal_bsp.a(alt_sbrk.o)
 .data          0x000000000008a10c        0x0 ../hello_world_bsp//libhal_bsp.a(alt_times.o)
 .data          0x000000000008a10c        0x0 ../hello_world_bsp//libhal_bsp.a(alt_write.o)
 .data          0x000000000008a10c       0x2c ../hello_world_bsp//libhal_bsp.a(alt_sys_init.o)
 .data          0x000000000008a138        0x0 ../hello_world_bsp//libhal_bsp.a(altera_avalon_jtag_uart_fd.o)
 .data          0x000000000008a138        0x0 ../hello_world_bsp//libhal_bsp.a(altera_avalon_jtag_uart_read.o)
 .data          0x000000000008a138        0x0 ../hello_world_bsp//libhal_bsp.a(altera_avalon_jtag_uart_write.o)
 .data          0x000000000008a138        0x0 ../hello_world_bsp//libhal_bsp.a(altera_avalon_timer_sc.o)
 .data          0x000000000008a138        0x0 ../hello_world_bsp//libhal_bsp.a(alt_close.o)
 .data          0x000000000008a138        0x0 ../hello_world_bsp//libhal_bsp.a(alt_dcache_flush_all.o)
 .data          0x000000000008a138      0x1a8 ../hello_world_bsp//libhal_bsp.a(alt_dev.o)
                0x000000000008a138                alt_dev_null
                0x000000000008a160                alt_fd_list
 .data          0x000000000008a2e0        0x0 ../hello_world_bsp//libhal_bsp.a(alt_dev_llist_insert.o)
 .data          0x000000000008a2e0        0x0 ../hello_world_bsp//libhal_bsp.a(alt_do_ctors.o)
 .data          0x000000000008a2e0        0x0 ../hello_world_bsp//libhal_bsp.a(alt_do_dtors.o)
 .data          0x000000000008a2e0        0x0 ../hello_world_bsp//libhal_bsp.a(alt_errno.o)
 .data          0x000000000008a2e0        0x0 ../hello_world_bsp//libhal_bsp.a(alt_icache_flush_all.o)
 .data          0x000000000008a2e0        0x0 ../hello_world_bsp//libhal_bsp.a(alt_iic.o)
 .data          0x000000000008a2e0        0x0 ../hello_world_bsp//libhal_bsp.a(alt_iic_isr_register.o)
 .data          0x000000000008a2e0        0x0 ../hello_world_bsp//libhal_bsp.a(alt_io_redirect.o)
 .data          0x000000000008a2e0        0x0 ../hello_world_bsp//libhal_bsp.a(alt_irq_entry.o)
 .data          0x000000000008a2e0        0x0 ../hello_world_bsp//libhal_bsp.a(alt_irq_handler.o)
 .data          0x000000000008a2e0        0x0 ../hello_world_bsp//libhal_bsp.a(alt_irq_vars.o)
 .data          0x000000000008a2e0        0x0 ../hello_world_bsp//libhal_bsp.a(alt_open.o)
 .data          0x000000000008a2e0        0x0 ../hello_world_bsp//libhal_bsp.a(alt_release_fd.o)
 .data          0x000000000008a2e0        0x0 ../hello_world_bsp//libhal_bsp.a(alt_tick.o)
 .data          0x000000000008a2e0        0x0 ../hello_world_bsp//libhal_bsp.a(altera_nios2_gen2_irq.o)
 .data          0x000000000008a2e0        0x0 ../hello_world_bsp//libhal_bsp.a(alt_exception_entry.o)
 .data          0x000000000008a2e0        0x0 ../hello_world_bsp//libhal_bsp.a(alt_find_dev.o)
 .data          0x000000000008a2e0        0x0 ../hello_world_bsp//libhal_bsp.a(alt_find_file.o)
 .data          0x000000000008a2e0        0x0 ../hello_world_bsp//libhal_bsp.a(alt_get_fd.o)
 .data          0x000000000008a2e0        0x0 ../hello_world_bsp//libhal_bsp.a(alt_icache_flush.o)
 .data          0x000000000008a2e0        0x0 ../hello_world_bsp//libhal_bsp.a(alt_instruction_exception_entry.o)
 .data          0x000000000008a2e0        0x0 /home/diego/intelFPGA_lite/20.1/nios2eds/bin/gnu/H-x86_64-pc-linux-gnu/bin/../lib/gcc/nios2-elf/9.2.1/../../../../../H-x86_64-pc-linux-gnu/nios2-elf/lib/mno-hw-mul/libsmallc.a(lib_a-atexit.o)
 .data          0x000000000008a2e0        0x0 /home/diego/intelFPGA_lite/20.1/nios2eds/bin/gnu/H-x86_64-pc-linux-gnu/bin/../lib/gcc/nios2-elf/9.2.1/../../../../../H-x86_64-pc-linux-gnu/nios2-elf/lib/mno-hw-mul/libsmallc.a(lib_a-exit.o)
 .data          0x000000000008a2e0        0x0 /home/diego/intelFPGA_lite/20.1/nios2eds/bin/gnu/H-x86_64-pc-linux-gnu/bin/../lib/gcc/nios2-elf/9.2.1/../../../../../H-x86_64-pc-linux-gnu/nios2-elf/lib/mno-hw-mul/libsmallc.a(lib_a-fputs.o)
 .data          0x000000000008a2e0        0x0 /home/diego/intelFPGA_lite/20.1/nios2eds/bin/gnu/H-x86_64-pc-linux-gnu/bin/../lib/gcc/nios2-elf/9.2.1/../../../../../H-x86_64-pc-linux-gnu/nios2-elf/lib/mno-hw-mul/libsmallc.a(lib_a-memcmp.o)
 .data          0x000000000008a2e0        0x0 /home/diego/intelFPGA_lite/20.1/nios2eds/bin/gnu/H-x86_64-pc-linux-gnu/bin/../lib/gcc/nios2-elf/9.2.1/../../../../../H-x86_64-pc-linux-gnu/nios2-elf/lib/mno-hw-mul/libsmallc.a(lib_a-__atexit.o)
 .data          0x000000000008a2e0        0x0 /home/diego/intelFPGA_lite/20.1/nios2eds/bin/gnu/H-x86_64-pc-linux-gnu/bin/../lib/gcc/nios2-elf/9.2.1/../../../../../H-x86_64-pc-linux-gnu/nios2-elf/lib/mno-hw-mul/libsmallc.a(lib_a-__call_atexit.o)
                0x00000000000922e0                _gp = ABSOLUTE ((. + 0x8000))
                [!provide]                        PROVIDE (gp = _gp)
 *(.rwdata .rwdata.*)
 *(.sdata .sdata.* .gnu.linkonce.s.*)
 .sdata._global_impure_ptr
                0x000000000008a2e0        0x4 /home/diego/intelFPGA_lite/20.1/nios2eds/bin/gnu/H-x86_64-pc-linux-gnu/bin/../lib/gcc/nios2-elf/9.2.1/../../../../../H-x86_64-pc-linux-gnu/nios2-elf/lib/mno-hw-mul/libsmallc.a(lib_a-impure.o)
                0x000000000008a2e0                _global_impure_ptr
 .sdata._impure_ptr
                0x000000000008a2e4        0x4 /home/diego/intelFPGA_lite/20.1/nios2eds/bin/gnu/H-x86_64-pc-linux-gnu/bin/../lib/gcc/nios2-elf/9.2.1/../../../../../H-x86_64-pc-linux-gnu/nios2-elf/lib/mno-hw-mul/libsmallc.a(lib_a-impure.o)
                0x000000000008a2e4                _impure_ptr
 .sdata         0x000000000008a2e8        0x4 ../hello_world_bsp//libhal_bsp.a(alt_sbrk.o)
 .sdata         0x000000000008a2ec       0x14 ../hello_world_bsp//libhal_bsp.a(alt_dev.o)
                0x000000000008a2ec                alt_fs_list
                0x000000000008a2f4                alt_dev_list
                0x000000000008a2fc                alt_max_fd
 .sdata         0x000000000008a300        0x4 ../hello_world_bsp//libhal_bsp.a(alt_errno.o)
                0x000000000008a300                alt_errno
 .sdata         0x000000000008a304        0x4 ../hello_world_bsp//libhal_bsp.a(alt_irq_vars.o)
                0x000000000008a304                alt_priority_mask
 .sdata         0x000000000008a308        0x8 ../hello_world_bsp//libhal_bsp.a(alt_tick.o)
                0x000000000008a308                alt_alarm_list
 *(.sdata2 .sdata2.* .gnu.linkonce.s2.*)
                0x000000000008a310                . = ALIGN (0x4)
                0x000000000008a310                _edata = ABSOLUTE (.)
                [!provide]                        PROVIDE (edata = ABSOLUTE (.))
                0x000000000008a310                PROVIDE (__ram_rwdata_end = ABSOLUTE (.))
                0x000000000008a310                PROVIDE (__flash_rwdata_start = LOADADDR (.rwdata))

.bss            0x000000000008a5f8      0x128
                0x000000000008a5f8                __bss_start = ABSOLUTE (.)
                [!provide]                        PROVIDE (__sbss_start = ABSOLUTE (.))
                [!provide]                        PROVIDE (___sbss_start = ABSOLUTE (.))
 *(.dynsbss)
 *(.sbss .sbss.* .gnu.linkonce.sb.*)
 .sbss.__malloc_sbrk_start
                0x000000000008a5f8        0x4 /home/diego/intelFPGA_lite/20.1/nios2eds/bin/gnu/H-x86_64-pc-linux-gnu/bin/../lib/gcc/nios2-elf/9.2.1/../../../../../H-x86_64-pc-linux-gnu/nios2-elf/lib/mno-hw-mul/libsmallc.a(lib_a-nano-mallocr.o)
                0x000000000008a5f8                __malloc_sbrk_start
 .sbss.__malloc_free_list
                0x000000000008a5fc        0x4 /home/diego/intelFPGA_lite/20.1/nios2eds/bin/gnu/H-x86_64-pc-linux-gnu/bin/../lib/gcc/nios2-elf/9.2.1/../../../../../H-x86_64-pc-linux-gnu/nios2-elf/lib/mno-hw-mul/libsmallc.a(lib_a-nano-mallocr.o)
                0x000000000008a5fc                __malloc_free_list
 .sbss          0x000000000008a600        0x4 /home/diego/intelFPGA_lite/20.1/nios2eds/bin/gnu/H-x86_64-pc-linux-gnu/bin/../lib/gcc/nios2-elf/9.2.1/../../../../../H-x86_64-pc-linux-gnu/nios2-elf/lib/mno-hw-mul/libsmallc.a(lib_a-int_errno.o)
                0x000000000008a600                errno
 .sbss          0x000000000008a604        0xc ../hello_world_bsp//libhal_bsp.a(alt_main.o)
                0x000000000008a604                alt_argc
                0x000000000008a608                alt_argv
                0x000000000008a60c                alt_envp
 .sbss          0x000000000008a610        0x4 ../hello_world_bsp//libhal_bsp.a(alt_irq_vars.o)
                0x000000000008a610                alt_irq_active
 .sbss          0x000000000008a614        0x8 ../hello_world_bsp//libhal_bsp.a(alt_tick.o)
                0x000000000008a614                _alt_tick_rate
                0x000000000008a618                _alt_nticks
 .sbss          0x000000000008a61c        0x4 ../hello_world_bsp//libhal_bsp.a(alt_instruction_exception_entry.o)
                0x000000000008a61c                alt_instruction_exception_handler
 *(.sbss2 .sbss2.* .gnu.linkonce.sb2.*)
 *(.scommon)
                [!provide]                        PROVIDE (__sbss_end = ABSOLUTE (.))
                [!provide]                        PROVIDE (___sbss_end = ABSOLUTE (.))
 *(.dynbss)
 *(.bss .bss.* .gnu.linkonce.b.*)
 .bss           0x000000000008a620        0x0 ../hello_world_bsp//obj/HAL/src/crt0.o
 .bss           0x000000000008a620        0x0 obj/default/hello_world.o
 .bss           0x000000000008a620        0x0 /home/diego/intelFPGA_lite/20.1/nios2eds/bin/gnu/H-x86_64-pc-linux-gnu/bin/../lib/gcc/nios2-elf/9.2.1/mno-hw-mul/libgcc.a(addsf3.o)
 .bss           0x000000000008a620        0x0 /home/diego/intelFPGA_lite/20.1/nios2eds/bin/gnu/H-x86_64-pc-linux-gnu/bin/../lib/gcc/nios2-elf/9.2.1/mno-hw-mul/libgcc.a(divsf3.o)
 .bss           0x000000000008a620        0x0 /home/diego/intelFPGA_lite/20.1/nios2eds/bin/gnu/H-x86_64-pc-linux-gnu/bin/../lib/gcc/nios2-elf/9.2.1/mno-hw-mul/libgcc.a(mulsf3.o)
 .bss           0x000000000008a620        0x0 /home/diego/intelFPGA_lite/20.1/nios2eds/bin/gnu/H-x86_64-pc-linux-gnu/bin/../lib/gcc/nios2-elf/9.2.1/mno-hw-mul/libgcc.a(fixsfsi.o)
 .bss           0x000000000008a620        0x0 /home/diego/intelFPGA_lite/20.1/nios2eds/bin/gnu/H-x86_64-pc-linux-gnu/bin/../lib/gcc/nios2-elf/9.2.1/mno-hw-mul/libgcc.a(floatunsisf.o)
 .bss           0x000000000008a620        0x0 /home/diego/intelFPGA_lite/20.1/nios2eds/bin/gnu/H-x86_64-pc-linux-gnu/bin/../lib/gcc/nios2-elf/9.2.1/mno-hw-mul/libgcc.a(extendsfdf2.o)
 .bss           0x000000000008a620        0x0 /home/diego/intelFPGA_lite/20.1/nios2eds/bin/gnu/H-x86_64-pc-linux-gnu/bin/../lib/gcc/nios2-elf/9.2.1/mno-hw-mul/libgcc.a(_clzsi2.o)
 .bss           0x000000000008a620        0x0 /home/diego/intelFPGA_lite/20.1/nios2eds/bin/gnu/H-x86_64-pc-linux-gnu/bin/../lib/gcc/nios2-elf/9.2.1/mno-hw-mul/libgcc.a(lib2-mul.o)
 .bss           0x000000000008a620        0x0 /home/diego/intelFPGA_lite/20.1/nios2eds/bin/gnu/H-x86_64-pc-linux-gnu/bin/../lib/gcc/nios2-elf/9.2.1/mno-hw-mul/libgcc.a(_clz.o)
 .bss           0x000000000008a620        0x0 /home/diego/intelFPGA_lite/20.1/nios2eds/bin/gnu/H-x86_64-pc-linux-gnu/bin/../lib/gcc/nios2-elf/9.2.1/../../../../../H-x86_64-pc-linux-gnu/nios2-elf/lib/mno-hw-mul/libsmallc.a(lib_a-efgcvt.o)
 .bss           0x000000000008a620        0x0 /home/diego/intelFPGA_lite/20.1/nios2eds/bin/gnu/H-x86_64-pc-linux-gnu/bin/../lib/gcc/nios2-elf/9.2.1/../../../../../H-x86_64-pc-linux-gnu/nios2-elf/lib/mno-hw-mul/libsmallc.a(lib_a-impure.o)
 .bss           0x000000000008a620        0x0 /home/diego/intelFPGA_lite/20.1/nios2eds/bin/gnu/H-x86_64-pc-linux-gnu/bin/../lib/gcc/nios2-elf/9.2.1/../../../../../H-x86_64-pc-linux-gnu/nios2-elf/lib/mno-hw-mul/libsmallc.a(lib_a-printf.o)
 .bss           0x000000000008a620        0x0 /home/diego/intelFPGA_lite/20.1/nios2eds/bin/gnu/H-x86_64-pc-linux-gnu/bin/../lib/gcc/nios2-elf/9.2.1/../../../../../H-x86_64-pc-linux-gnu/nios2-elf/lib/mno-hw-mul/libsmallc.a(lib_a-puts.o)
 .bss           0x000000000008a620        0x0 /home/diego/intelFPGA_lite/20.1/nios2eds/bin/gnu/H-x86_64-pc-linux-gnu/bin/../lib/gcc/nios2-elf/9.2.1/../../../../../H-x86_64-pc-linux-gnu/nios2-elf/lib/mno-hw-mul/libsmallc.a(lib_a-strlen.o)
 .bss           0x000000000008a620        0x0 /home/diego/intelFPGA_lite/20.1/nios2eds/bin/gnu/H-x86_64-pc-linux-gnu/bin/../lib/gcc/nios2-elf/9.2.1/../../../../../H-x86_64-pc-linux-gnu/nios2-elf/lib/mno-hw-mul/libsmallc.a(lib_a-vfprintf.o)
 .bss           0x000000000008a620        0x0 /home/diego/intelFPGA_lite/20.1/nios2eds/bin/gnu/H-x86_64-pc-linux-gnu/bin/../lib/gcc/nios2-elf/9.2.1/../../../../../H-x86_64-pc-linux-gnu/nios2-elf/lib/mno-hw-mul/libsmallc.a(lib_a-ecvtbuf.o)
 .bss           0x000000000008a620        0x0 /home/diego/intelFPGA_lite/20.1/nios2eds/bin/gnu/H-x86_64-pc-linux-gnu/bin/../lib/gcc/nios2-elf/9.2.1/../../../../../H-x86_64-pc-linux-gnu/nios2-elf/lib/mno-hw-mul/libsmallc.a(lib_a-fvwrite_small_dev.o)
 .bss           0x000000000008a620        0x0 /home/diego/intelFPGA_lite/20.1/nios2eds/bin/gnu/H-x86_64-pc-linux-gnu/bin/../lib/gcc/nios2-elf/9.2.1/../../../../../H-x86_64-pc-linux-gnu/nios2-elf/lib/mno-hw-mul/libsmallc.a(lib_a-mprec.o)
 .bss           0x000000000008a620        0x0 /home/diego/intelFPGA_lite/20.1/nios2eds/bin/gnu/H-x86_64-pc-linux-gnu/bin/../lib/gcc/nios2-elf/9.2.1/../../../../../H-x86_64-pc-linux-gnu/nios2-elf/lib/mno-hw-mul/libsmallc.a(lib_a-nano-callocr.o)
 .bss           0x000000000008a620        0x0 /home/diego/intelFPGA_lite/20.1/nios2eds/bin/gnu/H-x86_64-pc-linux-gnu/bin/../lib/gcc/nios2-elf/9.2.1/../../../../../H-x86_64-pc-linux-gnu/nios2-elf/lib/mno-hw-mul/libsmallc.a(lib_a-nano-mallocr.o)
 .bss           0x000000000008a620        0x0 /home/diego/intelFPGA_lite/20.1/nios2eds/bin/gnu/H-x86_64-pc-linux-gnu/bin/../lib/gcc/nios2-elf/9.2.1/../../../../../H-x86_64-pc-linux-gnu/nios2-elf/lib/mno-hw-mul/libsmallc.a(lib_a-nano-reallocr.o)
 .bss           0x000000000008a620        0x0 /home/diego/intelFPGA_lite/20.1/nios2eds/bin/gnu/H-x86_64-pc-linux-gnu/bin/../lib/gcc/nios2-elf/9.2.1/../../../../../H-x86_64-pc-linux-gnu/nios2-elf/lib/mno-hw-mul/libsmallc.a(lib_a-sbrkr.o)
 .bss           0x000000000008a620        0x0 /home/diego/intelFPGA_lite/20.1/nios2eds/bin/gnu/H-x86_64-pc-linux-gnu/bin/../lib/gcc/nios2-elf/9.2.1/../../../../../H-x86_64-pc-linux-gnu/nios2-elf/lib/mno-hw-mul/libsmallc.a(lib_a-strcpy.o)
 .bss           0x000000000008a620        0x0 /home/diego/intelFPGA_lite/20.1/nios2eds/bin/gnu/H-x86_64-pc-linux-gnu/bin/../lib/gcc/nios2-elf/9.2.1/../../../../../H-x86_64-pc-linux-gnu/nios2-elf/lib/mno-hw-mul/libsmallc.a(lib_a-writer.o)
 .bss           0x000000000008a620        0x0 /home/diego/intelFPGA_lite/20.1/nios2eds/bin/gnu/H-x86_64-pc-linux-gnu/bin/../lib/gcc/nios2-elf/9.2.1/../../../../../H-x86_64-pc-linux-gnu/nios2-elf/lib/mno-hw-mul/libsmallc.a(lib_a-assert.o)
 .bss           0x000000000008a620        0x0 /home/diego/intelFPGA_lite/20.1/nios2eds/bin/gnu/H-x86_64-pc-linux-gnu/bin/../lib/gcc/nios2-elf/9.2.1/../../../../../H-x86_64-pc-linux-gnu/nios2-elf/lib/mno-hw-mul/libsmallc.a(lib_a-dtoa.o)
 .bss           0x000000000008a620        0x0 /home/diego/intelFPGA_lite/20.1/nios2eds/bin/gnu/H-x86_64-pc-linux-gnu/bin/../lib/gcc/nios2-elf/9.2.1/../../../../../H-x86_64-pc-linux-gnu/nios2-elf/lib/mno-hw-mul/libsmallc.a(lib_a-fiprintf.o)
 .bss           0x000000000008a620        0x0 /home/diego/intelFPGA_lite/20.1/nios2eds/bin/gnu/H-x86_64-pc-linux-gnu/bin/../lib/gcc/nios2-elf/9.2.1/../../../../../H-x86_64-pc-linux-gnu/nios2-elf/lib/mno-hw-mul/libsmallc.a(lib_a-int_errno.o)
 .bss           0x000000000008a620        0x0 /home/diego/intelFPGA_lite/20.1/nios2eds/bin/gnu/H-x86_64-pc-linux-gnu/bin/../lib/gcc/nios2-elf/9.2.1/../../../../../H-x86_64-pc-linux-gnu/nios2-elf/lib/mno-hw-mul/libsmallc.a(lib_a-malloc.o)
 .bss           0x000000000008a620        0x0 /home/diego/intelFPGA_lite/20.1/nios2eds/bin/gnu/H-x86_64-pc-linux-gnu/bin/../lib/gcc/nios2-elf/9.2.1/../../../../../H-x86_64-pc-linux-gnu/nios2-elf/lib/mno-hw-mul/libsmallc.a(lib_a-memcpy.o)
 .bss           0x000000000008a620        0x0 /home/diego/intelFPGA_lite/20.1/nios2eds/bin/gnu/H-x86_64-pc-linux-gnu/bin/../lib/gcc/nios2-elf/9.2.1/../../../../../H-x86_64-pc-linux-gnu/nios2-elf/lib/mno-hw-mul/libsmallc.a(lib_a-memset.o)
 .bss           0x000000000008a620        0x0 /home/diego/intelFPGA_lite/20.1/nios2eds/bin/gnu/H-x86_64-pc-linux-gnu/bin/../lib/gcc/nios2-elf/9.2.1/../../../../../H-x86_64-pc-linux-gnu/nios2-elf/lib/mno-hw-mul/libsmallc.a(lib_a-nano-freer.o)
 .bss           0x000000000008a620        0x0 /home/diego/intelFPGA_lite/20.1/nios2eds/bin/gnu/H-x86_64-pc-linux-gnu/bin/../lib/gcc/nios2-elf/9.2.1/../../../../../H-x86_64-pc-linux-gnu/nios2-elf/lib/mno-hw-mul/libsmallc.a(lib_a-nano-msizer.o)
 .bss           0x000000000008a620        0x0 /home/diego/intelFPGA_lite/20.1/nios2eds/bin/gnu/H-x86_64-pc-linux-gnu/bin/../lib/gcc/nios2-elf/9.2.1/../../../../../H-x86_64-pc-linux-gnu/nios2-elf/lib/mno-hw-mul/libsmallc.a(lib_a-abort.o)
 .bss           0x000000000008a620        0x0 /home/diego/intelFPGA_lite/20.1/nios2eds/bin/gnu/H-x86_64-pc-linux-gnu/bin/../lib/gcc/nios2-elf/9.2.1/../../../../../H-x86_64-pc-linux-gnu/nios2-elf/lib/mno-hw-mul/libsmallc.a(lib_a-signal.o)
 .bss           0x000000000008a620        0x0 /home/diego/intelFPGA_lite/20.1/nios2eds/bin/gnu/H-x86_64-pc-linux-gnu/bin/../lib/gcc/nios2-elf/9.2.1/../../../../../H-x86_64-pc-linux-gnu/nios2-elf/lib/mno-hw-mul/libsmallc.a(lib_a-signalr.o)
 .bss           0x000000000008a620        0x0 /home/diego/intelFPGA_lite/20.1/nios2eds/bin/gnu/H-x86_64-pc-linux-gnu/bin/../lib/gcc/nios2-elf/9.2.1/mno-hw-mul/libgcc.a(lib2-divmod.o)
 .bss           0x000000000008a620        0x0 /home/diego/intelFPGA_lite/20.1/nios2eds/bin/gnu/H-x86_64-pc-linux-gnu/bin/../lib/gcc/nios2-elf/9.2.1/mno-hw-mul/libgcc.a(adddf3.o)
 .bss           0x000000000008a620        0x0 /home/diego/intelFPGA_lite/20.1/nios2eds/bin/gnu/H-x86_64-pc-linux-gnu/bin/../lib/gcc/nios2-elf/9.2.1/mno-hw-mul/libgcc.a(divdf3.o)
 .bss           0x000000000008a620        0x0 /home/diego/intelFPGA_lite/20.1/nios2eds/bin/gnu/H-x86_64-pc-linux-gnu/bin/../lib/gcc/nios2-elf/9.2.1/mno-hw-mul/libgcc.a(eqdf2.o)
 .bss           0x000000000008a620        0x0 /home/diego/intelFPGA_lite/20.1/nios2eds/bin/gnu/H-x86_64-pc-linux-gnu/bin/../lib/gcc/nios2-elf/9.2.1/mno-hw-mul/libgcc.a(gedf2.o)
 .bss           0x000000000008a620        0x0 /home/diego/intelFPGA_lite/20.1/nios2eds/bin/gnu/H-x86_64-pc-linux-gnu/bin/../lib/gcc/nios2-elf/9.2.1/mno-hw-mul/libgcc.a(ledf2.o)
 .bss           0x000000000008a620        0x0 /home/diego/intelFPGA_lite/20.1/nios2eds/bin/gnu/H-x86_64-pc-linux-gnu/bin/../lib/gcc/nios2-elf/9.2.1/mno-hw-mul/libgcc.a(muldf3.o)
 .bss           0x000000000008a620        0x0 /home/diego/intelFPGA_lite/20.1/nios2eds/bin/gnu/H-x86_64-pc-linux-gnu/bin/../lib/gcc/nios2-elf/9.2.1/mno-hw-mul/libgcc.a(subdf3.o)
 .bss           0x000000000008a620        0x0 /home/diego/intelFPGA_lite/20.1/nios2eds/bin/gnu/H-x86_64-pc-linux-gnu/bin/../lib/gcc/nios2-elf/9.2.1/mno-hw-mul/libgcc.a(fixdfsi.o)
 .bss           0x000000000008a620        0x0 /home/diego/intelFPGA_lite/20.1/nios2eds/bin/gnu/H-x86_64-pc-linux-gnu/bin/../lib/gcc/nios2-elf/9.2.1/mno-hw-mul/libgcc.a(floatsidf.o)
 .bss           0x000000000008a620        0x0 /home/diego/intelFPGA_lite/20.1/nios2eds/bin/gnu/H-x86_64-pc-linux-gnu/bin/../lib/gcc/nios2-elf/9.2.1/mno-hw-mul/libgcc.a(floatunsidf.o)
 .bss           0x000000000008a620        0x0 ../hello_world_bsp//libhal_bsp.a(alt_exit.o)
 .bss           0x000000000008a620        0x0 ../hello_world_bsp//libhal_bsp.a(alt_getpid.o)
 .bss           0x000000000008a620        0x0 ../hello_world_bsp//libhal_bsp.a(alt_kill.o)
 .bss           0x000000000008a620        0x0 ../hello_world_bsp//libhal_bsp.a(alt_load.o)
 .bss           0x000000000008a620        0x0 ../hello_world_bsp//libhal_bsp.a(alt_main.o)
 .bss           0x000000000008a620        0x0 ../hello_world_bsp//libhal_bsp.a(alt_malloc_lock.o)
 .bss           0x000000000008a620        0x0 ../hello_world_bsp//libhal_bsp.a(alt_putstr.o)
 .bss           0x000000000008a620        0x0 ../hello_world_bsp//libhal_bsp.a(alt_sbrk.o)
 .bss           0x000000000008a620        0x0 ../hello_world_bsp//libhal_bsp.a(alt_times.o)
 .bss           0x000000000008a620        0x0 ../hello_world_bsp//libhal_bsp.a(alt_write.o)
 .bss           0x000000000008a620        0x0 ../hello_world_bsp//libhal_bsp.a(alt_sys_init.o)
 .bss           0x000000000008a620        0x0 ../hello_world_bsp//libhal_bsp.a(altera_avalon_jtag_uart_fd.o)
 .bss           0x000000000008a620        0x0 ../hello_world_bsp//libhal_bsp.a(altera_avalon_jtag_uart_read.o)
 .bss           0x000000000008a620        0x0 ../hello_world_bsp//libhal_bsp.a(altera_avalon_jtag_uart_write.o)
 .bss           0x000000000008a620        0x0 ../hello_world_bsp//libhal_bsp.a(altera_avalon_timer_sc.o)
 .bss           0x000000000008a620        0x0 ../hello_world_bsp//libhal_bsp.a(alt_close.o)
 .bss           0x000000000008a620        0x0 ../hello_world_bsp//libhal_bsp.a(alt_dcache_flush_all.o)
 .bss           0x000000000008a620        0x0 ../hello_world_bsp//libhal_bsp.a(alt_dev.o)
 .bss           0x000000000008a620        0x0 ../hello_world_bsp//libhal_bsp.a(alt_dev_llist_insert.o)
 .bss           0x000000000008a620        0x0 ../hello_world_bsp//libhal_bsp.a(alt_do_ctors.o)
 .bss           0x000000000008a620        0x0 ../hello_world_bsp//libhal_bsp.a(alt_do_dtors.o)
 .bss           0x000000000008a620        0x0 ../hello_world_bsp//libhal_bsp.a(alt_errno.o)
 .bss           0x000000000008a620        0x0 ../hello_world_bsp//libhal_bsp.a(alt_icache_flush_all.o)
 .bss           0x000000000008a620        0x0 ../hello_world_bsp//libhal_bsp.a(alt_iic.o)
 .bss           0x000000000008a620        0x0 ../hello_world_bsp//libhal_bsp.a(alt_iic_isr_register.o)
 .bss           0x000000000008a620        0x0 ../hello_world_bsp//libhal_bsp.a(alt_io_redirect.o)
 .bss           0x000000000008a620        0x0 ../hello_world_bsp//libhal_bsp.a(alt_irq_entry.o)
 .bss           0x000000000008a620        0x0 ../hello_world_bsp//libhal_bsp.a(alt_irq_handler.o)
 .bss           0x000000000008a620        0x0 ../hello_world_bsp//libhal_bsp.a(alt_irq_vars.o)
 .bss           0x000000000008a620        0x0 ../hello_world_bsp//libhal_bsp.a(alt_open.o)
 .bss           0x000000000008a620        0x0 ../hello_world_bsp//libhal_bsp.a(alt_release_fd.o)
 .bss           0x000000000008a620        0x0 ../hello_world_bsp//libhal_bsp.a(alt_tick.o)
 .bss           0x000000000008a620        0x0 ../hello_world_bsp//libhal_bsp.a(altera_nios2_gen2_irq.o)
 .bss           0x000000000008a620        0x0 ../hello_world_bsp//libhal_bsp.a(alt_exception_entry.o)
 .bss           0x000000000008a620        0x0 ../hello_world_bsp//libhal_bsp.a(alt_find_dev.o)
 .bss           0x000000000008a620        0x0 ../hello_world_bsp//libhal_bsp.a(alt_find_file.o)
 .bss           0x000000000008a620        0x0 ../hello_world_bsp//libhal_bsp.a(alt_get_fd.o)
 .bss           0x000000000008a620        0x0 ../hello_world_bsp//libhal_bsp.a(alt_icache_flush.o)
 .bss           0x000000000008a620        0x0 ../hello_world_bsp//libhal_bsp.a(alt_instruction_exception_entry.o)
 .bss           0x000000000008a620        0x0 /home/diego/intelFPGA_lite/20.1/nios2eds/bin/gnu/H-x86_64-pc-linux-gnu/bin/../lib/gcc/nios2-elf/9.2.1/../../../../../H-x86_64-pc-linux-gnu/nios2-elf/lib/mno-hw-mul/libsmallc.a(lib_a-atexit.o)
 .bss           0x000000000008a620        0x0 /home/diego/intelFPGA_lite/20.1/nios2eds/bin/gnu/H-x86_64-pc-linux-gnu/bin/../lib/gcc/nios2-elf/9.2.1/../../../../../H-x86_64-pc-linux-gnu/nios2-elf/lib/mno-hw-mul/libsmallc.a(lib_a-exit.o)
 .bss           0x000000000008a620        0x0 /home/diego/intelFPGA_lite/20.1/nios2eds/bin/gnu/H-x86_64-pc-linux-gnu/bin/../lib/gcc/nios2-elf/9.2.1/../../../../../H-x86_64-pc-linux-gnu/nios2-elf/lib/mno-hw-mul/libsmallc.a(lib_a-fputs.o)
 .bss           0x000000000008a620        0x0 /home/diego/intelFPGA_lite/20.1/nios2eds/bin/gnu/H-x86_64-pc-linux-gnu/bin/../lib/gcc/nios2-elf/9.2.1/../../../../../H-x86_64-pc-linux-gnu/nios2-elf/lib/mno-hw-mul/libsmallc.a(lib_a-memcmp.o)
 .bss           0x000000000008a620        0x0 /home/diego/intelFPGA_lite/20.1/nios2eds/bin/gnu/H-x86_64-pc-linux-gnu/bin/../lib/gcc/nios2-elf/9.2.1/../../../../../H-x86_64-pc-linux-gnu/nios2-elf/lib/mno-hw-mul/libsmallc.a(lib_a-__atexit.o)
 .bss           0x000000000008a620        0x0 /home/diego/intelFPGA_lite/20.1/nios2eds/bin/gnu/H-x86_64-pc-linux-gnu/bin/../lib/gcc/nios2-elf/9.2.1/../../../../../H-x86_64-pc-linux-gnu/nios2-elf/lib/mno-hw-mul/libsmallc.a(lib_a-__call_atexit.o)
 *(COMMON)
 COMMON         0x000000000008a620      0x100 ../hello_world_bsp//libhal_bsp.a(alt_irq_handler.o)
                0x000000000008a620                alt_irq
                0x000000000008a720                . = ALIGN (0x4)
                0x000000000008a720                __bss_end = ABSOLUTE (.)

.onchip_mem     0x000000000008a720        0x0
                [!provide]                        PROVIDE (_alt_partition_onchip_mem_start = ABSOLUTE (.))
 *(.onchip_mem .onchip_mem. onchip_mem.*)
                0x000000000008a720                . = ALIGN (0x4)
                [!provide]                        PROVIDE (_alt_partition_onchip_mem_end = ABSOLUTE (.))
                0x000000000008a720                _end = ABSOLUTE (.)
                0x000000000008a720                end = ABSOLUTE (.)
                0x000000000008a720                __alt_stack_base = ABSOLUTE (.)
                [!provide]                        PROVIDE (_alt_partition_onchip_mem_load_addr = LOADADDR (.onchip_mem))

.stab
 *(.stab)

.stabstr
 *(.stabstr)

.stab.excl
 *(.stab.excl)

.stab.exclstr
 *(.stab.exclstr)

.stab.index
 *(.stab.index)

.stab.indexstr
 *(.stab.indexstr)

.comment        0x0000000000000000       0x2c
 *(.comment)
 .comment       0x0000000000000000       0x2c obj/default/hello_world.o
                                         0x2d (size before relaxing)
 .comment       0x000000000000002c       0x2d /home/diego/intelFPGA_lite/20.1/nios2eds/bin/gnu/H-x86_64-pc-linux-gnu/bin/../lib/gcc/nios2-elf/9.2.1/mno-hw-mul/libgcc.a(addsf3.o)
 .comment       0x000000000000002c       0x2d /home/diego/intelFPGA_lite/20.1/nios2eds/bin/gnu/H-x86_64-pc-linux-gnu/bin/../lib/gcc/nios2-elf/9.2.1/mno-hw-mul/libgcc.a(divsf3.o)
 .comment       0x000000000000002c       0x2d /home/diego/intelFPGA_lite/20.1/nios2eds/bin/gnu/H-x86_64-pc-linux-gnu/bin/../lib/gcc/nios2-elf/9.2.1/mno-hw-mul/libgcc.a(mulsf3.o)
 .comment       0x000000000000002c       0x2d /home/diego/intelFPGA_lite/20.1/nios2eds/bin/gnu/H-x86_64-pc-linux-gnu/bin/../lib/gcc/nios2-elf/9.2.1/mno-hw-mul/libgcc.a(fixsfsi.o)
 .comment       0x000000000000002c       0x2d /home/diego/intelFPGA_lite/20.1/nios2eds/bin/gnu/H-x86_64-pc-linux-gnu/bin/../lib/gcc/nios2-elf/9.2.1/mno-hw-mul/libgcc.a(floatunsisf.o)
 .comment       0x000000000000002c       0x2d /home/diego/intelFPGA_lite/20.1/nios2eds/bin/gnu/H-x86_64-pc-linux-gnu/bin/../lib/gcc/nios2-elf/9.2.1/mno-hw-mul/libgcc.a(extendsfdf2.o)
 .comment       0x000000000000002c       0x2d /home/diego/intelFPGA_lite/20.1/nios2eds/bin/gnu/H-x86_64-pc-linux-gnu/bin/../lib/gcc/nios2-elf/9.2.1/mno-hw-mul/libgcc.a(_clzsi2.o)
 .comment       0x000000000000002c       0x2d /home/diego/intelFPGA_lite/20.1/nios2eds/bin/gnu/H-x86_64-pc-linux-gnu/bin/../lib/gcc/nios2-elf/9.2.1/mno-hw-mul/libgcc.a(lib2-mul.o)
 .comment       0x000000000000002c       0x2d /home/diego/intelFPGA_lite/20.1/nios2eds/bin/gnu/H-x86_64-pc-linux-gnu/bin/../lib/gcc/nios2-elf/9.2.1/mno-hw-mul/libgcc.a(_clz.o)
 .comment       0x000000000000002c       0x2d /home/diego/intelFPGA_lite/20.1/nios2eds/bin/gnu/H-x86_64-pc-linux-gnu/bin/../lib/gcc/nios2-elf/9.2.1/../../../../../H-x86_64-pc-linux-gnu/nios2-elf/lib/mno-hw-mul/libsmallc.a(lib_a-efgcvt.o)
 .comment       0x000000000000002c       0x2d /home/diego/intelFPGA_lite/20.1/nios2eds/bin/gnu/H-x86_64-pc-linux-gnu/bin/../lib/gcc/nios2-elf/9.2.1/../../../../../H-x86_64-pc-linux-gnu/nios2-elf/lib/mno-hw-mul/libsmallc.a(lib_a-impure.o)
 .comment       0x000000000000002c       0x2d /home/diego/intelFPGA_lite/20.1/nios2eds/bin/gnu/H-x86_64-pc-linux-gnu/bin/../lib/gcc/nios2-elf/9.2.1/../../../../../H-x86_64-pc-linux-gnu/nios2-elf/lib/mno-hw-mul/libsmallc.a(lib_a-printf.o)
 .comment       0x000000000000002c       0x2d /home/diego/intelFPGA_lite/20.1/nios2eds/bin/gnu/H-x86_64-pc-linux-gnu/bin/../lib/gcc/nios2-elf/9.2.1/../../../../../H-x86_64-pc-linux-gnu/nios2-elf/lib/mno-hw-mul/libsmallc.a(lib_a-puts.o)
 .comment       0x000000000000002c       0x2d /home/diego/intelFPGA_lite/20.1/nios2eds/bin/gnu/H-x86_64-pc-linux-gnu/bin/../lib/gcc/nios2-elf/9.2.1/../../../../../H-x86_64-pc-linux-gnu/nios2-elf/lib/mno-hw-mul/libsmallc.a(lib_a-strlen.o)
 .comment       0x000000000000002c       0x2d /home/diego/intelFPGA_lite/20.1/nios2eds/bin/gnu/H-x86_64-pc-linux-gnu/bin/../lib/gcc/nios2-elf/9.2.1/../../../../../H-x86_64-pc-linux-gnu/nios2-elf/lib/mno-hw-mul/libsmallc.a(lib_a-vfprintf.o)
 .comment       0x000000000000002c       0x2d /home/diego/intelFPGA_lite/20.1/nios2eds/bin/gnu/H-x86_64-pc-linux-gnu/bin/../lib/gcc/nios2-elf/9.2.1/../../../../../H-x86_64-pc-linux-gnu/nios2-elf/lib/mno-hw-mul/libsmallc.a(lib_a-ecvtbuf.o)
 .comment       0x000000000000002c       0x2d /home/diego/intelFPGA_lite/20.1/nios2eds/bin/gnu/H-x86_64-pc-linux-gnu/bin/../lib/gcc/nios2-elf/9.2.1/../../../../../H-x86_64-pc-linux-gnu/nios2-elf/lib/mno-hw-mul/libsmallc.a(lib_a-fvwrite_small_dev.o)
 .comment       0x000000000000002c       0x2d /home/diego/intelFPGA_lite/20.1/nios2eds/bin/gnu/H-x86_64-pc-linux-gnu/bin/../lib/gcc/nios2-elf/9.2.1/../../../../../H-x86_64-pc-linux-gnu/nios2-elf/lib/mno-hw-mul/libsmallc.a(lib_a-mprec.o)